Component: ARM Compiler 5.06 update 7 (build 960) Tool: armlink [4d3601]

==============================================================================

Section Cross References

    uart_polling.o(i.putc) refers to uart_polling.o(i.uart_put_string) for uart_put_string
    uart_polling.o(i.putc) refers to uart_polling.o(i.uart_put_char) for uart_put_char
    uart_polling.o(i.uart_put_string) refers to uart_polling.o(i.uart_put_char) for uart_put_char
    uart_irq.o(i.UART0_IRQHandler) refers to k_msg.o(i.k_send_msg_nb) for k_send_msg_nb
    uart_irq.o(i.UART0_IRQHandler) refers to printf.o(i.tfp_printf) for tfp_printf
    uart_irq.o(i.UART0_IRQHandler) refers to k_msg.o(i.k_recv_msg_nb) for k_recv_msg_nb
    uart_irq.o(i.UART0_IRQHandler) refers to k_task.o(i.k_tsk_yield) for k_tsk_yield
    uart_irq.o(i.UART0_IRQHandler) refers to uart_irq.o(.data) for g_send_char
    uart_irq.o(i.UART0_IRQHandler) refers to uart_irq.o(.bss) for g_send_buf
    uart_irq.o(i.uart_irq_init) refers to uart_irq.o(i.__NVIC_SetPriority) for __NVIC_SetPriority
    uart_irq.o(i.uart_irq_init) refers to uart_irq.o(i.__NVIC_EnableIRQ) for __NVIC_EnableIRQ
    timer.o(i.TIMER0_IRQHandler) refers to timer.o(.data) for g_timer_count
    timer.o(i.timer_irq_init) refers to timer.o(.data) for g_timer_count
    hal.o(i.SVC_Handler) refers to k_rtx_init.o(i.k_rtx_init) for k_rtx_init
    hal.o(i.SVC_Handler) refers to k_mem.o(i.k_mpool_alloc) for k_mpool_alloc
    hal.o(i.SVC_Handler) refers to k_mem.o(i.k_mpool_dealloc) for k_mpool_dealloc
    hal.o(i.SVC_Handler) refers to k_mem.o(i.k_mpool_dump) for k_mpool_dump
    hal.o(i.SVC_Handler) refers to k_task.o(i.k_tsk_create) for k_tsk_create
    hal.o(i.SVC_Handler) refers to k_task.o(i.k_tsk_exit) for k_tsk_exit
    hal.o(i.SVC_Handler) refers to k_task.o(i.k_tsk_yield) for k_tsk_yield
    hal.o(i.SVC_Handler) refers to k_task.o(i.k_tsk_set_prio) for k_tsk_set_prio
    hal.o(i.SVC_Handler) refers to k_task.o(i.k_tsk_get) for k_tsk_get
    hal.o(i.SVC_Handler) refers to k_task.o(i.k_tsk_gettid) for k_tsk_gettid
    hal.o(i.SVC_Handler) refers to k_task.o(i.k_tsk_ls) for k_tsk_ls
    hal.o(i.SVC_Handler) refers to k_msg.o(i.k_mbx_create) for k_mbx_create
    hal.o(i.SVC_Handler) refers to k_msg.o(i.k_send_msg) for k_send_msg
    hal.o(i.SVC_Handler) refers to k_msg.o(i.k_send_msg_nb) for k_send_msg_nb
    hal.o(i.SVC_Handler) refers to k_msg.o(i.k_recv_msg) for k_recv_msg
    hal.o(i.SVC_Handler) refers to k_msg.o(i.k_recv_msg_nb) for k_recv_msg_nb
    hal.o(i.SVC_Handler) refers to k_msg.o(i.k_mbx_ls) for k_mbx_ls
    hal.o(i.SVC_Handler) refers to k_msg.o(i.k_mbx_get) for k_mbx_get
    hal.o(i.SVC_Handler) refers to k_task.o(i.k_rt_tsk_set) for k_rt_tsk_set
    hal.o(i.SVC_Handler) refers to k_task.o(i.k_rt_tsk_susp) for k_rt_tsk_susp
    hal.o(i.SVC_Handler) refers to k_task.o(i.k_rt_tsk_get) for k_rt_tsk_get
    k_mem.o(i.checkMemAllocated) refers to k_mem.o(i.computeBitArrayIndex) for computeBitArrayIndex
    k_mem.o(i.checkMemAllocated) refers to k_mem.o(.bss) for memory_bit_array
    k_mem.o(i.computeBitArrayIndex) refers to k_mem.o(i.pow2) for pow2
    k_mem.o(i.computeMemBlkAddress) refers to k_mem.o(i.pow2) for pow2
    k_mem.o(i.k_alloc_k_stack) refers to k_rtx_init.o(.data) for errno
    k_mem.o(i.k_alloc_k_stack) refers to k_mem.o(.data) for g_k_stacks
    k_mem.o(i.k_alloc_p_stack) refers to k_rtx_init.o(.data) for errno
    k_mem.o(i.k_alloc_p_stack) refers to k_mem.o(.bss) for g_p_stacks
    k_mem.o(i.k_mem_init) refers to k_mem.o(i.k_mpool_create) for k_mpool_create
    k_mem.o(i.k_mpool_alloc) refers to k_mem.o(i.findNextK) for findNextK
    k_mem.o(i.k_mpool_alloc) refers to k_mem.o(i.expoToLevel) for expoToLevel
    k_mem.o(i.k_mpool_alloc) refers to k_mem.o(i.markMemAllocated) for markMemAllocated
    k_mem.o(i.k_mpool_alloc) refers to k_mem.o(i.topDownTraverseFreeLists) for topDownTraverseFreeLists
    k_mem.o(i.k_mpool_alloc) refers to k_rtx_init.o(.data) for errno
    k_mem.o(i.k_mpool_alloc) refers to k_mem.o(.bss) for mem_pool_1_heads
    k_mem.o(i.k_mpool_create) refers to k_rtx_init.o(.data) for errno
    k_mem.o(i.k_mpool_create) refers to k_mem.o(.bss) for mem_pool_1_heads
    k_mem.o(i.k_mpool_dealloc) refers to k_mem.o(i.checkMemAllocated) for checkMemAllocated
    k_mem.o(i.k_mpool_dealloc) refers to k_mem.o(i.markMemFree) for markMemFree
    k_mem.o(i.k_mpool_dealloc) refers to k_mem.o(i.computeBuddyLevelIndex) for computeBuddyLevelIndex
    k_mem.o(i.k_mpool_dealloc) refers to k_mem.o(i.pow2) for pow2
    k_mem.o(i.k_mpool_dealloc) refers to k_rtx_init.o(.data) for errno
    k_mem.o(i.k_mpool_dealloc) refers to k_mem.o(.bss) for mem_pool_1_heads
    k_mem.o(i.k_mpool_dump) refers to k_mem.o(i.printFreeList) for printFreeList
    k_mem.o(i.k_mpool_dump) refers to printf.o(i.tfp_printf) for tfp_printf
    k_mem.o(i.k_mpool_dump) refers to k_mem.o(.bss) for mem_pool_1_heads
[...]
    defsig.o(CL$$defsig) refers to defsig_fpe_inner.o(.text) for __rt_SIGFPE_inner
    defsig.o(CL$$defsig) refers to defsig_rtmem_inner.o(.text) for __rt_SIGRTMEM_inner
    _get_argv_nomalloc.o(.text) refers (Special) to hrguard.o(.text) for __heap_region$guard
    _get_argv_nomalloc.o(.text) refers to defsig_rtmem_outer.o(.text) for __rt_SIGRTMEM
    _get_argv_nomalloc.o(.text) refers to sys_command.o(.text) for _sys_command_string
    libshutdown.o(.ARM.Collect$$libshutdown$$00000000) refers (Special) to libshutdown2.o(.ARM.Collect$$libshutdown$$00000004) for __rt_lib_shutdown_cpp_1
    libshutdown.o(.ARM.Collect$$libshutdown$$00000000) refers (Special) to libshutdown2.o(.ARM.Collect$$libshutdown$$00000002) for __rt_lib_shutdown_fini_1
    libshutdown.o(.ARM.Collect$$libshutdown$$00000000) refers (Special) to libshutdown2.o(.ARM.Collect$$libshutdown$$00000009) for __rt_lib_shutdown_fp_trap_1
    libshutdown.o(.ARM.Collect$$libshutdown$$00000000) refers (Special) to libshutdown2.o(.ARM.Collect$$libshutdown$$00000011) for __rt_lib_shutdown_heap_1
    libshutdown.o(.ARM.Collect$$libshutdown$$00000000) refers (Special) to libshutdown2.o(.ARM.Collect$$libshutdown$$00000012) for __rt_lib_shutdown_return
    libshutdown.o(.ARM.Collect$$libshutdown$$00000000) refers (Special) to libshutdown2.o(.ARM.Collect$$libshutdown$$0000000C) for __rt_lib_shutdown_signal_1
    libshutdown.o(.ARM.Collect$$libshutdown$$00000000) refers (Special) to libshutdown2.o(.ARM.Collect$$libshutdown$$00000006) for __rt_lib_shutdown_stdio_1
    libshutdown.o(.ARM.Collect$$libshutdown$$00000000) refers (Special) to libshutdown2.o(.ARM.Collect$$libshutdown$$0000000E) for __rt_lib_shutdown_user_alloc_1
    sys_command.o(.text) refers (Special) to use_no_semi.o(.text) for __I$use$semihosting
    sys_command.o(.text) refers (Special) to indicate_semi.o(.text) for __semihosting_library_function
    defsig_abrt_inner.o(.text) refers to defsig_general.o(.text) for __default_signal_display
    defsig_rtred_inner.o(.text) refers to defsig_general.o(.text) for __default_signal_display
    defsig_rtmem_inner.o(.text) refers to defsig_general.o(.text) for __default_signal_display
    defsig_rtmem_outer.o(.text) refers to defsig_rtmem_inner.o(.text) for __rt_SIGRTMEM_inner
    defsig_rtmem_outer.o(.text) refers to defsig_exit.o(.text) for __sig_exit
    defsig_rtmem_formal.o(.text) refers to rt_raise.o(.text) for __rt_raise
    defsig_stak_inner.o(.text) refers to defsig_general.o(.text) for __default_signal_display
    defsig_pvfn_inner.o(.text) refers to defsig_general.o(.text) for __default_signal_display
    defsig_cppl_inner.o(.text) refers to defsig_general.o(.text) for __default_signal_display
    defsig_segv_inner.o(.text) refers to defsig_general.o(.text) for __default_signal_display
    defsig_other.o(.text) refers to defsig_general.o(.text) for __default_signal_display


==============================================================================

Removing Unused input sections from the image.

    Removing uart_polling.o(.rev16_text), (4 bytes).
    Removing uart_polling.o(.revsh_text), (4 bytes).
    Removing uart_polling.o(.rrx_text), (6 bytes).
    Removing uart_polling.o(i.uart_get_char), (48 bytes).
    Removing uart_irq.o(.rev16_text), (4 bytes).
    Removing uart_irq.o(.revsh_text), (4 bytes).
    Removing uart_irq.o(.rrx_text), (6 bytes).
    Removing timer.o(.rev16_text), (4 bytes).
    Removing timer.o(.revsh_text), (4 bytes).
    Removing timer.o(.rrx_text), (6 bytes).
    Removing timer.o(i.get_tick), (72 bytes).
    Removing timer.o(i.timer_freerun_init), (152 bytes).
    Removing timer.o(i.timer_irq_init), (128 bytes).
    Removing hal.o(.rev16_text), (4 bytes).
    Removing hal.o(.revsh_text), (4 bytes).
    Removing hal.o(.rrx_text), (6 bytes).
    Removing k_mem.o(.rev16_text), (4 bytes).
    Removing k_mem.o(.revsh_text), (4 bytes).
    Removing k_mem.o(.rrx_text), (6 bytes).
    Removing k_mem.o(i.computeMemBlkAddress), (64 bytes).
    Removing k_mem.o(.constdata), (8 bytes).
    Removing k_msg.o(.rev16_text), (4 bytes).
    Removing k_msg.o(.revsh_text), (4 bytes).
    Removing k_msg.o(.rrx_text), (6 bytes).
    Removing k_rtx_init.o(.rev16_text), (4 bytes).
    Removing k_rtx_init.o(.revsh_text), (4 bytes).
    Removing k_rtx_init.o(.rrx_text), (6 bytes).
    Removing k_rtx_init.o(i.k_get_sys_info), (6 bytes).
    Removing k_task.o(.rev16_text), (4 bytes).
    Removing k_task.o(.revsh_text), (4 bytes).
    Removing k_task.o(.rrx_text), (6 bytes).
    Removing queue.o(i.queue_init), (28 bytes).
    Removing queue.o(i.queue_isEmpty), (14 bytes).
    Removing queue.o(i.queue_isFull), (18 bytes).
    Removing queue.o(i.queue_peak), (14 bytes).
    Removing queue.o(i.queue_pop), (68 bytes).
    Removing queue.o(i.queue_push_back), (38 bytes).
    Removing cdisp_task.o(.rev16_text), (4 bytes).
    Removing cdisp_task.o(.revsh_text), (4 bytes).
    Removing cdisp_task.o(.rrx_text), (6 bytes).
    Removing kcd_task.o(.rev16_text), (4 bytes).
    Removing kcd_task.o(.revsh_text), (4 bytes).
    Removing kcd_task.o(.rrx_text), (6 bytes).
    Removing null_task.o(.rev16_text), (4 bytes).
    Removing null_task.o(.revsh_text), (4 bytes).
    Removing null_task.o(.rrx_text), (6 bytes).
    Removing wall_clock_task.o(i.task_wall_clock), (2 bytes).
    Removing system_lpc17xx.o(.rev16_text), (4 bytes).
    Removing system_lpc17xx.o(.revsh_text), (4 bytes).
    Removing system_lpc17xx.o(.rrx_text), (6 bytes).
    Removing system_lpc17xx.o(i.SystemCoreClockUpdate), (424 bytes).
    Removing system_lpc17xx.o(.data), (4 bytes).
    Removing main.o(.rev16_text), (4 bytes).
    Removing main.o(.revsh_text), (4 bytes).

54 unused section(s) (total 1264 bytes) removed from the image.

==============================================================================

Image Symbol Table

    Local Symbols

    Symbol Name                              Value     Ov Type        Size  Object(Section)

    RESET                                    0x00000000   Section      204  startup_lpc17xx.o(RESET)
    ../clib/angel/boardlib.s                 0x00000000   Number         0  boardinit2.o ABSOLUTE
    ../clib/angel/boardlib.s                 0x00000000   Number         0  boardinit3.o ABSOLUTE
    ../clib/angel/boardlib.s                 0x00000000   Number         0  boardinit1.o ABSOLUTE
    ../clib/angel/boardlib.s                 0x00000000   Number         0  boardshut.o ABSOLUTE
    ../clib/angel/handlers.s                 0x00000000   Number         0  __scatter_zi.o ABSOLUTE
    ../clib/angel/handlers.s                 0x00000000   Number         0  __scatter_copy.o ABSOLUTE
    ../clib/angel/kernel.s                   0x00000000   Number         0  __rtentry2.o ABSOLUTE
    ../clib/angel/kernel.s                   0x00000000   Number         0  rtexit2.o ABSOLUTE
    ../clib/angel/kernel.s                   0x00000000   Number         0  rtexit.o ABSOLUTE
    ../clib/angel/kernel.s                   0x00000000   Number         0  __rtentry4.o ABSOLUTE
    ../clib/angel/kernel.s                   0x00000000   Number         0  __rtentry.o ABSOLUTE
    ../clib/angel/rt.s                       0x00000000   Number         0  aeabi_ldiv0.o ABSOLUTE
    ../clib/angel/rt.s                       0x00000000   Number         0  rt_raise.o ABSOLUTE
    ../clib/angel/rt.s                       0x00000000   Number         0  rt_div0.o ABSOLUTE
    ../clib/angel/rt.s                       0x00000000   Number         0  aeabi_ldiv0_sigfpe.o ABSOLUTE
    ../clib/angel/scatter.s                  0x00000000   Number         0  __scatter.o ABSOLUTE
    ../clib/angel/startup.s                  0x00000000   Number         0  __main.o ABSOLUTE
    ../clib/angel/sys.s                      0x00000000   Number         0  libspace.o ABSOLUTE
    ../clib/angel/sys.s                      0x00000000   Number         0  indicate_semi.o ABSOLUTE
    ../clib/angel/sys.s                      0x00000000   Number         0  use_no_semi.o ABSOLUTE
    ../clib/angel/sys.s                      0x00000000   Number         0  sys_stackheap_outer.o ABSOLUTE
    ../clib/angel/sysapp.c                   0x00000000   Number         0  sys_command.o ABSOLUTE
    ../clib/angel/sysapp.c                   0x00000000   Number         0  sys_wrch.o ABSOLUTE
    ../clib/angel/sysapp.c                   0x00000000   Number         0  sys_exit.o ABSOLUTE
    ../clib/armsys.c                         0x00000000   Number         0  argv_veneer.o ABSOLUTE
    ../clib/armsys.c                         0x00000000   Number         0  argv_veneer.o ABSOLUTE
    ../clib/armsys.c                         0x00000000   Number         0  _get_argv_nomalloc.o ABSOLUTE
    ../clib/armsys.c                         0x00000000   Number         0  no_argv.o ABSOLUTE
    ../clib/heapalloc.c                      0x00000000   Number         0  hrguard.o ABSOLUTE
    ../clib/heapaux.c                        0x00000000   Number         0  heapauxi.o ABSOLUTE
    ../clib/libinit.s                        0x00000000   Number         0  libshutdown.o ABSOLUTE
    ../clib/libinit.s                        0x00000000   Number         0  libinit.o ABSOLUTE
    ../clib/libinit.s                        0x00000000   Number         0  libshutdown2.o ABSOLUTE
    ../clib/libinit.s                        0x00000000   Number         0  libinit2.o ABSOLUTE
    ../clib/longlong.s                       0x00000000   Number         0  lludivv7m.o ABSOLUTE
    ../clib/memcpset.s                       0x00000000   Number         0  rt_memcpy_w.o ABSOLUTE
    ../clib/signal.c                         0x00000000   Number         0  defsig_rtmem_formal.o ABSOLUTE
    ../clib/signal.c                         0x00000000   Number         0  defsig_stak_inner.o ABSOLUTE
    ../clib/signal.c                         0x00000000   Number         0  defsig_fpe_outer.o ABSOLUTE
    ../clib/signal.c                         0x00000000   Number         0  defsig_pvfn_inner.o ABSOLUTE
    ../clib/signal.c                         0x00000000   Number         0  defsig_general.o ABSOLUTE
    ../clib/signal.c                         0x00000000   Number         0  __raise.o ABSOLUTE
    ../clib/signal.c                         0x00000000   Number         0  defsig_cppl_inner.o ABSOLUTE
    ../clib/signal.c                         0x00000000   Number         0  defsig_fpe_formal.o ABSOLUTE
    ../clib/signal.c                         0x00000000   Number         0  defsig_other.o ABSOLUTE
    ../clib/signal.c                         0x00000000   Number         0  defsig_fpe_inner.o ABSOLUTE
    ../clib/signal.c                         0x00000000   Number         0  defsig_exit.o ABSOLUTE
    ../clib/signal.c                         0x00000000   Number         0  defsig_rtred_inner.o ABSOLUTE
    ../clib/signal.c                         0x00000000   Number         0  defsig_segv_inner.o ABSOLUTE
    ../clib/signal.c                         0x00000000   Number         0  defsig_rtmem_inner.o ABSOLUTE
    ../clib/signal.c                         0x00000000   Number         0  defsig_abrt_inner.o ABSOLUTE
    ../clib/signal.c                         0x00000000   Number         0  defsig_rtmem_outer.o ABSOLUTE
    ../clib/signal.s                         0x00000000   Number         0  defsig.o ABSOLUTE
    ../clib/stdlib.c                         0x00000000   Number         0  exit.o ABSOLUTE
    ../fplib/fpinit.s                        0x00000000   Number         0  fpinit.o ABSOLUTE
    RTE\Device\LPC1768\startup_LPC17xx.s     0x00000000   Number         0  startup_lpc17xx.o ABSOLUTE
    RTE\Device\LPC1768\system_LPC17xx.c      0x00000000   Number         0  system_lpc17xx.o ABSOLUTE
    RTE\\Device\\LPC1768\\system_LPC17xx.c   0x00000000   Number         0  system_lpc17xx.o ABSOLUTE
    dc.s                                     0x00000000   Number         0  dc.o ABSOLUTE
    src\\bsp\\LPC1768\\timer.c               0x00000000   Number         0  timer.o ABSOLUTE
    src\\bsp\\LPC1768\\uart_irq.c            0x00000000   Number         0  uart_irq.o ABSOLUTE
    src\\bsp\\LPC1768\\uart_polling.c        0x00000000   Number         0  uart_polling.o ABSOLUTE
    src\\kernel\\HAL.c                       0x00000000   Number         0  hal.o ABSOLUTE
    src\\kernel\\k_mem.c                     0x00000000   Number         0  k_mem.o ABSOLUTE
    src\\kernel\\k_msg.c                     0x00000000   Number         0  k_msg.o ABSOLUTE
    src\\kernel\\k_rtx_init.c                0x00000000   Number         0  k_rtx_init.o ABSOLUTE
    src\\kernel\\k_task.c                    0x00000000   Number         0  k_task.o ABSOLUTE
    src\\main.c                              0x00000000   Number         0  main.o ABSOLUTE
    src\\tasks\\cdisp_task.c                 0x00000000   Number         0  cdisp_task.o ABSOLUTE
    src\\tasks\\kcd_task.c                   0x00000000   Number         0  kcd_task.o ABSOLUTE
    src\\tasks\\null_task.c                  0x00000000   Number         0  null_task.o ABSOLUTE
    src\ae\ae.c                              0x00000000   Number         0  ae.o ABSOLUTE
    src\ae\ae_tasks77_G27.c.c                0x00000000   Number         0  ae_tasks77_g27.c.o ABSOLUTE
    src\ae\ae_util.c                         0x00000000   Number         0  ae_util.o ABSOLUTE
    src\bsp\LPC1768\timer.c                  0x00000000   Number         0  timer.o ABSOLUTE
    src\bsp\LPC1768\uart_irq.c               0x00000000   Number         0  uart_irq.o ABSOLUTE
    src\bsp\LPC1768\uart_polling.c           0x00000000   Number         0  uart_polling.o ABSOLUTE
    src\kernel\HAL.c                         0x00000000   Number         0  hal.o ABSOLUTE
    src\kernel\k_mem.c                       0x00000000   Number         0  k_mem.o ABSOLUTE
    src\kernel\k_msg.c                       0x00000000   Number         0  k_msg.o ABSOLUTE
    src\kernel\k_rtx_init.c                  0x00000000   Number         0  k_rtx_init.o ABSOLUTE
    src\kernel\k_task.c                      0x00000000   Number         0  k_task.o ABSOLUTE
    src\kernel\queue.c                       0x00000000   Number         0  queue.o ABSOLUTE
    src\libu\printf.c                        0x00000000   Number         0  printf.o ABSOLUTE
    src\main.c                               0x00000000   Number         0  main.o ABSOLUTE
    src\tasks\cdisp_task.c                   0x00000000   Number         0  cdisp_task.o ABSOLUTE
    src\tasks\kcd_task.c                     0x00000000   Number         0  kcd_task.o ABSOLUTE
    src\tasks\null_task.c                    0x00000000   Number         0  null_task.o ABSOLUTE
    src\tasks\wall_clock_task.c              0x00000000   Number         0  wall_clock_task.o ABSOLUTE
    !!!main                                  0x000000cc   Section        8  __main.o(!!!main)
    !!!scatter                               0x000000d4   Section       52  __scatter.o(!!!scatter)
    !!handler_copy                           0x00000108   Section       26  __scatter_copy.o(!!handler_copy)
    !!handler_zi                             0x00000124   Section       28  __scatter_zi.o(!!handler_zi)
    .ARM.Collect$$libinit$$00000000          0x00000140   Section        2  libinit.o(.ARM.Collect$$libinit$$00000000)
    .ARM.Collect$$libinit$$00000002          0x00000142   Section        0  libinit2.o(.ARM.Collect$$libinit$$00000002)
    .ARM.Collect$$libinit$$00000004          0x00000142   Section        0  libinit2.o(.ARM.Collect$$libinit$$00000004)
    .ARM.Collect$$libinit$$0000000A          0x00000142   Section        0  libinit2.o(.ARM.Collect$$libinit$$0000000A)
    .ARM.Collect$$libinit$$0000000C          0x00000142   Section        0  libinit2.o(.ARM.Collect$$libinit$$0000000C)
    .ARM.Collect$$libinit$$0000000E          0x00000142   Section        0  libinit2.o(.ARM.Collect$$libinit$$0000000E)
    .ARM.Collect$$libinit$$00000011          0x00000142   Section        0  libinit2.o(.ARM.Collect$$libinit$$00000011)
    .ARM.Collect$$libinit$$00000013          0x00000142   Section        0  libinit2.o(.ARM.Collect$$libinit$$00000013)
    .ARM.Collect$$libinit$$00000015          0x00000142   Section        0  libinit2.o(.ARM.Collect$$libinit$$00000015)
    .ARM.Collect$$libinit$$00000017          0x00000142   Section        0  libinit2.o(.ARM.Collect$$libinit$$00000017)
    .ARM.Collect$$libinit$$00000019          0x00000142   Section        0  libinit2.o(.ARM.Collect$$libinit$$00000019)
    .ARM.Collect$$libinit$$0000001B          0x00000142   Section        0  libinit2.o(.ARM.Collect$$libinit$$0000001B)
    .ARM.Collect$$libinit$$0000001D          0x00000142   Section        0  libinit2.o(.ARM.Collect$$libinit$$0000001D)
    .ARM.Collect$$libinit$$0000001F          0x00000142   Section        0  libinit2.o(.ARM.Collect$$libinit$$0000001F)
    .ARM.Collect$$libinit$$00000021          0x00000142   Section        0  libinit2.o(.ARM.Collect$$libinit$$00000021)
    .ARM.Collect$$libinit$$00000023          0x00000142   Section        0  libinit2.o(.ARM.Collect$$libinit$$00000023)
    .ARM.Collect$$libinit$$00000025          0x00000142   Section        0  libinit2.o(.ARM.Collect$$libinit$$00000025)
    .ARM.Collect$$libinit$$0000002C          0x00000142   Section        0  libinit2.o(.ARM.Collect$$libinit$$0000002C)
    .ARM.Collect$$libinit$$0000002E          0x00000142   Section        0  libinit2.o(.ARM.Collect$$libinit$$0000002E)
    .ARM.Collect$$libinit$$00000030          0x00000142   Section        0  libinit2.o(.ARM.Collect$$libinit$$00000030)
    .ARM.Collect$$libinit$$00000032          0x00000142   Section        0  libinit2.o(.ARM.Collect$$libinit$$00000032)
    .ARM.Collect$$libinit$$00000033          0x00000142   Section        2  libinit2.o(.ARM.Collect$$libinit$$00000033)
    .ARM.Collect$$libshutdown$$00000000      0x00000144   Section        2  libshutdown.o(.ARM.Collect$$libshutdown$$00000000)
    .ARM.Collect$$libshutdown$$00000002      0x00000146   Section        0  libshutdown2.o(.ARM.Collect$$libshutdown$$00000002)
    .ARM.Collect$$libshutdown$$00000004      0x00000146   Section        0  libshutdown2.o(.ARM.Collect$$libshutdown$$00000004)
    .ARM.Collect$$libshutdown$$00000006      0x00000146   Section        0  libshutdown2.o(.ARM.Collect$$libshutdown$$00000006)
    .ARM.Collect$$libshutdown$$00000009      0x00000146   Section        0  libshutdown2.o(.ARM.Collect$$libshutdown$$00000009)
    .ARM.Collect$$libshutdown$$0000000C      0x00000146   Section        0  libshutdown2.o(.ARM.Collect$$libshutdown$$0000000C)
    .ARM.Collect$$libshutdown$$0000000E      0x00000146   Section        0  libshutdown2.o(.ARM.Collect$$libshutdown$$0000000E)
    .ARM.Collect$$libshutdown$$00000011      0x00000146   Section        0  libshutdown2.o(.ARM.Collect$$libshutdown$$00000011)
    .ARM.Collect$$libshutdown$$00000012      0x00000146   Section        2  libshutdown2.o(.ARM.Collect$$libshutdown$$00000012)
    .ARM.Collect$$rtentry$$00000000          0x00000148   Section        0  __rtentry.o(.ARM.Collect$$rtentry$$00000000)
    .ARM.Collect$$rtentry$$00000002          0x00000148   Section        0  __rtentry2.o(.ARM.Collect$$rtentry$$00000002)
    .ARM.Collect$$rtentry$$00000004          0x00000148   Section        6  __rtentry4.o(.ARM.Collect$$rtentry$$00000004)
    .ARM.Collect$$rtentry$$00000009          0x0000014e   Section        0  __rtentry2.o(.ARM.Collect$$rtentry$$00000009)
    .ARM.Collect$$rtentry$$0000000A          0x0000014e   Section        4  __rtentry2.o(.ARM.Collect$$rtentry$$0000000A)
    .ARM.Collect$$rtentry$$0000000C          0x00000152   Section        0  __rtentry2.o(.ARM.Collect$$rtentry$$0000000C)
    .ARM.Collect$$rtentry$$0000000D          0x00000152   Section        8  __rtentry2.o(.ARM.Collect$$rtentry$$0000000D)
    .ARM.Collect$$rtexit$$00000000           0x0000015a   Section        2  rtexit.o(.ARM.Collect$$rtexit$$00000000)
    .ARM.Collect$$rtexit$$00000002           0x0000015c   Section        0  rtexit2.o(.ARM.Collect$$rtexit$$00000002)
    .ARM.Collect$$rtexit$$00000003           0x0000015c   Section        4  rtexit2.o(.ARM.Collect$$rtexit$$00000003)
    .ARM.Collect$$rtexit$$00000004           0x00000160   Section        6  rtexit2.o(.ARM.Collect$$rtexit$$00000004)
    .emb_text                                0x00000168   Section        8  hal.o(.emb_text)
    .emb_text                                0x00000170   Section       50  k_task.o(.emb_text)
    .text                                    0x000001a4   Section       60  startup_lpc17xx.o(.text)
    .text                                    0x000001e0   Section        0  heapauxi.o(.text)
    .text                                    0x000001e6   Section       74  sys_stackheap_outer.o(.text)
    .text                                    0x00000230   Section        0  exit.o(.text)
    .text                                    0x00000244   Section        8  libspace.o(.text)
    .text                                    0x0000024c   Section        0  sys_exit.o(.text)
    .text                                    0x00000258   Section        2  use_no_semi.o(.text)
    .text                                    0x0000025a   Section        0  indicate_semi.o(.text)
    i.HardFault_Handler                      0x0000025c   Section        0  ae_util.o(i.HardFault_Handler)
    i.TIMER0_IRQHandler                      0x0000028c   Section        0  timer.o(i.TIMER0_IRQHandler)
    i.__NVIC_EnableIRQ                       0x000002a4   Section        0  uart_irq.o(i.__NVIC_EnableIRQ)
    __NVIC_EnableIRQ                         0x000002a5   Thumb Code    34  uart_irq.o(i.__NVIC_EnableIRQ)
    i.__NVIC_SetPriority                     0x000002c8   Section        0  uart_irq.o(i.__NVIC_SetPriority)
    __NVIC_SetPriority                       0x000002c9   Thumb Code    32  uart_irq.o(i.__NVIC_SetPriority)
    i.ae_exit                                0x000002f0   Section        0  ae.o(i.ae_exit)
    i.k_rt_tsk_set                           0x000002f4   Section        0  k_task.o(i.k_rt_tsk_set)
    .ARM.__at_0x02FC                         0x000002fc   Section        4  startup_lpc17xx.o(.ARM.__at_0x02FC)
    i.SVC_Handler                            0x00000300   Section        0  hal.o(i.SVC_Handler)
    i.SystemInit                             0x00000428   Section        0  system_lpc17xx.o(i.SystemInit)
    i.UART0_IRQHandler                       0x00000568   Section        0  uart_irq.o(i.UART0_IRQHandler)
    i.a2d                                    0x0000069c   Section        0  printf.o(i.a2d)
    a2d                                      0x0000069d   Thumb Code    50  printf.o(i.a2d)
    i.a2i                                    0x000006ce   Section        0  printf.o(i.a2i)
    a2i                                      0x000006cf   Thumb Code    58  printf.o(i.a2i)
    i.ae_init                                0x00000708   Section        0  ae.o(i.ae_init)
    i.ae_set_init_tasks_info                 0x00000738   Section        0  ae.o(i.ae_set_init_tasks_info)
    i.ae_set_sys_info                        0x0000074e   Section        0  ae.o(i.ae_set_sys_info)
    i.checkMemAllocated                      0x00000764   Section        0  k_mem.o(i.checkMemAllocated)
    i.computeBitArrayIndex                   0x00000800   Section        0  k_mem.o(i.computeBitArrayIndex)
    i.computeBuddyLevelIndex                 0x00000812   Section        0  k_mem.o(i.computeBuddyLevelIndex)
    i.count_set_bits                         0x0000082a   Section        0  ae_util.o(i.count_set_bits)
    i.expoToLevel                            0x0000083c   Section        0  k_mem.o(i.expoToLevel)
    i.findNextK                              0x00000876   Section        0  k_mem.o(i.findNextK)
    i.gen_req0                               0x00000894   Section        0  ae_tasks77_g27.c.o(i.gen_req0)
    i.i2a                                    0x000008e0   Section        0  printf.o(i.i2a)
    i2a                                      0x000008e1   Thumb Code    32  printf.o(i.i2a)
    i.ind                                    0x00000900   Section        0  queue.o(i.ind)
    i.init_ae_tsk_test                       0x00000934   Section        0  ae_tasks77_g27.c.o(i.init_ae_tsk_test)
    i.init_printf                            0x000009b0   Section        0  printf.o(i.init_printf)
    i.k_alloc_k_stack                        0x000009c4   Section        0  k_mem.o(i.k_alloc_k_stack)
    i.k_alloc_p_stack                        0x000009f4   Section        0  k_mem.o(i.k_alloc_p_stack)
    i.k_mbx_create                           0x00000a20   Section        0  k_msg.o(i.k_mbx_create)
    i.k_mbx_get                              0x00000a98   Section        0  k_msg.o(i.k_mbx_get)
    i.k_mbx_ls                               0x00000af8   Section        0  k_msg.o(i.k_mbx_ls)
    i.k_mem_init                             0x00000b48   Section        0  k_mem.o(i.k_mem_init)
    i.k_mpool_alloc                          0x00000b88   Section        0  k_mem.o(i.k_mpool_alloc)
    i.k_mpool_create                         0x00000ce8   Section        0  k_mem.o(i.k_mpool_create)
    i.k_mpool_dealloc                        0x00000d8c   Section        0  k_mem.o(i.k_mpool_dealloc)
    i.k_mpool_dump                           0x0000114c   Section        0  k_mem.o(i.k_mpool_dump)
    i.k_pre_rtx_init                         0x000011e0   Section        0  k_rtx_init.o(i.k_pre_rtx_init)
    i.k_recv_msg                             0x00001210   Section        0  k_msg.o(i.k_recv_msg)
    i.k_recv_msg_nb                          0x00001222   Section        0  k_msg.o(i.k_recv_msg_nb)
    i.k_recv_msg_shared                      0x00001234   Section        0  k_msg.o(i.k_recv_msg_shared)
    i.k_rt_tsk_get                           0x000013f4   Section        0  k_task.o(i.k_rt_tsk_get)
    i.k_rt_tsk_susp                          0x0000140e   Section        0  k_task.o(i.k_rt_tsk_susp)
    i.k_rtx_init                             0x00001414   Section        0  k_rtx_init.o(i.k_rtx_init)
    i.k_send_msg                             0x0000144c   Section        0  k_msg.o(i.k_send_msg)
    i.k_send_msg_nb                          0x00001498   Section        0  k_msg.o(i.k_send_msg_nb)
    i.k_send_msg_shared                      0x000014ac   Section        0  k_msg.o(i.k_send_msg_shared)
    i.k_tsk_create                           0x00001674   Section        0  k_task.o(i.k_tsk_create)
    i.k_tsk_create_new                       0x0000176c   Section        0  k_task.o(i.k_tsk_create_new)
    i.k_tsk_exit                             0x00001868   Section        0  k_task.o(i.k_tsk_exit)
    i.k_tsk_get                              0x00001958   Section        0  k_task.o(i.k_tsk_get)
    i.k_tsk_gettid                           0x00001a18   Section        0  k_task.o(i.k_tsk_gettid)
    i.k_tsk_init                             0x00001a24   Section        0  k_task.o(i.k_tsk_init)
    i.k_tsk_init_cdisp                       0x00001b30   Section        0  k_task.o(i.k_tsk_init_cdisp)
    i.k_tsk_init_first                       0x00001b4c   Section        0  k_task.o(i.k_tsk_init_first)
    i.k_tsk_init_kcd                         0x00001b68   Section        0  k_task.o(i.k_tsk_init_kcd)
    i.k_tsk_ls                               0x00001b84   Section        0  k_task.o(i.k_tsk_ls)
    i.k_tsk_run_new                          0x00001be8   Section        0  k_task.o(i.k_tsk_run_new)
    i.k_tsk_set_prio                         0x00001c3c   Section        0  k_task.o(i.k_tsk_set_prio)
    i.k_tsk_yield                            0x00001dfc   Section        0  k_task.o(i.k_tsk_yield)
    i.mailbox_free                           0x00001e5c   Section        0  k_msg.o(i.mailbox_free)
    i.mailbox_init                           0x00001ec8   Section        0  k_msg.o(i.mailbox_init)
    i.mailbox_init_all                       0x00001f04   Section        0  k_msg.o(i.mailbox_init_all)
    i.main                                   0x00001f34   Section        0  main.o(i.main)
    i.markMemAllocated                       0x00001fa4   Section        0  k_mem.o(i.markMemAllocated)
    i.markMemFree                            0x00002050   Section        0  k_mem.o(i.markMemFree)
    i.memcpy                                 0x000020e0   Section        0  k_msg.o(i.memcpy)
    i.peek                                   0x000020f8   Section        0  queue.o(i.peek)
    i.pop                                    0x0000211a   Section        0  queue.o(i.pop)
    i.pow2                                   0x00002162   Section        0  k_mem.o(i.pow2)
    i.pq_init                                0x0000216a   Section        0  queue.o(i.pq_init)
    i.pq_modify_priority                     0x00002188   Section        0  queue.o(i.pq_modify_priority)
    i.pq_push_back                           0x0000220e   Section        0  queue.o(i.pq_push_back)
    i.pq_push_front                          0x00002262   Section        0  queue.o(i.pq_push_front)
    i.printFreeList                          0x000022b0   Section        0  k_mem.o(i.printFreeList)
    i.print_log                              0x000022e0   Section        0  ae_util.o(i.print_log)
    i.print_results                          0x00002350   Section        0  ae_util.o(i.print_results)
    i.print_summary                          0x00002470   Section        0  ae_util.o(i.print_summary)
    i.priv_task1                             0x0000249c   Section        0  ae_tasks77_g27.c.o(i.priv_task1)
    i.process_sub_result                     0x000024ac   Section        0  ae_util.o(i.process_sub_result)
    i.putc                                   0x000024e4   Section        0  uart_polling.o(i.putc)
    i.putchw                                 0x00002528   Section        0  printf.o(i.putchw)
    putchw                                   0x00002529   Thumb Code    82  printf.o(i.putchw)
    i.putcp                                  0x0000257a   Section        0  printf.o(i.putcp)
    putcp                                    0x0000257b   Thumb Code    10  printf.o(i.putcp)
    i.ring_buf_add                           0x00002584   Section        0  k_msg.o(i.ring_buf_add)
    i.ring_buf_empty                         0x00002602   Section        0  k_msg.o(i.ring_buf_empty)
    i.ring_buf_free                          0x00002610   Section        0  k_msg.o(i.ring_buf_free)
    i.ring_buf_init                          0x0000261e   Section        0  k_msg.o(i.ring_buf_init)
    i.ring_buf_remaining                     0x00002648   Section        0  k_msg.o(i.ring_buf_remaining)
    i.ring_buf_remove                        0x00002652   Section        0  k_msg.o(i.ring_buf_remove)
    i.scheduler                              0x000026e0   Section        0  k_task.o(i.scheduler)
    i.set_ae_init_tasks                      0x00002778   Section        0  ae_tasks77_g27.c.o(i.set_ae_init_tasks)
    i.set_ae_tasks                           0x00002794   Section        0  ae_tasks77_g27.c.o(i.set_ae_tasks)
    i.str_cmp                                0x000027dc   Section        0  kcd_task.o(i.str_cmp)
    i.str_len                                0x000027fc   Section        0  kcd_task.o(i.str_len)
    i.strcpy                                 0x0000280c   Section        0  ae_util.o(i.strcpy)
    i.task0                                  0x0000282c   Section        0  ae_tasks77_g27.c.o(i.task0)
    i.task_cdisp                             0x00002864   Section        0  cdisp_task.o(i.task_cdisp)
    i.task_kcd                               0x000028c8   Section        0  kcd_task.o(i.task_kcd)
    i.task_null                              0x00002bb0   Section        0  null_task.o(i.task_null)
    i.test0_start                            0x00002bb8   Section        0  ae_tasks77_g27.c.o(i.test0_start)
    i.test_abort                             0x00002dd0   Section        0  ae_util.o(i.test_abort)
    i.test_exit                              0x00002e3c   Section        0  ae_util.o(i.test_exit)
    i.tfp_format                             0x00002e60   Section        0  printf.o(i.tfp_format)
    i.tfp_printf                             0x00002f88   Section        0  printf.o(i.tfp_printf)
    i.tfp_sprintf                            0x00002fb4   Section        0  printf.o(i.tfp_sprintf)
    i.topDownTraverseFreeLists               0x00002fe0   Section        0  k_mem.o(i.topDownTraverseFreeLists)
    i.uart_init                              0x00003058   Section        0  uart_polling.o(i.uart_init)
    i.uart_irq_init                          0x000030c4   Section        0  uart_irq.o(i.uart_irq_init)
    i.uart_put_char                          0x00003160   Section        0  uart_polling.o(i.uart_put_char)
    i.uart_put_string                        0x00003194   Section        0  uart_polling.o(i.uart_put_string)
    i.ui2a                                   0x000031ba   Section        0  printf.o(i.ui2a)
    ui2a                                     0x000031bb   Thumb Code    86  printf.o(i.ui2a)
    i.update_ae_xtest                        0x00003210   Section        0  ae_tasks77_g27.c.o(i.update_ae_xtest)
    i.waiting_pq_empty                       0x00003228   Section        0  queue.o(i.waiting_pq_empty)
    i.waiting_pq_init                        0x00003236   Section        0  queue.o(i.waiting_pq_init)
    i.waiting_pq_move_to_end                 0x00003240   Section        0  queue.o(i.waiting_pq_move_to_end)
    i.waiting_pq_peek                        0x00003284   Section        0  queue.o(i.waiting_pq_peek)
    i.waiting_pq_pop                         0x000032b2   Section        0  queue.o(i.waiting_pq_pop)
    i.waiting_pq_push                        0x00003336   Section        0  queue.o(i.waiting_pq_push)
    .constdata                               0x00003360   Section       27  ae_tasks77_g27.c.o(.constdata)
    .data                                    0x10000000   Section       16  uart_irq.o(.data)
    .data                                    0x10000010   Section        4  timer.o(.data)
    .data                                    0x10000014   Section        4  k_mem.o(.data)
    .data                                    0x10000018   Section        4  k_rtx_init.o(.data)
    .data                                    0x1000001c   Section       28  k_task.o(.data)
    .data                                    0x10000038   Section        8  printf.o(.data)
    stdout_putf                              0x10000038   Data           4  printf.o(.data)
    stdout_putp                              0x1000003c   Data           4  printf.o(.data)
    .data                                    0x10000040   Section        4  cdisp_task.o(.data)
    .data                                    0x10000044   Section        4  kcd_task.o(.data)
    .data                                    0x10000048   Section       16  main.o(.data)
    sys                                      0x10000048   Data           8  main.o(.data)
    p_tasks                                  0x10000050   Data           4  main.o(.data)
    num                                      0x10000054   Data           4  main.o(.data)
    .data                                    0x10000058   Section        9  ae_tasks77_g27.c.o(.data)
    .bss                                     0x10000064   Section      160  uart_irq.o(.bss)
    .bss                                     0x10000108   Section      876  k_mem.o(.bss)
    .bss                                     0x10000474   Section      616  k_msg.o(.bss)
    .bss                                     0x100006dc   Section      440  k_task.o(.bss)
    .bss                                     0x10000894   Section      254  kcd_task.o(.bss)
    .bss                                     0x10000994   Section       96  libspace.o(.bss)
    .bss                                     0x100009f4   Section      216  ae_tasks77_g27.c.o(.bss)
    HEAP                                     0x10000ad0   Section        0  startup_lpc17xx.o(HEAP)
    STACK                                    0x10000ad0   Section      512  startup_lpc17xx.o(STACK)
    Heap_Mem                                 0x10000ad0   Data           0  startup_lpc17xx.o(HEAP)
    Stack_Mem                                0x10000ad0   Data         512  startup_lpc17xx.o(STACK)
    __initial_sp                             0x10000cd0   Data           0  startup_lpc17xx.o(STACK)

    Global Symbols

    Symbol Name                              Value     Ov Type        Size  Object(Section)

    BuildAttributes$$THM_ISAv4$P$D$K$B$S$PE$A:L22UL41UL21$X:L11$S22US41US21$IEEE1$IW$USESV6$~STKCKD$USESV7$~SHL$OSPACE$ROPI$EBA8$UX$STANDARDLIB$REQ8$PRES8$EABIv2 0x00000000   Number         0  anon$$obj.o ABSOLUTE
    __ARM_use_no_argv                        0x00000000   Number         0  main.o ABSOLUTE
    __Vectors                                0x00000000   Data           4  startup_lpc17xx.o(RESET)
    __ARM_exceptions_init                     - Undefined Weak Reference
    __alloca_initialize                       - Undefined Weak Reference
    __arm_fini_                               - Undefined Weak Reference
    __arm_preinit_                            - Undefined Weak Reference
    __cpp_initialize__aeabi_                  - Undefined Weak Reference
    __cxa_finalize                            - Undefined Weak Reference
    __rt_locale                               - Undefined Weak Reference
    __sigvec_lookup                           - Undefined Weak Reference
    _atexit_init                              - Undefined Weak Reference
    _call_atexit_fns                          - Undefined Weak Reference
    _clock_init                               - Undefined Weak Reference
    _fp_trap_init                             - Undefined Weak Reference
    _fp_trap_shutdown                         - Undefined Weak Reference
    _get_lc_collate                           - Undefined Weak Reference
    _get_lc_ctype                             - Undefined Weak Reference
    _get_lc_monetary                          - Undefined Weak Reference
    _get_lc_numeric                           - Undefined Weak Reference
    _get_lc_time                              - Undefined Weak Reference
    _getenv_init                              - Undefined Weak Reference
    _handle_redirection                       - Undefined Weak Reference
    _init_alloc                               - Undefined Weak Reference
    _init_user_alloc                          - Undefined Weak Reference
    _initio                                   - Undefined Weak Reference
    _rand_init                                - Undefined Weak Reference
    _signal_finish                            - Undefined Weak Reference
    _signal_init                              - Undefined Weak Reference
    _terminate_alloc                          - Undefined Weak Reference
    _terminate_user_alloc                     - Undefined Weak Reference
    _terminateio                              - Undefined Weak Reference
    __main                                   0x000000cd   Thumb Code     8  __main.o(!!!main)
    __scatterload                            0x000000d5   Thumb Code     0  __scatter.o(!!!scatter)
    __scatterload_rt2                        0x000000d5   Thumb Code    44  __scatter.o(!!!scatter)
    __scatterload_rt2_thumb_only             0x000000d5   Thumb Code     0  __scatter.o(!!!scatter)
    __scatterload_null                       0x000000e3   Thumb Code     0  __scatter.o(!!!scatter)
    __scatterload_copy                       0x00000109   Thumb Code    26  __scatter_copy.o(!!handler_copy)
    __scatterload_zeroinit                   0x00000125   Thumb Code    28  __scatter_zi.o(!!handler_zi)
    __rt_lib_init                            0x00000141   Thumb Code     0  libinit.o(.ARM.Collect$$libinit$$00000000)
    __rt_lib_init_alloca_1                   0x00000143   Thumb Code     0  libinit2.o(.ARM.Collect$$libinit$$0000002E)
    __rt_lib_init_argv_1                     0x00000143   Thumb Code     0  libinit2.o(.ARM.Collect$$libinit$$0000002C)
    __rt_lib_init_atexit_1                   0x00000143   Thumb Code     0  libinit2.o(.ARM.Collect$$libinit$$0000001B)
    __rt_lib_init_clock_1                    0x00000143   Thumb Code     0  libinit2.o(.ARM.Collect$$libinit$$00000021)
    __rt_lib_init_cpp_1                      0x00000143   Thumb Code     0  libinit2.o(.ARM.Collect$$libinit$$00000032)
    __rt_lib_init_exceptions_1               0x00000143   Thumb Code     0  libinit2.o(.ARM.Collect$$libinit$$00000030)
    __rt_lib_init_fp_1                       0x00000143   Thumb Code     0  libinit2.o(.ARM.Collect$$libinit$$00000002)
    __rt_lib_init_fp_trap_1                  0x00000143   Thumb Code     0  libinit2.o(.ARM.Collect$$libinit$$0000001F)
    __rt_lib_init_getenv_1                   0x00000143   Thumb Code     0  libinit2.o(.ARM.Collect$$libinit$$00000023)
    __rt_lib_init_heap_1                     0x00000143   Thumb Code     0  libinit2.o(.ARM.Collect$$libinit$$0000000A)
    __rt_lib_init_lc_collate_1               0x00000143   Thumb Code     0  libinit2.o(.ARM.Collect$$libinit$$00000011)
    __rt_lib_init_lc_ctype_1                 0x00000143   Thumb Code     0  libinit2.o(.ARM.Collect$$libinit$$00000013)
    __rt_lib_init_lc_monetary_1              0x00000143   Thumb Code     0  libinit2.o(.ARM.Collect$$libinit$$00000015)
    __rt_lib_init_lc_numeric_1               0x00000143   Thumb Code     0  libinit2.o(.ARM.Collect$$libinit$$00000017)
    __rt_lib_init_lc_time_1                  0x00000143   Thumb Code     0  libinit2.o(.ARM.Collect$$libinit$$00000019)
    __rt_lib_init_preinit_1                  0x00000143   Thumb Code     0  libinit2.o(.ARM.Collect$$libinit$$00000004)
    __rt_lib_init_rand_1                     0x00000143   Thumb Code     0  libinit2.o(.ARM.Collect$$libinit$$0000000E)
    __rt_lib_init_return                     0x00000143   Thumb Code     0  libinit2.o(.ARM.Collect$$libinit$$00000033)
    __rt_lib_init_signal_1                   0x00000143   Thumb Code     0  libinit2.o(.ARM.Collect$$libinit$$0000001D)
    __rt_lib_init_stdio_1                    0x00000143   Thumb Code     0  libinit2.o(.ARM.Collect$$libinit$$00000025)
    __rt_lib_init_user_alloc_1               0x00000143   Thumb Code     0  libinit2.o(.ARM.Collect$$libinit$$0000000C)
    __rt_lib_shutdown                        0x00000145   Thumb Code     0  libshutdown.o(.ARM.Collect$$libshutdown$$00000000)
    __rt_lib_shutdown_cpp_1                  0x00000147   Thumb Code     0  libshutdown2.o(.ARM.Collect$$libshutdown$$00000004)
    __rt_lib_shutdown_fini_1                 0x00000147   Thumb Code     0  libshutdown2.o(.ARM.Collect$$libshutdown$$00000002)
    __rt_lib_shutdown_fp_trap_1              0x00000147   Thumb Code     0  libshutdown2.o(.ARM.Collect$$libshutdown$$00000009)
    __rt_lib_shutdown_heap_1                 0x00000147   Thumb Code     0  libshutdown2.o(.ARM.Collect$$libshutdown$$00000011)
    __rt_lib_shutdown_return                 0x00000147   Thumb Code     0  libshutdown2.o(.ARM.Collect$$libshutdown$$00000012)
    __rt_lib_shutdown_signal_1               0x00000147   Thumb Code     0  libshutdown2.o(.ARM.Collect$$libshutdown$$0000000C)
    __rt_lib_shutdown_stdio_1                0x00000147   Thumb Code     0  libshutdown2.o(.ARM.Collect$$libshutdown$$00000006)
    __rt_lib_shutdown_user_alloc_1           0x00000147   Thumb Code     0  libshutdown2.o(.ARM.Collect$$libshutdown$$0000000E)
    __rt_entry                               0x00000149   Thumb Code     0  __rtentry.o(.ARM.Collect$$rtentry$$00000000)
    __rt_entry_presh_1                       0x00000149   Thumb Code     0  __rtentry2.o(.ARM.Collect$$rtentry$$00000002)
    __rt_entry_sh                            0x00000149   Thumb Code     0  __rtentry4.o(.ARM.Collect$$rtentry$$00000004)
    __rt_entry_li                            0x0000014f   Thumb Code     0  __rtentry2.o(.ARM.Collect$$rtentry$$0000000A)
    __rt_entry_postsh_1                      0x0000014f   Thumb Code     0  __rtentry2.o(.ARM.Collect$$rtentry$$00000009)
    __rt_entry_main                          0x00000153   Thumb Code     0  __rtentry2.o(.ARM.Collect$$rtentry$$0000000D)
    __rt_entry_postli_1                      0x00000153   Thumb Code     0  __rtentry2.o(.ARM.Collect$$rtentry$$0000000C)
    __rt_exit                                0x0000015b   Thumb Code     0  rtexit.o(.ARM.Collect$$rtexit$$00000000)
    __rt_exit_ls                             0x0000015d   Thumb Code     0  rtexit2.o(.ARM.Collect$$rtexit$$00000003)
    __rt_exit_prels_1                        0x0000015d   Thumb Code     0  rtexit2.o(.ARM.Collect$$rtexit$$00000002)
    __rt_exit_exit                           0x00000161   Thumb Code     0  rtexit2.o(.ARM.Collect$$rtexit$$00000004)
    SVC_RTE                                  0x00000169   Thumb Code     0  hal.o(.emb_text)
    __rte                                    0x00000169   Thumb Code     8  hal.o(.emb_text)
    k_tsk_switch                             0x00000171   Thumb Code    44  k_task.o(.emb_text)
    K_RESTORE                                0x00000183   Thumb Code     0  k_task.o(.emb_text)
    k_tsk_start                              0x000001a1   Thumb Code     2  k_task.o(.emb_text)
    Reset_Handler                            0x000001a5   Thumb Code     8  startup_lpc17xx.o(.text)
    NMI_Handler                              0x000001ad   Thumb Code     2  startup_lpc17xx.o(.text)
    MemManage_Handler                        0x000001b1   Thumb Code     2  startup_lpc17xx.o(.text)
    BusFault_Handler                         0x000001b3   Thumb Code     2  startup_lpc17xx.o(.text)
    UsageFault_Handler                       0x000001b5   Thumb Code     2  startup_lpc17xx.o(.text)
    DebugMon_Handler                         0x000001b9   Thumb Code     2  startup_lpc17xx.o(.text)
    PendSV_Handler                           0x000001bb   Thumb Code     2  startup_lpc17xx.o(.text)
    SysTick_Handler                          0x000001bd   Thumb Code     2  startup_lpc17xx.o(.text)
    ADC_IRQHandler                           0x000001bf   Thumb Code     0  startup_lpc17xx.o(.text)
    BOD_IRQHandler                           0x000001bf   Thumb Code     0  startup_lpc17xx.o(.text)
    CANActivity_IRQHandler                   0x000001bf   Thumb Code     0  startup_lpc17xx.o(.text)
    CAN_IRQHandler                           0x000001bf   Thumb Code     0  startup_lpc17xx.o(.text)
    DMA_IRQHandler                           0x000001bf   Thumb Code     0  startup_lpc17xx.o(.text)
    EINT0_IRQHandler                         0x000001bf   Thumb Code     0  startup_lpc17xx.o(.text)
    EINT1_IRQHandler                         0x000001bf   Thumb Code     0  startup_lpc17xx.o(.text)
    EINT2_IRQHandler                         0x000001bf   Thumb Code     0  startup_lpc17xx.o(.text)
    EINT3_IRQHandler                         0x000001bf   Thumb Code     0  startup_lpc17xx.o(.text)
    ENET_IRQHandler                          0x000001bf   Thumb Code     0  startup_lpc17xx.o(.text)
    I2C0_IRQHandler                          0x000001bf   Thumb Code     0  startup_lpc17xx.o(.text)
    I2C1_IRQHandler                          0x000001bf   Thumb Code     0  startup_lpc17xx.o(.text)
    I2C2_IRQHandler                          0x000001bf   Thumb Code     0  startup_lpc17xx.o(.text)
    I2S_IRQHandler                           0x000001bf   Thumb Code     0  startup_lpc17xx.o(.text)
    MCPWM_IRQHandler                         0x000001bf   Thumb Code     0  startup_lpc17xx.o(.text)
    PLL0_IRQHandler                          0x000001bf   Thumb Code     0  startup_lpc17xx.o(.text)
    PLL1_IRQHandler                          0x000001bf   Thumb Code     0  startup_lpc17xx.o(.text)
    PWM1_IRQHandler                          0x000001bf   Thumb Code     0  startup_lpc17xx.o(.text)
    QEI_IRQHandler                           0x000001bf   Thumb Code     0  startup_lpc17xx.o(.text)
    RIT_IRQHandler                           0x000001bf   Thumb Code     0  startup_lpc17xx.o(.text)
    RTC_IRQHandler                           0x000001bf   Thumb Code     0  startup_lpc17xx.o(.text)
    SPI_IRQHandler                           0x000001bf   Thumb Code     0  startup_lpc17xx.o(.text)
    SSP0_IRQHandler                          0x000001bf   Thumb Code     0  startup_lpc17xx.o(.text)
    SSP1_IRQHandler                          0x000001bf   Thumb Code     0  startup_lpc17xx.o(.text)
    TIMER1_IRQHandler                        0x000001bf   Thumb Code     0  startup_lpc17xx.o(.text)
    TIMER2_IRQHandler                        0x000001bf   Thumb Code     0  startup_lpc17xx.o(.text)
    TIMER3_IRQHandler                        0x000001bf   Thumb Code     0  startup_lpc17xx.o(.text)
    UART1_IRQHandler                         0x000001bf   Thumb Code     0  startup_lpc17xx.o(.text)
    UART2_IRQHandler                         0x000001bf   Thumb Code     0  startup_lpc17xx.o(.text)
    UART3_IRQHandler                         0x000001bf   Thumb Code     0  startup_lpc17xx.o(.text)
    USBActivity_IRQHandler                   0x000001bf   Thumb Code     0  startup_lpc17xx.o(.text)
    USB_IRQHandler                           0x000001bf   Thumb Code     0  startup_lpc17xx.o(.text)
    WDT_IRQHandler                           0x000001bf   Thumb Code     0  startup_lpc17xx.o(.text)
    __user_initial_stackheap                 0x000001c1   Thumb Code     0  startup_lpc17xx.o(.text)
    __use_two_region_memory                  0x000001e1   Thumb Code     2  heapauxi.o(.text)
    __rt_heap_escrow$2region                 0x000001e3   Thumb Code     2  heapauxi.o(.text)
    __rt_heap_expand$2region                 0x000001e5   Thumb Code     2  heapauxi.o(.text)
    __user_setup_stackheap                   0x000001e7   Thumb Code    74  sys_stackheap_outer.o(.text)
    exit                                     0x00000231   Thumb Code    18  exit.o(.text)
    __user_libspace                          0x00000245   Thumb Code     8  libspace.o(.text)
    __user_perproc_libspace                  0x00000245   Thumb Code     0  libspace.o(.text)
    __user_perthread_libspace                0x00000245   Thumb Code     0  libspace.o(.text)
    _sys_exit                                0x0000024d   Thumb Code     8  sys_exit.o(.text)
    __I$use$semihosting                      0x00000259   Thumb Code     0  use_no_semi.o(.text)
    __use_no_semihosting_swi                 0x00000259   Thumb Code     2  use_no_semi.o(.text)
    __semihosting_library_function           0x0000025b   Thumb Code     0  indicate_semi.o(.text)
    HardFault_Handler                        0x0000025d   Thumb Code    22  ae_util.o(i.HardFault_Handler)
    TIMER0_IRQHandler                        0x0000028d   Thumb Code    20  timer.o(i.TIMER0_IRQHandler)
    ae_exit                                  0x000002f1   Thumb Code     4  ae.o(i.ae_exit)
    k_rt_tsk_set                             0x000002f5   Thumb Code     6  k_task.o(i.k_rt_tsk_set)
    SVC_Handler                              0x00000301   Thumb Code   296  hal.o(i.SVC_Handler)
    SystemInit                               0x00000429   Thumb Code   302  system_lpc17xx.o(i.SystemInit)
    UART0_IRQHandler                         0x00000569   Thumb Code   266  uart_irq.o(i.UART0_IRQHandler)
    ae_init                                  0x00000709   Thumb Code    48  ae.o(i.ae_init)
    ae_set_init_tasks_info                   0x00000739   Thumb Code    22  ae.o(i.ae_set_init_tasks_info)
    ae_set_sys_info                          0x0000074f   Thumb Code    22  ae.o(i.ae_set_sys_info)
    checkMemAllocated                        0x00000765   Thumb Code   150  k_mem.o(i.checkMemAllocated)
    computeBitArrayIndex                     0x00000801   Thumb Code    18  k_mem.o(i.computeBitArrayIndex)
    computeBuddyLevelIndex                   0x00000813   Thumb Code    24  k_mem.o(i.computeBuddyLevelIndex)
    count_set_bits                           0x0000082b   Thumb Code    18  ae_util.o(i.count_set_bits)
    expoToLevel                              0x0000083d   Thumb Code    58  k_mem.o(i.expoToLevel)
    findNextK                                0x00000877   Thumb Code    28  k_mem.o(i.findNextK)
    gen_req0                                 0x00000895   Thumb Code    72  ae_tasks77_g27.c.o(i.gen_req0)
    ind                                      0x00000901   Thumb Code    52  queue.o(i.ind)
    init_ae_tsk_test                         0x00000935   Thumb Code    96  ae_tasks77_g27.c.o(i.init_ae_tsk_test)
    init_printf                              0x000009b1   Thumb Code    10  printf.o(i.init_printf)
    k_alloc_k_stack                          0x000009c5   Thumb Code    38  k_mem.o(i.k_alloc_k_stack)
    k_alloc_p_stack                          0x000009f5   Thumb Code    36  k_mem.o(i.k_alloc_p_stack)
    k_mbx_create                             0x00000a21   Thumb Code   106  k_msg.o(i.k_mbx_create)
    k_mbx_get                                0x00000a99   Thumb Code    88  k_msg.o(i.k_mbx_get)
    k_mbx_ls                                 0x00000af9   Thumb Code    70  k_msg.o(i.k_mbx_ls)
    k_mem_init                               0x00000b49   Thumb Code    48  k_mem.o(i.k_mem_init)
    k_mpool_alloc                            0x00000b89   Thumb Code   340  k_mem.o(i.k_mpool_alloc)
    k_mpool_create                           0x00000ce9   Thumb Code   134  k_mem.o(i.k_mpool_create)
    k_mpool_dealloc                          0x00000d8d   Thumb Code   930  k_mem.o(i.k_mpool_dealloc)
    k_mpool_dump                             0x0000114d   Thumb Code   108  k_mem.o(i.k_mpool_dump)
    k_pre_rtx_init                           0x000011e1   Thumb Code    48  k_rtx_init.o(i.k_pre_rtx_init)
    k_recv_msg                               0x00001211   Thumb Code    18  k_msg.o(i.k_recv_msg)
    k_recv_msg_nb                            0x00001223   Thumb Code    18  k_msg.o(i.k_recv_msg_nb)
    k_recv_msg_shared                        0x00001235   Thumb Code   420  k_msg.o(i.k_recv_msg_shared)
    k_rt_tsk_get                             0x000013f5   Thumb Code    26  k_task.o(i.k_rt_tsk_get)
    k_rt_tsk_susp                            0x0000140f   Thumb Code     4  k_task.o(i.k_rt_tsk_susp)
    k_rtx_init                               0x00001415   Thumb Code    50  k_rtx_init.o(i.k_rtx_init)
    k_send_msg                               0x0000144d   Thumb Code    72  k_msg.o(i.k_send_msg)
    k_send_msg_nb                            0x00001499   Thumb Code    18  k_msg.o(i.k_send_msg_nb)
    k_send_msg_shared                        0x000014ad   Thumb Code   432  k_msg.o(i.k_send_msg_shared)
    k_tsk_create                             0x00001675   Thumb Code   222  k_task.o(i.k_tsk_create)
    k_tsk_create_new                         0x0000176d   Thumb Code   238  k_task.o(i.k_tsk_create_new)
    k_tsk_exit                               0x00001869   Thumb Code   216  k_task.o(i.k_tsk_exit)
    k_tsk_get                                0x00001959   Thumb Code   184  k_task.o(i.k_tsk_get)
    k_tsk_gettid                             0x00001a19   Thumb Code     8  k_task.o(i.k_tsk_gettid)
    k_tsk_init                               0x00001a25   Thumb Code   244  k_task.o(i.k_tsk_init)
    k_tsk_init_cdisp                         0x00001b31   Thumb Code    24  k_task.o(i.k_tsk_init_cdisp)
    k_tsk_init_first                         0x00001b4d   Thumb Code    22  k_task.o(i.k_tsk_init_first)
    k_tsk_init_kcd                           0x00001b69   Thumb Code    24  k_task.o(i.k_tsk_init_kcd)
    k_tsk_ls                                 0x00001b85   Thumb Code    86  k_task.o(i.k_tsk_ls)
    k_tsk_run_new                            0x00001be9   Thumb Code    78  k_task.o(i.k_tsk_run_new)
    k_tsk_set_prio                           0x00001c3d   Thumb Code   424  k_task.o(i.k_tsk_set_prio)
    k_tsk_yield                              0x00001dfd   Thumb Code    84  k_task.o(i.k_tsk_yield)
    mailbox_free                             0x00001e5d   Thumb Code   102  k_msg.o(i.mailbox_free)
    mailbox_init                             0x00001ec9   Thumb Code    58  k_msg.o(i.mailbox_init)
    mailbox_init_all                         0x00001f05   Thumb Code    38  k_msg.o(i.mailbox_init_all)
    main                                     0x00001f35   Thumb Code    90  main.o(i.main)
    markMemAllocated                         0x00001fa5   Thumb Code   160  k_mem.o(i.markMemAllocated)
    markMemFree                              0x00002051   Thumb Code   140  k_mem.o(i.markMemFree)
    memcpy                                   0x000020e1   Thumb Code    24  k_msg.o(i.memcpy)
    peek                                     0x000020f9   Thumb Code    34  queue.o(i.peek)
    pop                                      0x0000211b   Thumb Code    72  queue.o(i.pop)
    pow2                                     0x00002163   Thumb Code     8  k_mem.o(i.pow2)
    pq_init                                  0x0000216b   Thumb Code    30  queue.o(i.pq_init)
    pq_modify_priority                       0x00002189   Thumb Code   134  queue.o(i.pq_modify_priority)
    pq_push_back                             0x0000220f   Thumb Code    84  queue.o(i.pq_push_back)
    pq_push_front                            0x00002263   Thumb Code    76  queue.o(i.pq_push_front)
    printFreeList                            0x000022b1   Thumb Code    32  k_mem.o(i.printFreeList)
    print_log                                0x000022e1   Thumb Code    42  ae_util.o(i.print_log)
    print_results                            0x00002351   Thumb Code   118  ae_util.o(i.print_results)
    print_summary                            0x00002471   Thumb Code    22  ae_util.o(i.print_summary)
    priv_task1                               0x0000249d   Thumb Code    14  ae_tasks77_g27.c.o(i.priv_task1)
    process_sub_result                       0x000024ad   Thumb Code    46  ae_util.o(i.process_sub_result)
    putc                                     0x000024e5   Thumb Code    28  uart_polling.o(i.putc)
    ring_buf_add                             0x00002585   Thumb Code   126  k_msg.o(i.ring_buf_add)
    ring_buf_empty                           0x00002603   Thumb Code    14  k_msg.o(i.ring_buf_empty)
    ring_buf_free                            0x00002611   Thumb Code    14  k_msg.o(i.ring_buf_free)
    ring_buf_init                            0x0000261f   Thumb Code    42  k_msg.o(i.ring_buf_init)
    ring_buf_remaining                       0x00002649   Thumb Code    10  k_msg.o(i.ring_buf_remaining)
    ring_buf_remove                          0x00002653   Thumb Code   142  k_msg.o(i.ring_buf_remove)
    scheduler                                0x000026e1   Thumb Code   124  k_task.o(i.scheduler)
    set_ae_init_tasks                        0x00002779   Thumb Code    24  ae_tasks77_g27.c.o(i.set_ae_init_tasks)
    set_ae_tasks                             0x00002795   Thumb Code    68  ae_tasks77_g27.c.o(i.set_ae_tasks)
    str_cmp                                  0x000027dd   Thumb Code    32  kcd_task.o(i.str_cmp)
    str_len                                  0x000027fd   Thumb Code    16  kcd_task.o(i.str_len)
    strcpy                                   0x0000280d   Thumb Code    32  ae_util.o(i.strcpy)
    task0                                    0x0000282d   Thumb Code    46  ae_tasks77_g27.c.o(i.task0)
    task_cdisp                               0x00002865   Thumb Code    86  cdisp_task.o(i.task_cdisp)
    task_kcd                                 0x000028c9   Thumb Code   580  kcd_task.o(i.task_kcd)
    task_null                                0x00002bb1   Thumb Code     6  null_task.o(i.task_null)
    test0_start                              0x00002bb9   Thumb Code   322  ae_tasks77_g27.c.o(i.test0_start)
    test_abort                               0x00002dd1   Thumb Code    36  ae_util.o(i.test_abort)
    test_exit                                0x00002e3d   Thumb Code    16  ae_util.o(i.test_exit)
    tfp_format                               0x00002e61   Thumb Code   296  printf.o(i.tfp_format)
    tfp_printf                               0x00002f89   Thumb Code    34  printf.o(i.tfp_printf)
    tfp_sprintf                              0x00002fb5   Thumb Code    38  printf.o(i.tfp_sprintf)
    topDownTraverseFreeLists                 0x00002fe1   Thumb Code   110  k_mem.o(i.topDownTraverseFreeLists)
    uart_init                                0x00003059   Thumb Code    96  uart_polling.o(i.uart_init)
    uart_irq_init                            0x000030c5   Thumb Code   144  uart_irq.o(i.uart_irq_init)
    uart_put_char                            0x00003161   Thumb Code    42  uart_polling.o(i.uart_put_char)
    uart_put_string                          0x00003195   Thumb Code    38  uart_polling.o(i.uart_put_string)
    update_ae_xtest                          0x00003211   Thumb Code    18  ae_tasks77_g27.c.o(i.update_ae_xtest)
    waiting_pq_empty                         0x00003229   Thumb Code    14  queue.o(i.waiting_pq_empty)
    waiting_pq_init                          0x00003237   Thumb Code    10  queue.o(i.waiting_pq_init)
    waiting_pq_move_to_end                   0x00003241   Thumb Code    68  queue.o(i.waiting_pq_move_to_end)
    waiting_pq_peek                          0x00003285   Thumb Code    46  queue.o(i.waiting_pq_peek)
    waiting_pq_pop                           0x000032b3   Thumb Code   132  queue.o(i.waiting_pq_pop)
    waiting_pq_push                          0x00003337   Thumb Code    42  queue.o(i.waiting_pq_push)
    PREFIX                                   0x00003360   Data           9  ae_tasks77_g27.c.o(.constdata)
    PREFIX_LOG                               0x00003369   Data           9  ae_tasks77_g27.c.o(.constdata)
    PREFIX_LOG2                              0x00003372   Data           9  ae_tasks77_g27.c.o(.constdata)
    Region$$Table$$Base                      0x0000337c   Number         0  anon$$obj.o(Region$$Table)
    Region$$Table$$Limit                     0x0000339c   Number         0  anon$$obj.o(Region$$Table)
    g_send_char                              0x10000000   Data           1  uart_irq.o(.data)
    g_char_in                                0x10000001   Data           1  uart_irq.o(.data)
    g_tx_irq                                 0x10000002   Data           1  uart_irq.o(.data)
    g_switch_flag                            0x10000003   Data           1  uart_irq.o(.data)
    gp_recv_buf                              0x10000004   Data           4  uart_irq.o(.data)
    recv_start                               0x10000008   Data           4  uart_irq.o(.data)
    UART_RECV                                0x1000000c   Data           4  uart_irq.o(.data)
    g_timer_count                            0x10000010   Data           4  timer.o(.data)
    g_k_stacks                               0x10000014   Data           4  k_mem.o(.data)
    errno                                    0x10000018   Data           4  k_rtx_init.o(.data)
    ready_pq                                 0x1000001c   Data           4  k_task.o(.data)
    yielding                                 0x10000020   Data           4  k_task.o(.data)
    setting                                  0x10000024   Data           4  k_task.o(.data)
    exiting                                  0x10000028   Data           4  k_task.o(.data)
    creating                                 0x1000002c   Data           4  k_task.o(.data)
    gp_current_task                          0x10000030   Data           4  k_task.o(.data)
    g_num_active_tasks                       0x10000034   Data           4  k_task.o(.data)
    count                                    0x10000040   Data           4  cdisp_task.o(.data)
    string_index                             0x10000044   Data           4  kcd_task.o(.data)
    g_ae_cases                               0x10000058   Data           8  ae_tasks77_g27.c.o(.data)
    priv_task                                0x10000060   Data           1  ae_tasks77_g27.c.o(.data)
    g_send_buf                               0x10000064   Data          32  uart_irq.o(.bss)
    g_recv_buf                               0x10000084   Data         128  uart_irq.o(.bss)
    g_p_stacks                               0x10000108   Data         512  k_mem.o(.bss)
    memory_bit_array                         0x10000308   Data         288  k_mem.o(.bss)
    mem_pool_1_heads                         0x10000428   Data          32  k_mem.o(.bss)
    mem_pool_2_heads                         0x10000448   Data          44  k_mem.o(.bss)
    mailboxes                                0x10000474   Data         572  k_msg.o(.bss)
    blocked_messages                         0x100006b0   Data          44  k_msg.o(.bss)
    g_ready_PQ                               0x100006dc   Data          40  k_task.o(.bss)
    g_tcbs                                   0x10000704   Data         400  k_task.o(.bss)
    complete_cmd                             0x10000894   Data          64  kcd_task.o(.bss)
    cmd_body                                 0x100008d4   Data          62  kcd_task.o(.bss)
    registered_cmds                          0x10000912   Data         128  kcd_task.o(.bss)
    __libspace_start                         0x10000994   Data          96  libspace.o(.bss)
    __temporary_stack_top$libspace           0x100009f4   Data           0  libspace.o(.bss)
    g_init_tasks                             0x100009f4   Data          12  ae_tasks77_g27.c.o(.bss)
    g_ae_xtest                               0x10000a00   Data         132  ae_tasks77_g27.c.o(.bss)
    g_tsk_cases                              0x10000a84   Data          72  ae_tasks77_g27.c.o(.bss)



==============================================================================

Memory Map of the image

  Image Entry point : 0x000000cd

  Load Region LR_IROM1 (Base: 0x00000000, Size: 0x00003400, Max: 0x00080000, ABSOLUTE)

    Execution Region ER_IROM1 (Exec base: 0x00000000, Load base: 0x00000000, Size: 0x0000339c, Max: 0x00080000, ABSOLUTE)

    Exec Addr    Load Addr    Size         Type   Attr      Idx    E Section Name        Object

    0x00000000   0x00000000   0x000000cc   Data   RO         1047    RESET               startup_lpc17xx.o
    0x000000cc   0x000000cc   0x00000008   Code   RO         1099  * !!!main             c_w.l(__main.o)
    0x000000d4   0x000000d4   0x00000034   Code   RO         1499    !!!scatter          c_w.l(__scatter.o)
    0x00000108   0x00000108   0x0000001a   Code   RO         1501    !!handler_copy      c_w.l(__scatter_copy.o)
    0x00000122   0x00000122   0x00000002   PAD
    0x00000124   0x00000124   0x0000001c   Code   RO         1503    !!handler_zi        c_w.l(__scatter_zi.o)
    0x00000140   0x00000140   0x00000002   Code   RO         1196    .ARM.Collect$$libinit$$00000000  c_w.l(libinit.o)
    0x00000142   0x00000142   0x00000000   Code   RO         1245    .ARM.Collect$$libinit$$00000002  c_w.l(libinit2.o)
    0x00000142   0x00000142   0x00000000   Code   RO         1247    .ARM.Collect$$libinit$$00000004  c_w.l(libinit2.o)
    0x00000142   0x00000142   0x00000000   Code   RO         1250    .ARM.Collect$$libinit$$0000000A  c_w.l(libinit2.o)
    0x00000142   0x00000142   0x00000000   Code   RO         1252    .ARM.Collect$$libinit$$0000000C  c_w.l(libinit2.o)
    0x00000142   0x00000142   0x00000000   Code   RO         1254    .ARM.Collect$$libinit$$0000000E  c_w.l(libinit2.o)
    0x00000142   0x00000142   0x00000000   Code   RO         1257    .ARM.Collect$$libinit$$00000011  c_w.l(libinit2.o)
    0x00000142   0x00000142   0x00000000   Code   RO         1259    .ARM.Collect$$libinit$$00000013  c_w.l(libinit2.o)
    0x00000142   0x00000142   0x00000000   Code   RO         1261    .ARM.Collect$$libinit$$00000015  c_w.l(libinit2.o)
    0x00000142   0x00000142   0x00000000   Code   RO         1263    .ARM.Collect$$libinit$$00000017  c_w.l(libinit2.o)
    0x00000142   0x00000142   0x00000000   Code   RO         1265    .ARM.Collect$$libinit$$00000019  c_w.l(libinit2.o)
    0x00000142   0x00000142   0x00000000   Code   RO         1267    .ARM.Collect$$libinit$$0000001B  c_w.l(libinit2.o)
    0x00000142   0x00000142   0x00000000   Code   RO         1269    .ARM.Collect$$libinit$$0000001D  c_w.l(libinit2.o)
    0x00000142   0x00000142   0x00000000   Code   RO         1271    .ARM.Collect$$libinit$$0000001F  c_w.l(libinit2.o)
    0x00000142   0x00000142   0x00000000   Code   RO         1273    .ARM.Collect$$libinit$$00000021  c_w.l(libinit2.o)
    0x00000142   0x00000142   0x00000000   Code   RO         1275    .ARM.Collect$$libinit$$00000023  c_w.l(libinit2.o)
    0x00000142   0x00000142   0x00000000   Code   RO         1277    .ARM.Collect$$libinit$$00000025  c_w.l(libinit2.o)
    0x00000142   0x00000142   0x00000000   Code   RO         1281    .ARM.Collect$$libinit$$0000002C  c_w.l(libinit2.o)
    0x00000142   0x00000142   0x00000000   Code   RO         1283    .ARM.Collect$$libinit$$0000002E  c_w.l(libinit2.o)
    0x00000142   0x00000142   0x00000000   Code   RO         1285    .ARM.Collect$$libinit$$00000030  c_w.l(libinit2.o)
    0x00000142   0x00000142   0x00000000   Code   RO         1287    .ARM.Collect$$libinit$$00000032  c_w.l(libinit2.o)
    0x00000142   0x00000142   0x00000002   Code   RO         1288    .ARM.Collect$$libinit$$00000033  c_w.l(libinit2.o)
    0x00000144   0x00000144   0x00000002   Code   RO         1454    .ARM.Collect$$libshutdown$$00000000  c_w.l(libshutdown.o)
    0x00000146   0x00000146   0x00000000   Code   RO         1480    .ARM.Collect$$libshutdown$$00000002  c_w.l(libshutdown2.o)
    0x00000146   0x00000146   0x00000000   Code   RO         1482    .ARM.Collect$$libshutdown$$00000004  c_w.l(libshutdown2.o)
    0x00000146   0x00000146   0x00000000   Code   RO         1484    .ARM.Collect$$libshutdown$$00000006  c_w.l(libshutdown2.o)
    0x00000146   0x00000146   0x00000000   Code   RO         1487    .ARM.Collect$$libshutdown$$00000009  c_w.l(libshutdown2.o)
    0x00000146   0x00000146   0x00000000   Code   RO         1490    .ARM.Collect$$libshutdown$$0000000C  c_w.l(libshutdown2.o)
    0x00000146   0x00000146   0x00000000   Code   RO         1492    .ARM.Collect$$libshutdown$$0000000E  c_w.l(libshutdown2.o)
    0x00000146   0x00000146   0x00000000   Code   RO         1495    .ARM.Collect$$libshutdown$$00000011  c_w.l(libshutdown2.o)
    0x00000146   0x00000146   0x00000002   Code   RO         1496    .ARM.Collect$$libshutdown$$00000012  c_w.l(libshutdown2.o)
    0x00000148   0x00000148   0x00000000   Code   RO         1101    .ARM.Collect$$rtentry$$00000000  c_w.l(__rtentry.o)
    0x00000148   0x00000148   0x00000000   Code   RO         1107    .ARM.Collect$$rtentry$$00000002  c_w.l(__rtentry2.o)
    0x00000148   0x00000148   0x00000006   Code   RO         1119    .ARM.Collect$$rtentry$$00000004  c_w.l(__rtentry4.o)
    0x0000014e   0x0000014e   0x00000000   Code   RO         1109    .ARM.Collect$$rtentry$$00000009  c_w.l(__rtentry2.o)
    0x0000014e   0x0000014e   0x00000004   Code   RO         1110    .ARM.Collect$$rtentry$$0000000A  c_w.l(__rtentry2.o)
    0x00000152   0x00000152   0x00000000   Code   RO         1112    .ARM.Collect$$rtentry$$0000000C  c_w.l(__rtentry2.o)
    0x00000152   0x00000152   0x00000008   Code   RO         1113    .ARM.Collect$$rtentry$$0000000D  c_w.l(__rtentry2.o)
    0x0000015a   0x0000015a   0x00000002   Code   RO         1236    .ARM.Collect$$rtexit$$00000000  c_w.l(rtexit.o)
    0x0000015c   0x0000015c   0x00000000   Code   RO         1363    .ARM.Collect$$rtexit$$00000002  c_w.l(rtexit2.o)
    0x0000015c   0x0000015c   0x00000004   Code   RO         1364    .ARM.Collect$$rtexit$$00000003  c_w.l(rtexit2.o)
    0x00000160   0x00000160   0x00000006   Code   RO         1365    .ARM.Collect$$rtexit$$00000004  c_w.l(rtexit2.o)
    0x00000166   0x00000166   0x00000002   PAD
    0x00000168   0x00000168   0x00000008   Code   RO          239    .emb_text           hal.o
    0x00000170   0x00000170   0x00000032   Code   RO          616    .emb_text           k_task.o
    0x000001a2   0x000001a2   0x00000002   PAD
    0x000001a4   0x000001a4   0x0000003c   Code   RO         1049    .text               startup_lpc17xx.o
    0x000001e0   0x000001e0   0x00000006   Code   RO         1097    .text               c_w.l(heapauxi.o)
    0x000001e6   0x000001e6   0x0000004a   Code   RO         1183    .text               c_w.l(sys_stackheap_outer.o)
    0x00000230   0x00000230   0x00000012   Code   RO         1185    .text               c_w.l(exit.o)
    0x00000242   0x00000242   0x00000002   PAD
    0x00000244   0x00000244   0x00000008   Code   RO         1233    .text               c_w.l(libspace.o)
    0x0000024c   0x0000024c   0x0000000c   Code   RO         1360    .text               c_w.l(sys_exit.o)
    0x00000258   0x00000258   0x00000002   Code   RO         1443    .text               c_w.l(use_no_semi.o)
    0x0000025a   0x0000025a   0x00000000   Code   RO         1445    .text               c_w.l(indicate_semi.o)
    0x0000025a   0x0000025a   0x00000002   PAD
    0x0000025c   0x0000025c   0x00000030   Code   RO         1377    i.HardFault_Handler  ae-lib-sim.lib(ae_util.o)
    0x0000028c   0x0000028c   0x00000018   Code   RO          187    i.TIMER0_IRQHandler  timer.o
    0x000002a4   0x000002a4   0x00000022   Code   RO           88    i.__NVIC_EnableIRQ  uart_irq.o
    0x000002c6   0x000002c6   0x00000002   PAD
    0x000002c8   0x000002c8   0x00000028   Code   RO           89    i.__NVIC_SetPriority  uart_irq.o
    0x000002f0   0x000002f0   0x00000004   Code   RO         1197    i.ae_exit           ae-lib-sim.lib(ae.o)
    0x000002f4   0x000002f4   0x00000006   Code   RO          618    i.k_rt_tsk_set      k_task.o
    0x000002fa   0x000002fa   0x00000002   PAD
    0x000002fc   0x000002fc   0x00000004   Code   RO         1048    .ARM.__at_0x02FC    startup_lpc17xx.o
    0x00000300   0x00000300   0x00000128   Code   RO          240    i.SVC_Handler       hal.o
    0x00000428   0x00000428   0x00000140   Code   RO         1059    i.SystemInit        system_lpc17xx.o
    0x00000568   0x00000568   0x00000134   Code   RO           87    i.UART0_IRQHandler  uart_irq.o
    0x0000069c   0x0000069c   0x00000032   Code   RO          869    i.a2d               printf.o
    0x000006ce   0x000006ce   0x0000003a   Code   RO          870    i.a2i               printf.o
    0x00000708   0x00000708   0x00000030   Code   RO         1198    i.ae_init           ae-lib-sim.lib(ae.o)
    0x00000738   0x00000738   0x00000016   Code   RO         1199    i.ae_set_init_tasks_info  ae-lib-sim.lib(ae.o)
    0x0000074e   0x0000074e   0x00000016   Code   RO         1200    i.ae_set_sys_info   ae-lib-sim.lib(ae.o)
    0x00000764   0x00000764   0x0000009c   Code   RO          297    i.checkMemAllocated  k_mem.o
    0x00000800   0x00000800   0x00000012   Code   RO          298    i.computeBitArrayIndex  k_mem.o
    0x00000812   0x00000812   0x00000018   Code   RO          299    i.computeBuddyLevelIndex  k_mem.o
    0x0000082a   0x0000082a   0x00000012   Code   RO         1378    i.count_set_bits    ae-lib-sim.lib(ae_util.o)
    0x0000083c   0x0000083c   0x0000003a   Code   RO          301    i.expoToLevel       k_mem.o
    0x00000876   0x00000876   0x0000001c   Code   RO          302    i.findNextK         k_mem.o
    0x00000892   0x00000892   0x00000002   PAD
    0x00000894   0x00000894   0x0000004c   Code   RO         1289    i.gen_req0          ae-lib-sim.lib(ae_tasks77_g27.c.o)
    0x000008e0   0x000008e0   0x00000020   Code   RO          871    i.i2a               printf.o
    0x00000900   0x00000900   0x00000034   Code   RO          749    i.ind               queue.o
    0x00000934   0x00000934   0x0000007c   Code   RO         1290    i.init_ae_tsk_test  ae-lib-sim.lib(ae_tasks77_g27.c.o)
    0x000009b0   0x000009b0   0x00000014   Code   RO          872    i.init_printf       printf.o
    0x000009c4   0x000009c4   0x00000030   Code   RO          303    i.k_alloc_k_stack   k_mem.o
    0x000009f4   0x000009f4   0x0000002c   Code   RO          304    i.k_alloc_p_stack   k_mem.o
    0x00000a20   0x00000a20   0x00000078   Code   RO          432    i.k_mbx_create      k_msg.o
    0x00000a98   0x00000a98   0x00000060   Code   RO          433    i.k_mbx_get         k_msg.o
    0x00000af8   0x00000af8   0x00000050   Code   RO          434    i.k_mbx_ls          k_msg.o
    0x00000b48   0x00000b48   0x00000040   Code   RO          305    i.k_mem_init        k_mem.o
    0x00000b88   0x00000b88   0x00000160   Code   RO          306    i.k_mpool_alloc     k_mem.o
    0x00000ce8   0x00000ce8   0x000000a4   Code   RO          307    i.k_mpool_create    k_mem.o
    0x00000d8c   0x00000d8c   0x000003c0   Code   RO          308    i.k_mpool_dealloc   k_mem.o
    0x0000114c   0x0000114c   0x00000094   Code   RO          309    i.k_mpool_dump      k_mem.o
    0x000011e0   0x000011e0   0x00000030   Code   RO          572    i.k_pre_rtx_init    k_rtx_init.o
    0x00001210   0x00001210   0x00000012   Code   RO          435    i.k_recv_msg        k_msg.o
    0x00001222   0x00001222   0x00000012   Code   RO          436    i.k_recv_msg_nb     k_msg.o
    0x00001234   0x00001234   0x000001c0   Code   RO          437    i.k_recv_msg_shared  k_msg.o
    0x000013f4   0x000013f4   0x0000001a   Code   RO          617    i.k_rt_tsk_get      k_task.o
    0x0000140e   0x0000140e   0x00000004   Code   RO          619    i.k_rt_tsk_susp     k_task.o
    0x00001412   0x00001412   0x00000002   PAD
    0x00001414   0x00001414   0x00000038   Code   RO          573    i.k_rtx_init        k_rtx_init.o
    0x0000144c   0x0000144c   0x0000004c   Code   RO          438    i.k_send_msg        k_msg.o
    0x00001498   0x00001498   0x00000012   Code   RO          439    i.k_send_msg_nb     k_msg.o
    0x000014aa   0x000014aa   0x00000002   PAD
    0x000014ac   0x000014ac   0x000001c8   Code   RO          440    i.k_send_msg_shared  k_msg.o
    0x00001674   0x00001674   0x000000f8   Code   RO          620    i.k_tsk_create      k_task.o
    0x0000176c   0x0000176c   0x000000fc   Code   RO          621    i.k_tsk_create_new  k_task.o
    0x00001868   0x00001868   0x000000f0   Code   RO          622    i.k_tsk_exit        k_task.o
    0x00001958   0x00001958   0x000000c0   Code   RO          623    i.k_tsk_get         k_task.o
    0x00001a18   0x00001a18   0x0000000c   Code   RO          624    i.k_tsk_gettid      k_task.o
    0x00001a24   0x00001a24   0x0000010c   Code   RO          625    i.k_tsk_init        k_task.o
    0x00001b30   0x00001b30   0x0000001c   Code   RO          626    i.k_tsk_init_cdisp  k_task.o
    0x00001b4c   0x00001b4c   0x0000001c   Code   RO          627    i.k_tsk_init_first  k_task.o
    0x00001b68   0x00001b68   0x0000001c   Code   RO          628    i.k_tsk_init_kcd    k_task.o
    0x00001b84   0x00001b84   0x00000064   Code   RO          629    i.k_tsk_ls          k_task.o
    0x00001be8   0x00001be8   0x00000054   Code   RO          630    i.k_tsk_run_new     k_task.o
    0x00001c3c   0x00001c3c   0x000001c0   Code   RO          631    i.k_tsk_set_prio    k_task.o
    0x00001dfc   0x00001dfc   0x00000060   Code   RO          632    i.k_tsk_yield       k_task.o
    0x00001e5c   0x00001e5c   0x0000006c   Code   RO          441    i.mailbox_free      k_msg.o
    0x00001ec8   0x00001ec8   0x0000003a   Code   RO          442    i.mailbox_init      k_msg.o
    0x00001f02   0x00001f02   0x00000002   PAD
    0x00001f04   0x00001f04   0x00000030   Code   RO          443    i.mailbox_init_all  k_msg.o
    0x00001f34   0x00001f34   0x00000070   Code   RO         1125    i.main              ae-lib-sim.lib(main.o)
    0x00001fa4   0x00001fa4   0x000000ac   Code   RO          310    i.markMemAllocated  k_mem.o
    0x00002050   0x00002050   0x00000090   Code   RO          311    i.markMemFree       k_mem.o
    0x000020e0   0x000020e0   0x00000018   Code   RO          444    i.memcpy            k_msg.o
    0x000020f8   0x000020f8   0x00000022   Code   RO          750    i.peek              queue.o
    0x0000211a   0x0000211a   0x00000048   Code   RO          751    i.pop               queue.o
    0x00002162   0x00002162   0x00000008   Code   RO          312    i.pow2              k_mem.o
    0x0000216a   0x0000216a   0x0000001e   Code   RO          752    i.pq_init           queue.o
    0x00002188   0x00002188   0x00000086   Code   RO          753    i.pq_modify_priority  queue.o
    0x0000220e   0x0000220e   0x00000054   Code   RO          754    i.pq_push_back      queue.o
    0x00002262   0x00002262   0x0000004c   Code   RO          755    i.pq_push_front     queue.o
    0x000022ae   0x000022ae   0x00000002   PAD
    0x000022b0   0x000022b0   0x00000030   Code   RO          313    i.printFreeList     k_mem.o
    0x000022e0   0x000022e0   0x00000070   Code   RO         1379    i.print_log         ae-lib-sim.lib(ae_util.o)
    0x00002350   0x00002350   0x00000120   Code   RO         1380    i.print_results     ae-lib-sim.lib(ae_util.o)
    0x00002470   0x00002470   0x0000002c   Code   RO         1381    i.print_summary     ae-lib-sim.lib(ae_util.o)
    0x0000249c   0x0000249c   0x0000000e   Code   RO         1291    i.priv_task1        ae-lib-sim.lib(ae_tasks77_g27.c.o)
    0x000024aa   0x000024aa   0x00000002   PAD
    0x000024ac   0x000024ac   0x00000038   Code   RO         1382    i.process_sub_result  ae-lib-sim.lib(ae_util.o)
    0x000024e4   0x000024e4   0x00000044   Code   RO            4    i.putc              uart_polling.o
    0x00002528   0x00002528   0x00000052   Code   RO          873    i.putchw            printf.o
    0x0000257a   0x0000257a   0x0000000a   Code   RO          874    i.putcp             printf.o
    0x00002584   0x00002584   0x0000007e   Code   RO          445    i.ring_buf_add      k_msg.o
    0x00002602   0x00002602   0x0000000e   Code   RO          446    i.ring_buf_empty    k_msg.o
    0x00002610   0x00002610   0x0000000e   Code   RO          447    i.ring_buf_free     k_msg.o
    0x0000261e   0x0000261e   0x0000002a   Code   RO          448    i.ring_buf_init     k_msg.o
    0x00002648   0x00002648   0x0000000a   Code   RO          449    i.ring_buf_remaining  k_msg.o
    0x00002652   0x00002652   0x0000008e   Code   RO          450    i.ring_buf_remove   k_msg.o
    0x000026e0   0x000026e0   0x00000098   Code   RO          633    i.scheduler         k_task.o
    0x00002778   0x00002778   0x0000001c   Code   RO         1292    i.set_ae_init_tasks  ae-lib-sim.lib(ae_tasks77_g27.c.o)
    0x00002794   0x00002794   0x00000048   Code   RO         1293    i.set_ae_tasks      ae-lib-sim.lib(ae_tasks77_g27.c.o)
    0x000027dc   0x000027dc   0x00000020   Code   RO          968    i.str_cmp           kcd_task.o
    0x000027fc   0x000027fc   0x00000010   Code   RO          969    i.str_len           kcd_task.o
    0x0000280c   0x0000280c   0x00000020   Code   RO         1383    i.strcpy            ae-lib-sim.lib(ae_util.o)
    0x0000282c   0x0000282c   0x00000038   Code   RO         1294    i.task0             ae-lib-sim.lib(ae_tasks77_g27.c.o)
    0x00002864   0x00002864   0x00000064   Code   RO          934    i.task_cdisp        cdisp_task.o
    0x000028c8   0x000028c8   0x000002e8   Code   RO          970    i.task_kcd          kcd_task.o
    0x00002bb0   0x00002bb0   0x00000006   Code   RO         1008    i.task_null         null_task.o
    0x00002bb6   0x00002bb6   0x00000002   PAD
    0x00002bb8   0x00002bb8   0x00000218   Code   RO         1295    i.test0_start       ae-lib-sim.lib(ae_tasks77_g27.c.o)
    0x00002dd0   0x00002dd0   0x0000006c   Code   RO         1384    i.test_abort        ae-lib-sim.lib(ae_util.o)
    0x00002e3c   0x00002e3c   0x00000024   Code   RO         1385    i.test_exit         ae-lib-sim.lib(ae_util.o)
    0x00002e60   0x00002e60   0x00000128   Code   RO          875    i.tfp_format        printf.o
    0x00002f88   0x00002f88   0x0000002c   Code   RO          876    i.tfp_printf        printf.o
    0x00002fb4   0x00002fb4   0x0000002c   Code   RO          877    i.tfp_sprintf       printf.o
    0x00002fe0   0x00002fe0   0x00000078   Code   RO          314    i.topDownTraverseFreeLists  k_mem.o
    0x00003058   0x00003058   0x0000006c   Code   RO            6    i.uart_init         uart_polling.o
    0x000030c4   0x000030c4   0x0000009c   Code   RO           90    i.uart_irq_init     uart_irq.o
    0x00003160   0x00003160   0x00000034   Code   RO            7    i.uart_put_char     uart_polling.o
    0x00003194   0x00003194   0x00000026   Code   RO            8    i.uart_put_string   uart_polling.o
    0x000031ba   0x000031ba   0x00000056   Code   RO          878    i.ui2a              printf.o
    0x00003210   0x00003210   0x00000018   Code   RO         1296    i.update_ae_xtest   ae-lib-sim.lib(ae_tasks77_g27.c.o)
    0x00003228   0x00003228   0x0000000e   Code   RO          762    i.waiting_pq_empty  queue.o
    0x00003236   0x00003236   0x0000000a   Code   RO          763    i.waiting_pq_init   queue.o
    0x00003240   0x00003240   0x00000044   Code   RO          764    i.waiting_pq_move_to_end  queue.o
    0x00003284   0x00003284   0x0000002e   Code   RO          765    i.waiting_pq_peek   queue.o
    0x000032b2   0x000032b2   0x00000084   Code   RO          766    i.waiting_pq_pop    queue.o
    0x00003336   0x00003336   0x0000002a   Code   RO          767    i.waiting_pq_push   queue.o
    0x00003360   0x00003360   0x0000001b   Data   RO         1298    .constdata          ae-lib-sim.lib(ae_tasks77_g27.c.o)
    0x0000337b   0x0000337b   0x00000001   PAD
    0x0000337c   0x0000337c   0x00000020   Data   RO         1497    Region$$Table       anon$$obj.o


    Execution Region RW_IRAM1 (Exec base: 0x10000000, Load base: 0x0000339c, Size: 0x00000cd0, Max: 0x00007000, ABSOLUTE)

    Exec Addr    Load Addr    Size         Type   Attr      Idx    E Section Name        Object

    0x10000000   0x0000339c   0x00000010   Data   RW           92    .data               uart_irq.o
    0x10000010   0x000033ac   0x00000004   Data   RW          191    .data               timer.o
    0x10000014   0x000033b0   0x00000004   Data   RW          317    .data               k_mem.o
    0x10000018   0x000033b4   0x00000004   Data   RW          574    .data               k_rtx_init.o
    0x1000001c   0x000033b8   0x0000001c   Data   RW          635    .data               k_task.o
    0x10000038   0x000033d4   0x00000008   Data   RW          879    .data               printf.o
    0x10000040   0x000033dc   0x00000004   Data   RW          935    .data               cdisp_task.o
    0x10000044   0x000033e0   0x00000004   Data   RW          972    .data               kcd_task.o
    0x10000048   0x000033e4   0x00000010   Data   RW         1126    .data               ae-lib-sim.lib(main.o)
    0x10000058   0x000033f4   0x00000009   Data   RW         1299    .data               ae-lib-sim.lib(ae_tasks77_g27.c.o)
    0x10000061   0x000033fd   0x00000003   PAD
    0x10000064        -       0x000000a0   Zero   RW           91    .bss                uart_irq.o
    0x10000104   0x000033fd   0x00000004   PAD
    0x10000108        -       0x0000036c   Zero   RW          315    .bss                k_mem.o
    0x10000474        -       0x00000268   Zero   RW          451    .bss                k_msg.o
    0x100006dc        -       0x000001b8   Zero   RW          634    .bss                k_task.o
    0x10000894        -       0x000000fe   Zero   RW          971    .bss                kcd_task.o
    0x10000992   0x000033fd   0x00000002   PAD
    0x10000994        -       0x00000060   Zero   RW         1234    .bss                c_w.l(libspace.o)
    0x100009f4        -       0x000000d8   Zero   RW         1297    .bss                ae-lib-sim.lib(ae_tasks77_g27.c.o)
    0x10000acc   0x000033fd   0x00000004   PAD
    0x10000ad0        -       0x00000000   Zero   RW         1046    HEAP                startup_lpc17xx.o
    0x10000ad0        -       0x00000200   Zero   RW         1045    STACK               startup_lpc17xx.o


==============================================================================

Image component sizes


      Code (inc. data)   RO Data    RW Data    ZI Data      Debug   Object Name

       100         14          0          4          0       1525   cdisp_task.o
       304         24          0          0          0       5798   hal.o
      2556        194          0          4        876      15192   k_mem.o
      1916        104          0          0        616      14034   k_msg.o
       104          6          0          4          0       5694   k_rtx_init.o
      2262        210          0         28        440      16722   k_task.o
       792        164          0          4        254       3308   kcd_task.o
         6          0          0          0          0        432   null_task.o
       722         26          0          8          0       6838   printf.o
       794          0          0          0          0       8636   queue.o
        64         26        204          0        512       1068   startup_lpc17xx.o
       320         18          0          0          0        609   system_lpc17xx.o
        24          4          0          4          0       1520   timer.o
       538         62          0         16        160       6893   uart_irq.o
       266         62          0          0          0      24341   uart_polling.o

    ----------------------------------------------------------------------
     10786        914        236         72       2864     112610   Object Totals
         0          0         32          0          0          0   (incl. Generated)
        18          0          0          0          6          0   (incl. Padding)

    ----------------------------------------------------------------------

      Code (inc. data)   RO Data    RW Data    ZI Data      Debug   Library Member Name

        96          0          0          0          0       5063   ae.o
       930        270         27          9        216       6559   ae_tasks77_g27.c.o
       742        390          0          0          0       6038   ae_util.o
       112         22          0         16          0       4963   main.o
         8          0          0          0          0         68   __main.o
         0          0          0          0          0          0   __rtentry.o
        12          0          0          0          0          0   __rtentry2.o
         6          0          0          0          0          0   __rtentry4.o
        52          8          0          0          0          0   __scatter.o
        26          0          0          0          0          0   __scatter_copy.o
        28          0          0          0          0          0   __scatter_zi.o
        18          0          0          0          0         80   exit.o
         6          0          0          0          0        152   heapauxi.o
         0          0          0          0          0          0   indicate_semi.o
         2          0          0          0          0          0   libinit.o
         2          0          0          0          0          0   libinit2.o
         2          0          0          0          0          0   libshutdown.o
         2          0          0          0          0          0   libshutdown2.o
         8          4          0          0         96         68   libspace.o
         2          0          0          0          0          0   rtexit.o
        10          0          0          0          0          0   rtexit2.o
        12          4          0          0          0         68   sys_exit.o
        74          0          0          0          0         80   sys_stackheap_outer.o
         2          0          0          0          0         68   use_no_semi.o

    ----------------------------------------------------------------------
      2162        698         28         28        316      23207   Library Totals
        10          0          1          3          4          0   (incl. Padding)

    ----------------------------------------------------------------------

      Code (inc. data)   RO Data    RW Data    ZI Data      Debug   Library Name

      1880        682         27         25        216      22623   ae-lib-sim.lib
       272         16          0          0         96        584   c_w.l

    ----------------------------------------------------------------------
      2162        698         28         28        316      23207   Library Totals

    ----------------------------------------------------------------------

==============================================================================


      Code (inc. data)   RO Data    RW Data    ZI Data      Debug   

     12948       1612        264        100       3180     129781   Grand Totals
     12948       1612        264        100       3180     129781   ELF Image Totals
     12948       1612        264        100          0          0   ROM Totals

==============================================================================

    Total RO  Size (Code + RO Data)                13212 (  12.90kB)
    Total RW  Size (RW Data + ZI Data)              3280 (   3.20kB)
    Total ROM Size (Code + RO Data + RW Data)      13312 (  13.00kB)

==============================================================================

