Component: ARM Compiler 5.06 update 7 (build 960) Tool: armlink [4d3601]

==============================================================================

Section Cross References

    uart_polling.o(i.putc) refers to uart_polling.o(i.uart_put_string) for uart_put_string
    uart_polling.o(i.putc) refers to uart_polling.o(i.uart_put_char) for uart_put_char
    uart_polling.o(i.uart_put_string) refers to uart_polling.o(i.uart_put_char) for uart_put_char
    uart_irq.o(i.UART0_IRQHandler) refers to k_msg.o(i.k_send_msg_nb) for k_send_msg_nb
    uart_irq.o(i.UART0_IRQHandler) refers to printf.o(i.tfp_printf) for tfp_printf
    uart_irq.o(i.UART0_IRQHandler) refers to k_msg.o(i.k_recv_msg_nb) for k_recv_msg_nb
    uart_irq.o(i.UART0_IRQHandler) refers to k_task.o(i.k_tsk_yield) for k_tsk_yield
    uart_irq.o(i.UART0_IRQHandler) refers to uart_irq.o(.data) for g_send_char
    uart_irq.o(i.UART0_IRQHandler) refers to uart_irq.o(.bss) for g_send_buf
    uart_irq.o(i.uart_irq_init) refers to uart_irq.o(i.__NVIC_SetPriority) for __NVIC_SetPriority
    uart_irq.o(i.uart_irq_init) refers to uart_irq.o(i.__NVIC_EnableIRQ) for __NVIC_EnableIRQ
    timer.o(i.TIMER0_IRQHandler) refers to timer.o(.data) for g_timer_count
    timer.o(i.timer_irq_init) refers to timer.o(.data) for g_timer_count
    hal.o(i.SVC_Handler) refers to k_rtx_init.o(i.k_rtx_init) for k_rtx_init
    hal.o(i.SVC_Handler) refers to k_mem.o(i.k_mpool_alloc) for k_mpool_alloc
    hal.o(i.SVC_Handler) refers to k_mem.o(i.k_mpool_dealloc) for k_mpool_dealloc
    hal.o(i.SVC_Handler) refers to k_mem.o(i.k_mpool_dump) for k_mpool_dump
    hal.o(i.SVC_Handler) refers to k_task.o(i.k_tsk_create) for k_tsk_create
    hal.o(i.SVC_Handler) refers to k_task.o(i.k_tsk_exit) for k_tsk_exit
    hal.o(i.SVC_Handler) refers to k_task.o(i.k_tsk_yield) for k_tsk_yield
    hal.o(i.SVC_Handler) refers to k_task.o(i.k_tsk_set_prio) for k_tsk_set_prio
    hal.o(i.SVC_Handler) refers to k_task.o(i.k_tsk_get) for k_tsk_get
    hal.o(i.SVC_Handler) refers to k_task.o(i.k_tsk_gettid) for k_tsk_gettid
    hal.o(i.SVC_Handler) refers to k_task.o(i.k_tsk_ls) for k_tsk_ls
    hal.o(i.SVC_Handler) refers to k_msg.o(i.k_mbx_create) for k_mbx_create
    hal.o(i.SVC_Handler) refers to k_msg.o(i.k_send_msg) for k_send_msg
    hal.o(i.SVC_Handler) refers to k_msg.o(i.k_send_msg_nb) for k_send_msg_nb
    hal.o(i.SVC_Handler) refers to k_msg.o(i.k_recv_msg) for k_recv_msg
    hal.o(i.SVC_Handler) refers to k_msg.o(i.k_recv_msg_nb) for k_recv_msg_nb
    hal.o(i.SVC_Handler) refers to k_msg.o(i.k_mbx_ls) for k_mbx_ls
    hal.o(i.SVC_Handler) refers to k_msg.o(i.k_mbx_get) for k_mbx_get
    hal.o(i.SVC_Handler) refers to k_task.o(i.k_rt_tsk_set) for k_rt_tsk_set
    hal.o(i.SVC_Handler) refers to k_task.o(i.k_rt_tsk_susp) for k_rt_tsk_susp
    hal.o(i.SVC_Handler) refers to k_task.o(i.k_rt_tsk_get) for k_rt_tsk_get
    k_mem.o(i.checkMemAllocated) refers to k_mem.o(i.computeBitArrayIndex) for computeBitArrayIndex
    k_mem.o(i.checkMemAllocated) refers to k_mem.o(.bss) for memory_bit_array
    k_mem.o(i.computeBitArrayIndex) refers to k_mem.o(i.pow2) for pow2
    k_mem.o(i.computeMemBlkAddress) refers to k_mem.o(i.pow2) for pow2
    k_mem.o(i.k_alloc_k_stack) refers to k_rtx_init.o(.data) for errno
    k_mem.o(i.k_alloc_k_stack) refers to k_mem.o(.data) for g_k_stacks
    k_mem.o(i.k_alloc_p_stack) refers to k_rtx_init.o(.data) for errno
    k_mem.o(i.k_alloc_p_stack) refers to k_mem.o(.bss) for g_p_stacks
    k_mem.o(i.k_mem_init) refers to k_mem.o(i.k_mpool_create) for k_mpool_create
    k_mem.o(i.k_mpool_alloc) refers to k_mem.o(i.findNextK) for findNextK
    k_mem.o(i.k_mpool_alloc) refers to k_mem.o(i.expoToLevel) for expoToLevel
    k_mem.o(i.k_mpool_alloc) refers to k_mem.o(i.markMemAllocated) for markMemAllocated
    k_mem.o(i.k_mpool_alloc) refers to k_mem.o(i.topDownTraverseFreeLists) for topDownTraverseFreeLists
    k_mem.o(i.k_mpool_alloc) refers to k_rtx_init.o(.data) for errno
    k_mem.o(i.k_mpool_alloc) refers to k_mem.o(.bss) for mem_pool_1_heads
    k_mem.o(i.k_mpool_create) refers to k_rtx_init.o(.data) for errno
    k_mem.o(i.k_mpool_create) refers to k_mem.o(.bss) for mem_pool_1_heads
    k_mem.o(i.k_mpool_dealloc) refers to k_mem.o(i.checkMemAllocated) for checkMemAllocated
    k_mem.o(i.k_mpool_dealloc) refers to k_mem.o(i.markMemFree) for markMemFree
    k_mem.o(i.k_mpool_dealloc) refers to k_mem.o(i.computeBuddyLevelIndex) for computeBuddyLevelIndex
    k_mem.o(i.k_mpool_dealloc) refers to k_mem.o(i.pow2) for pow2
    k_mem.o(i.k_mpool_dealloc) refers to k_rtx_init.o(.data) for errno
    k_mem.o(i.k_mpool_dealloc) refers to k_mem.o(.bss) for mem_pool_1_heads
    k_mem.o(i.k_mpool_dump) refers to k_mem.o(i.printFreeList) for printFreeList
    k_mem.o(i.k_mpool_dump) refers to printf.o(i.tfp_printf) for tfp_printf
    k_mem.o(i.k_mpool_dump) refers to k_mem.o(.bss) for mem_pool_1_heads
[...]
    ae_util.o(i.test_exit) refers to ae_util.o(i.print_summary) for print_summary
    ae_util.o(i.test_exit) refers to ae_tasks77_g27.c.o(.constdata) for PREFIX
    sys_wrch.o(.text) refers (Special) to use_no_semi.o(.text) for __I$use$semihosting
    sys_wrch.o(.text) refers (Special) to indicate_semi.o(.text) for __semihosting_library_function
    defsig.o(CL$$defsig) refers to defsig_fpe_inner.o(.text) for __rt_SIGFPE_inner
    defsig.o(CL$$defsig) refers to defsig_rtmem_inner.o(.text) for __rt_SIGRTMEM_inner
    _get_argv_nomalloc.o(.text) refers (Special) to hrguard.o(.text) for __heap_region$guard
    _get_argv_nomalloc.o(.text) refers to defsig_rtmem_outer.o(.text) for __rt_SIGRTMEM
    _get_argv_nomalloc.o(.text) refers to sys_command.o(.text) for _sys_command_string
    libshutdown.o(.ARM.Collect$$libshutdown$$00000000) refers (Special) to libshutdown2.o(.ARM.Collect$$libshutdown$$00000004) for __rt_lib_shutdown_cpp_1
    libshutdown.o(.ARM.Collect$$libshutdown$$00000000) refers (Special) to libshutdown2.o(.ARM.Collect$$libshutdown$$00000002) for __rt_lib_shutdown_fini_1
    libshutdown.o(.ARM.Collect$$libshutdown$$00000000) refers (Special) to libshutdown2.o(.ARM.Collect$$libshutdown$$00000009) for __rt_lib_shutdown_fp_trap_1
    libshutdown.o(.ARM.Collect$$libshutdown$$00000000) refers (Special) to libshutdown2.o(.ARM.Collect$$libshutdown$$00000011) for __rt_lib_shutdown_heap_1
    libshutdown.o(.ARM.Collect$$libshutdown$$00000000) refers (Special) to libshutdown2.o(.ARM.Collect$$libshutdown$$00000012) for __rt_lib_shutdown_return
    libshutdown.o(.ARM.Collect$$libshutdown$$00000000) refers (Special) to libshutdown2.o(.ARM.Collect$$libshutdown$$0000000C) for __rt_lib_shutdown_signal_1
    libshutdown.o(.ARM.Collect$$libshutdown$$00000000) refers (Special) to libshutdown2.o(.ARM.Collect$$libshutdown$$00000006) for __rt_lib_shutdown_stdio_1
    libshutdown.o(.ARM.Collect$$libshutdown$$00000000) refers (Special) to libshutdown2.o(.ARM.Collect$$libshutdown$$0000000E) for __rt_lib_shutdown_user_alloc_1
    sys_command.o(.text) refers (Special) to use_no_semi.o(.text) for __I$use$semihosting
    sys_command.o(.text) refers (Special) to indicate_semi.o(.text) for __semihosting_library_function
    defsig_abrt_inner.o(.text) refers to defsig_general.o(.text) for __default_signal_display
    defsig_rtred_inner.o(.text) refers to defsig_general.o(.text) for __default_signal_display
    defsig_rtmem_inner.o(.text) refers to defsig_general.o(.text) for __default_signal_display
    defsig_rtmem_outer.o(.text) refers to defsig_rtmem_inner.o(.text) for __rt_SIGRTMEM_inner
    defsig_rtmem_outer.o(.text) refers to defsig_exit.o(.text) for __sig_exit
    defsig_rtmem_formal.o(.text) refers to rt_raise.o(.text) for __rt_raise
    defsig_stak_inner.o(.text) refers to defsig_general.o(.text) for __default_signal_display
    defsig_pvfn_inner.o(.text) refers to defsig_general.o(.text) for __default_signal_display
    defsig_cppl_inner.o(.text) refers to defsig_general.o(.text) for __default_signal_display
    defsig_segv_inner.o(.text) refers to defsig_general.o(.text) for __default_signal_display
    defsig_other.o(.text) refers to defsig_general.o(.text) for __default_signal_display


==============================================================================

Removing Unused input sections from the image.

    Removing uart_polling.o(.rev16_text), (4 bytes).
    Removing uart_polling.o(.revsh_text), (4 bytes).
    Removing uart_polling.o(.rrx_text), (6 bytes).
    Removing uart_polling.o(i.uart_get_char), (48 bytes).
    Removing uart_irq.o(.rev16_text), (4 bytes).
    Removing uart_irq.o(.revsh_text), (4 bytes).
    Removing uart_irq.o(.rrx_text), (6 bytes).
    Removing timer.o(.rev16_text), (4 bytes).
    Removing timer.o(.revsh_text), (4 bytes).
    Removing timer.o(.rrx_text), (6 bytes).
    Removing timer.o(i.get_tick), (72 bytes).
    Removing timer.o(i.timer_freerun_init), (152 bytes).
    Removing timer.o(i.timer_irq_init), (128 bytes).
    Removing hal.o(.rev16_text), (4 bytes).
    Removing hal.o(.revsh_text), (4 bytes).
    Removing hal.o(.rrx_text), (6 bytes).
    Removing k_mem.o(.rev16_text), (4 bytes).
    Removing k_mem.o(.revsh_text), (4 bytes).
    Removing k_mem.o(.rrx_text), (6 bytes).
    Removing k_mem.o(i.computeMemBlkAddress), (64 bytes).
    Removing k_mem.o(.constdata), (8 bytes).
    Removing k_msg.o(.rev16_text), (4 bytes).
    Removing k_msg.o(.revsh_text), (4 bytes).
    Removing k_msg.o(.rrx_text), (6 bytes).
    Removing k_rtx_init.o(.rev16_text), (4 bytes).
    Removing k_rtx_init.o(.revsh_text), (4 bytes).
    Removing k_rtx_init.o(.rrx_text), (6 bytes).
    Removing k_rtx_init.o(i.k_get_sys_info), (6 bytes).
    Removing k_task.o(.rev16_text), (4 bytes).
    Removing k_task.o(.revsh_text), (4 bytes).
    Removing k_task.o(.rrx_text), (6 bytes).
    Removing queue.o(i.queue_init), (28 bytes).
    Removing queue.o(i.queue_isEmpty), (14 bytes).
    Removing queue.o(i.queue_isFull), (18 bytes).
    Removing queue.o(i.queue_peak), (14 bytes).
    Removing queue.o(i.queue_pop), (68 bytes).
    Removing queue.o(i.queue_push_back), (38 bytes).
    Removing cdisp_task.o(.rev16_text), (4 bytes).
    Removing cdisp_task.o(.revsh_text), (4 bytes).
    Removing cdisp_task.o(.rrx_text), (6 bytes).
    Removing kcd_task.o(.rev16_text), (4 bytes).
    Removing kcd_task.o(.revsh_text), (4 bytes).
    Removing kcd_task.o(.rrx_text), (6 bytes).
    Removing null_task.o(.rev16_text), (4 bytes).
    Removing null_task.o(.revsh_text), (4 bytes).
    Removing null_task.o(.rrx_text), (6 bytes).
    Removing wall_clock_task.o(i.task_wall_clock), (2 bytes).
    Removing system_lpc17xx.o(.rev16_text), (4 bytes).
    Removing system_lpc17xx.o(.revsh_text), (4 bytes).
    Removing system_lpc17xx.o(.rrx_text), (6 bytes).
    Removing system_lpc17xx.o(i.SystemCoreClockUpdate), (424 bytes).
    Removing system_lpc17xx.o(.data), (4 bytes).
    Removing main.o(.rev16_text), (4 bytes).
    Removing main.o(.revsh_text), (4 bytes).

54 unused section(s) (total 1264 bytes) removed from the image.

==============================================================================

Image Symbol Table

    Local Symbols

    Symbol Name                              Value     Ov Type        Size  Object(Section)

    ../clib/angel/boardlib.s                 0x00000000   Number         0  boardshut.o ABSOLUTE
    ../clib/angel/boardlib.s                 0x00000000   Number         0  boardinit1.o ABSOLUTE
    ../clib/angel/boardlib.s                 0x00000000   Number         0  boardinit3.o ABSOLUTE
    ../clib/angel/boardlib.s                 0x00000000   Number         0  boardinit2.o ABSOLUTE
    ../clib/angel/handlers.s                 0x00000000   Number         0  __scatter_zi.o ABSOLUTE
    ../clib/angel/handlers.s                 0x00000000   Number         0  __scatter_copy.o ABSOLUTE
    ../clib/angel/kernel.s                   0x00000000   Number         0  rtexit.o ABSOLUTE
    ../clib/angel/kernel.s                   0x00000000   Number         0  __rtentry4.o ABSOLUTE
    ../clib/angel/kernel.s                   0x00000000   Number         0  __rtentry.o ABSOLUTE
    ../clib/angel/kernel.s                   0x00000000   Number         0  rtexit2.o ABSOLUTE
    ../clib/angel/kernel.s                   0x00000000   Number         0  __rtentry2.o ABSOLUTE
    ../clib/angel/rt.s                       0x00000000   Number         0  rt_raise.o ABSOLUTE
    ../clib/angel/rt.s                       0x00000000   Number         0  rt_div0.o ABSOLUTE
    ../clib/angel/rt.s                       0x00000000   Number         0  aeabi_ldiv0.o ABSOLUTE
    ../clib/angel/rt.s                       0x00000000   Number         0  aeabi_ldiv0_sigfpe.o ABSOLUTE
    ../clib/angel/scatter.s                  0x00000000   Number         0  __scatter.o ABSOLUTE
    ../clib/angel/startup.s                  0x00000000   Number         0  __main.o ABSOLUTE
    ../clib/angel/sys.s                      0x00000000   Number         0  libspace.o ABSOLUTE
    ../clib/angel/sys.s                      0x00000000   Number         0  indicate_semi.o ABSOLUTE
    ../clib/angel/sys.s                      0x00000000   Number         0  use_no_semi.o ABSOLUTE
    ../clib/angel/sys.s                      0x00000000   Number         0  sys_stackheap_outer.o ABSOLUTE
    ../clib/angel/sysapp.c                   0x00000000   Number         0  sys_command.o ABSOLUTE
    ../clib/angel/sysapp.c                   0x00000000   Number         0  sys_exit.o ABSOLUTE
    ../clib/angel/sysapp.c                   0x00000000   Number         0  sys_wrch.o ABSOLUTE
    ../clib/armsys.c                         0x00000000   Number         0  no_argv.o ABSOLUTE
    ../clib/armsys.c                         0x00000000   Number         0  _get_argv_nomalloc.o ABSOLUTE
    ../clib/armsys.c                         0x00000000   Number         0  argv_veneer.o ABSOLUTE
    ../clib/armsys.c                         0x00000000   Number         0  argv_veneer.o ABSOLUTE
    ../clib/heapalloc.c                      0x00000000   Number         0  hrguard.o ABSOLUTE
    ../clib/heapaux.c                        0x00000000   Number         0  heapauxi.o ABSOLUTE
    ../clib/libinit.s                        0x00000000   Number         0  libshutdown.o ABSOLUTE
    ../clib/libinit.s                        0x00000000   Number         0  libshutdown2.o ABSOLUTE
    ../clib/libinit.s                        0x00000000   Number         0  libinit.o ABSOLUTE
    ../clib/libinit.s                        0x00000000   Number         0  libinit2.o ABSOLUTE
    ../clib/longlong.s                       0x00000000   Number         0  lludivv7m.o ABSOLUTE
    ../clib/memcpset.s                       0x00000000   Number         0  rt_memcpy_w.o ABSOLUTE
    ../clib/signal.c                         0x00000000   Number         0  defsig_rtmem_formal.o ABSOLUTE
    ../clib/signal.c                         0x00000000   Number         0  defsig_abrt_inner.o ABSOLUTE
    ../clib/signal.c                         0x00000000   Number         0  defsig_rtmem_outer.o ABSOLUTE
    ../clib/signal.c                         0x00000000   Number         0  defsig_rtmem_inner.o ABSOLUTE
    ../clib/signal.c                         0x00000000   Number         0  defsig_general.o ABSOLUTE
    ../clib/signal.c                         0x00000000   Number         0  __raise.o ABSOLUTE
    ../clib/signal.c                         0x00000000   Number         0  defsig_fpe_inner.o ABSOLUTE
    ../clib/signal.c                         0x00000000   Number         0  defsig_exit.o ABSOLUTE
    ../clib/signal.c                         0x00000000   Number         0  defsig_rtred_inner.o ABSOLUTE
    ../clib/signal.c                         0x00000000   Number         0  defsig_fpe_outer.o ABSOLUTE
    ../clib/signal.c                         0x00000000   Number         0  defsig_fpe_formal.o ABSOLUTE
    ../clib/signal.c                         0x00000000   Number         0  defsig_other.o ABSOLUTE
    ../clib/signal.c                         0x00000000   Number         0  defsig_segv_inner.o ABSOLUTE
    ../clib/signal.c                         0x00000000   Number         0  defsig_cppl_inner.o ABSOLUTE
    ../clib/signal.c                         0x00000000   Number         0  defsig_pvfn_inner.o ABSOLUTE
    ../clib/signal.c                         0x00000000   Number         0  defsig_stak_inner.o ABSOLUTE
    ../clib/signal.s                         0x00000000   Number         0  defsig.o ABSOLUTE
    ../clib/stdlib.c                         0x00000000   Number         0  exit.o ABSOLUTE
    ../fplib/fpinit.s                        0x00000000   Number         0  fpinit.o ABSOLUTE
    RTE\Device\LPC1768\startup_LPC17xx.s     0x00000000   Number         0  startup_lpc17xx.o ABSOLUTE
    RTE\Device\LPC1768\system_LPC17xx.c      0x00000000   Number         0  system_lpc17xx.o ABSOLUTE
    RTE\\Device\\LPC1768\\system_LPC17xx.c   0x00000000   Number         0  system_lpc17xx.o ABSOLUTE
    dc.s                                     0x00000000   Number         0  dc.o ABSOLUTE
    src\\bsp\\LPC1768\\timer.c               0x00000000   Number         0  timer.o ABSOLUTE
    src\\bsp\\LPC1768\\uart_irq.c            0x00000000   Number         0  uart_irq.o ABSOLUTE
    src\\bsp\\LPC1768\\uart_polling.c        0x00000000   Number         0  uart_polling.o ABSOLUTE
    src\\kernel\\HAL.c                       0x00000000   Number         0  hal.o ABSOLUTE
    src\\kernel\\k_mem.c                     0x00000000   Number         0  k_mem.o ABSOLUTE
    src\\kernel\\k_msg.c                     0x00000000   Number         0  k_msg.o ABSOLUTE
    src\\kernel\\k_rtx_init.c                0x00000000   Number         0  k_rtx_init.o ABSOLUTE
    src\\kernel\\k_task.c                    0x00000000   Number         0  k_task.o ABSOLUTE
    src\\main.c                              0x00000000   Number         0  main.o ABSOLUTE
    src\\tasks\\cdisp_task.c                 0x00000000   Number         0  cdisp_task.o ABSOLUTE
    src\\tasks\\kcd_task.c                   0x00000000   Number         0  kcd_task.o ABSOLUTE
    src\\tasks\\null_task.c                  0x00000000   Number         0  null_task.o ABSOLUTE
    src\ae\ae.c                              0x00000000   Number         0  ae.o ABSOLUTE
    src\ae\ae_tasks77_G27.c.c                0x00000000   Number         0  ae_tasks77_g27.c.o ABSOLUTE
    src\ae\ae_util.c                         0x00000000   Number         0  ae_util.o ABSOLUTE
    src\bsp\LPC1768\timer.c                  0x00000000   Number         0  timer.o ABSOLUTE
    src\bsp\LPC1768\uart_irq.c               0x00000000   Number         0  uart_irq.o ABSOLUTE
    src\bsp\LPC1768\uart_polling.c           0x00000000   Number         0  uart_polling.o ABSOLUTE
    src\kernel\HAL.c                         0x00000000   Number         0  hal.o ABSOLUTE
    src\kernel\k_mem.c                       0x00000000   Number         0  k_mem.o ABSOLUTE
    src\kernel\k_msg.c                       0x00000000   Number         0  k_msg.o ABSOLUTE
    src\kernel\k_rtx_init.c                  0x00000000   Number         0  k_rtx_init.o ABSOLUTE
    src\kernel\k_task.c                      0x00000000   Number         0  k_task.o ABSOLUTE
    src\kernel\queue.c                       0x00000000   Number         0  queue.o ABSOLUTE
    src\libu\printf.c                        0x00000000   Number         0  printf.o ABSOLUTE
    src\main.c                               0x00000000   Number         0  main.o ABSOLUTE
    src\tasks\cdisp_task.c                   0x00000000   Number         0  cdisp_task.o ABSOLUTE
    src\tasks\kcd_task.c                     0x00000000   Number         0  kcd_task.o ABSOLUTE
    src\tasks\null_task.c                    0x00000000   Number         0  null_task.o ABSOLUTE
    src\tasks\wall_clock_task.c              0x00000000   Number         0  wall_clock_task.o ABSOLUTE
    RESET                                    0x10000000   Section      204  startup_lpc17xx.o(RESET)
    !!!main                                  0x100000cc   Section        8  __main.o(!!!main)
    !!!scatter                               0x100000d4   Section       52  __scatter.o(!!!scatter)
    !!handler_copy                           0x10000108   Section       26  __scatter_copy.o(!!handler_copy)
    !!handler_zi                             0x10000124   Section       28  __scatter_zi.o(!!handler_zi)
    .ARM.Collect$$libinit$$00000000          0x10000140   Section        2  libinit.o(.ARM.Collect$$libinit$$00000000)
    .ARM.Collect$$libinit$$00000002          0x10000142   Section        0  libinit2.o(.ARM.Collect$$libinit$$00000002)
    .ARM.Collect$$libinit$$00000004          0x10000142   Section        0  libinit2.o(.ARM.Collect$$libinit$$00000004)
    .ARM.Collect$$libinit$$0000000A          0x10000142   Section        0  libinit2.o(.ARM.Collect$$libinit$$0000000A)
    .ARM.Collect$$libinit$$0000000C          0x10000142   Section        0  libinit2.o(.ARM.Collect$$libinit$$0000000C)
    .ARM.Collect$$libinit$$0000000E          0x10000142   Section        0  libinit2.o(.ARM.Collect$$libinit$$0000000E)
    .ARM.Collect$$libinit$$00000011          0x10000142   Section        0  libinit2.o(.ARM.Collect$$libinit$$00000011)
    .ARM.Collect$$libinit$$00000013          0x10000142   Section        0  libinit2.o(.ARM.Collect$$libinit$$00000013)
    .ARM.Collect$$libinit$$00000015          0x10000142   Section        0  libinit2.o(.ARM.Collect$$libinit$$00000015)
    .ARM.Collect$$libinit$$00000017          0x10000142   Section        0  libinit2.o(.ARM.Collect$$libinit$$00000017)
    .ARM.Collect$$libinit$$00000019          0x10000142   Section        0  libinit2.o(.ARM.Collect$$libinit$$00000019)
    .ARM.Collect$$libinit$$0000001B          0x10000142   Section        0  libinit2.o(.ARM.Collect$$libinit$$0000001B)
    .ARM.Collect$$libinit$$0000001D          0x10000142   Section        0  libinit2.o(.ARM.Collect$$libinit$$0000001D)
    .ARM.Collect$$libinit$$0000001F          0x10000142   Section        0  libinit2.o(.ARM.Collect$$libinit$$0000001F)
    .ARM.Collect$$libinit$$00000021          0x10000142   Section        0  libinit2.o(.ARM.Collect$$libinit$$00000021)
    .ARM.Collect$$libinit$$00000023          0x10000142   Section        0  libinit2.o(.ARM.Collect$$libinit$$00000023)
    .ARM.Collect$$libinit$$00000025          0x10000142   Section        0  libinit2.o(.ARM.Collect$$libinit$$00000025)
    .ARM.Collect$$libinit$$0000002C          0x10000142   Section        0  libinit2.o(.ARM.Collect$$libinit$$0000002C)
    .ARM.Collect$$libinit$$0000002E          0x10000142   Section        0  libinit2.o(.ARM.Collect$$libinit$$0000002E)
    .ARM.Collect$$libinit$$00000030          0x10000142   Section        0  libinit2.o(.ARM.Collect$$libinit$$00000030)
    .ARM.Collect$$libinit$$00000032          0x10000142   Section        0  libinit2.o(.ARM.Collect$$libinit$$00000032)
    .ARM.Collect$$libinit$$00000033          0x10000142   Section        2  libinit2.o(.ARM.Collect$$libinit$$00000033)
    .ARM.Collect$$libshutdown$$00000000      0x10000144   Section        2  libshutdown.o(.ARM.Collect$$libshutdown$$00000000)
    .ARM.Collect$$libshutdown$$00000002      0x10000146   Section        0  libshutdown2.o(.ARM.Collect$$libshutdown$$00000002)
    .ARM.Collect$$libshutdown$$00000004      0x10000146   Section        0  libshutdown2.o(.ARM.Collect$$libshutdown$$00000004)
    .ARM.Collect$$libshutdown$$00000006      0x10000146   Section        0  libshutdown2.o(.ARM.Collect$$libshutdown$$00000006)
    .ARM.Collect$$libshutdown$$00000009      0x10000146   Section        0  libshutdown2.o(.ARM.Collect$$libshutdown$$00000009)
    .ARM.Collect$$libshutdown$$0000000C      0x10000146   Section        0  libshutdown2.o(.ARM.Collect$$libshutdown$$0000000C)
    .ARM.Collect$$libshutdown$$0000000E      0x10000146   Section        0  libshutdown2.o(.ARM.Collect$$libshutdown$$0000000E)
    .ARM.Collect$$libshutdown$$00000011      0x10000146   Section        0  libshutdown2.o(.ARM.Collect$$libshutdown$$00000011)
    .ARM.Collect$$libshutdown$$00000012      0x10000146   Section        2  libshutdown2.o(.ARM.Collect$$libshutdown$$00000012)
    .ARM.Collect$$rtentry$$00000000          0x10000148   Section        0  __rtentry.o(.ARM.Collect$$rtentry$$00000000)
    .ARM.Collect$$rtentry$$00000002          0x10000148   Section        0  __rtentry2.o(.ARM.Collect$$rtentry$$00000002)
    .ARM.Collect$$rtentry$$00000004          0x10000148   Section        6  __rtentry4.o(.ARM.Collect$$rtentry$$00000004)
    .ARM.Collect$$rtentry$$00000009          0x1000014e   Section        0  __rtentry2.o(.ARM.Collect$$rtentry$$00000009)
    .ARM.Collect$$rtentry$$0000000A          0x1000014e   Section        4  __rtentry2.o(.ARM.Collect$$rtentry$$0000000A)
    .ARM.Collect$$rtentry$$0000000C          0x10000152   Section        0  __rtentry2.o(.ARM.Collect$$rtentry$$0000000C)
    .ARM.Collect$$rtentry$$0000000D          0x10000152   Section        8  __rtentry2.o(.ARM.Collect$$rtentry$$0000000D)
    .ARM.Collect$$rtexit$$00000000           0x1000015a   Section        2  rtexit.o(.ARM.Collect$$rtexit$$00000000)
    .ARM.Collect$$rtexit$$00000002           0x1000015c   Section        0  rtexit2.o(.ARM.Collect$$rtexit$$00000002)
    .ARM.Collect$$rtexit$$00000003           0x1000015c   Section        4  rtexit2.o(.ARM.Collect$$rtexit$$00000003)
    .ARM.Collect$$rtexit$$00000004           0x10000160   Section        6  rtexit2.o(.ARM.Collect$$rtexit$$00000004)
    .emb_text                                0x10000168   Section        8  hal.o(.emb_text)
    .emb_text                                0x10000170   Section       50  k_task.o(.emb_text)
    .text                                    0x100001a4   Section       60  startup_lpc17xx.o(.text)
    .text                                    0x100001e0   Section        0  heapauxi.o(.text)
    .text                                    0x100001e6   Section       74  sys_stackheap_outer.o(.text)
    .text                                    0x10000230   Section        0  exit.o(.text)
    .text                                    0x10000244   Section        8  libspace.o(.text)
    .text                                    0x1000024c   Section        0  sys_exit.o(.text)
    .text                                    0x10000258   Section        2  use_no_semi.o(.text)
    .text                                    0x1000025a   Section        0  indicate_semi.o(.text)
    i.HardFault_Handler                      0x1000025c   Section        0  ae_util.o(i.HardFault_Handler)
    i.SVC_Handler                            0x1000028c   Section        0  hal.o(i.SVC_Handler)
    i.SystemInit                             0x100003b4   Section        0  system_lpc17xx.o(i.SystemInit)
    i.TIMER0_IRQHandler                      0x100004f4   Section        0  timer.o(i.TIMER0_IRQHandler)
    i.UART0_IRQHandler                       0x1000050c   Section        0  uart_irq.o(i.UART0_IRQHandler)
    i.__NVIC_EnableIRQ                       0x10000640   Section        0  uart_irq.o(i.__NVIC_EnableIRQ)
    __NVIC_EnableIRQ                         0x10000641   Thumb Code    34  uart_irq.o(i.__NVIC_EnableIRQ)
    i.__NVIC_SetPriority                     0x10000664   Section        0  uart_irq.o(i.__NVIC_SetPriority)
    __NVIC_SetPriority                       0x10000665   Thumb Code    32  uart_irq.o(i.__NVIC_SetPriority)
    i.a2d                                    0x1000068c   Section        0  printf.o(i.a2d)
    a2d                                      0x1000068d   Thumb Code    50  printf.o(i.a2d)
    i.a2i                                    0x100006be   Section        0  printf.o(i.a2i)
    a2i                                      0x100006bf   Thumb Code    58  printf.o(i.a2i)
    i.ae_exit                                0x100006f8   Section        0  ae.o(i.ae_exit)
    i.ae_init                                0x100006fc   Section        0  ae.o(i.ae_init)
    i.ae_set_init_tasks_info                 0x1000072c   Section        0  ae.o(i.ae_set_init_tasks_info)
    i.ae_set_sys_info                        0x10000742   Section        0  ae.o(i.ae_set_sys_info)
    i.checkMemAllocated                      0x10000758   Section        0  k_mem.o(i.checkMemAllocated)
    i.computeBitArrayIndex                   0x100007f4   Section        0  k_mem.o(i.computeBitArrayIndex)
    i.computeBuddyLevelIndex                 0x10000806   Section        0  k_mem.o(i.computeBuddyLevelIndex)
    i.count_set_bits                         0x1000081e   Section        0  ae_util.o(i.count_set_bits)
    i.expoToLevel                            0x10000830   Section        0  k_mem.o(i.expoToLevel)
    i.findNextK                              0x1000086a   Section        0  k_mem.o(i.findNextK)
    i.gen_req0                               0x10000888   Section        0  ae_tasks77_g27.c.o(i.gen_req0)
    i.i2a                                    0x100008d4   Section        0  printf.o(i.i2a)
    i2a                                      0x100008d5   Thumb Code    32  printf.o(i.i2a)
    i.ind                                    0x100008f4   Section        0  queue.o(i.ind)
    i.init_ae_tsk_test                       0x10000928   Section        0  ae_tasks77_g27.c.o(i.init_ae_tsk_test)
    i.init_printf                            0x100009a4   Section        0  printf.o(i.init_printf)
    i.k_alloc_k_stack                        0x100009b8   Section        0  k_mem.o(i.k_alloc_k_stack)
    i.k_alloc_p_stack                        0x100009e8   Section        0  k_mem.o(i.k_alloc_p_stack)
    i.k_mbx_create                           0x10000a14   Section        0  k_msg.o(i.k_mbx_create)
    i.k_mbx_get                              0x10000a8c   Section        0  k_msg.o(i.k_mbx_get)
    i.k_mbx_ls                               0x10000aec   Section        0  k_msg.o(i.k_mbx_ls)
    i.k_mem_init                             0x10000b3c   Section        0  k_mem.o(i.k_mem_init)
    i.k_mpool_alloc                          0x10000b7c   Section        0  k_mem.o(i.k_mpool_alloc)
    i.k_mpool_create                         0x10000cdc   Section        0  k_mem.o(i.k_mpool_create)
    i.k_mpool_dealloc                        0x10000d80   Section        0  k_mem.o(i.k_mpool_dealloc)
    i.k_mpool_dump                           0x10001140   Section        0  k_mem.o(i.k_mpool_dump)
    i.k_pre_rtx_init                         0x100011d4   Section        0  k_rtx_init.o(i.k_pre_rtx_init)
    i.k_recv_msg                             0x10001204   Section        0  k_msg.o(i.k_recv_msg)
    i.k_recv_msg_nb                          0x10001216   Section        0  k_msg.o(i.k_recv_msg_nb)
    i.k_recv_msg_shared                      0x10001228   Section        0  k_msg.o(i.k_recv_msg_shared)
    i.k_rt_tsk_get                           0x100013e8   Section        0  k_task.o(i.k_rt_tsk_get)
    i.k_rt_tsk_set                           0x10001402   Section        0  k_task.o(i.k_rt_tsk_set)
    i.k_rt_tsk_susp                          0x10001408   Section        0  k_task.o(i.k_rt_tsk_susp)
    i.k_rtx_init                             0x1000140c   Section        0  k_rtx_init.o(i.k_rtx_init)
    i.k_send_msg                             0x10001444   Section        0  k_msg.o(i.k_send_msg)
    i.k_send_msg_nb                          0x10001490   Section        0  k_msg.o(i.k_send_msg_nb)
    i.k_send_msg_shared                      0x100014a4   Section        0  k_msg.o(i.k_send_msg_shared)
    i.k_tsk_create                           0x1000166c   Section        0  k_task.o(i.k_tsk_create)
    i.k_tsk_create_new                       0x10001764   Section        0  k_task.o(i.k_tsk_create_new)
    i.k_tsk_exit                             0x10001860   Section        0  k_task.o(i.k_tsk_exit)
    i.k_tsk_get                              0x10001950   Section        0  k_task.o(i.k_tsk_get)
    i.k_tsk_gettid                           0x10001a10   Section        0  k_task.o(i.k_tsk_gettid)
    i.k_tsk_init                             0x10001a1c   Section        0  k_task.o(i.k_tsk_init)
    i.k_tsk_init_cdisp                       0x10001b28   Section        0  k_task.o(i.k_tsk_init_cdisp)
    i.k_tsk_init_first                       0x10001b44   Section        0  k_task.o(i.k_tsk_init_first)
    i.k_tsk_init_kcd                         0x10001b60   Section        0  k_task.o(i.k_tsk_init_kcd)
    i.k_tsk_ls                               0x10001b7c   Section        0  k_task.o(i.k_tsk_ls)
    i.k_tsk_run_new                          0x10001be0   Section        0  k_task.o(i.k_tsk_run_new)
    i.k_tsk_set_prio                         0x10001c34   Section        0  k_task.o(i.k_tsk_set_prio)
    i.k_tsk_yield                            0x10001df4   Section        0  k_task.o(i.k_tsk_yield)
    i.mailbox_free                           0x10001e54   Section        0  k_msg.o(i.mailbox_free)
    i.mailbox_init                           0x10001ec0   Section        0  k_msg.o(i.mailbox_init)
    i.mailbox_init_all                       0x10001efc   Section        0  k_msg.o(i.mailbox_init_all)
    i.main                                   0x10001f2c   Section        0  main.o(i.main)
    i.markMemAllocated                       0x10001f9c   Section        0  k_mem.o(i.markMemAllocated)
    i.markMemFree                            0x10002048   Section        0  k_mem.o(i.markMemFree)
    i.memcpy                                 0x100020d8   Section        0  k_msg.o(i.memcpy)
    i.peek                                   0x100020f0   Section        0  queue.o(i.peek)
    i.pop                                    0x10002112   Section        0  queue.o(i.pop)
    i.pow2                                   0x1000215a   Section        0  k_mem.o(i.pow2)
    i.pq_init                                0x10002162   Section        0  queue.o(i.pq_init)
    i.pq_modify_priority                     0x10002180   Section        0  queue.o(i.pq_modify_priority)
    i.pq_push_back                           0x10002206   Section        0  queue.o(i.pq_push_back)
    i.pq_push_front                          0x1000225a   Section        0  queue.o(i.pq_push_front)
    i.printFreeList                          0x100022a8   Section        0  k_mem.o(i.printFreeList)
    i.print_log                              0x100022d8   Section        0  ae_util.o(i.print_log)
    i.print_results                          0x10002348   Section        0  ae_util.o(i.print_results)
    i.print_summary                          0x10002468   Section        0  ae_util.o(i.print_summary)
    i.priv_task1                             0x10002494   Section        0  ae_tasks77_g27.c.o(i.priv_task1)
    i.process_sub_result                     0x100024a4   Section        0  ae_util.o(i.process_sub_result)
    i.putc                                   0x100024dc   Section        0  uart_polling.o(i.putc)
    i.putchw                                 0x10002520   Section        0  printf.o(i.putchw)
    putchw                                   0x10002521   Thumb Code    82  printf.o(i.putchw)
    i.putcp                                  0x10002572   Section        0  printf.o(i.putcp)
    putcp                                    0x10002573   Thumb Code    10  printf.o(i.putcp)
    i.ring_buf_add                           0x1000257c   Section        0  k_msg.o(i.ring_buf_add)
    i.ring_buf_empty                         0x100025fa   Section        0  k_msg.o(i.ring_buf_empty)
    i.ring_buf_free                          0x10002608   Section        0  k_msg.o(i.ring_buf_free)
    i.ring_buf_init                          0x10002616   Section        0  k_msg.o(i.ring_buf_init)
    i.ring_buf_remaining                     0x10002640   Section        0  k_msg.o(i.ring_buf_remaining)
    i.ring_buf_remove                        0x1000264a   Section        0  k_msg.o(i.ring_buf_remove)
    i.scheduler                              0x100026d8   Section        0  k_task.o(i.scheduler)
    i.set_ae_init_tasks                      0x10002770   Section        0  ae_tasks77_g27.c.o(i.set_ae_init_tasks)
    i.set_ae_tasks                           0x1000278c   Section        0  ae_tasks77_g27.c.o(i.set_ae_tasks)
    i.str_cmp                                0x100027d4   Section        0  kcd_task.o(i.str_cmp)
    i.str_len                                0x100027f4   Section        0  kcd_task.o(i.str_len)
    i.strcpy                                 0x10002804   Section        0  ae_util.o(i.strcpy)
    i.task0                                  0x10002824   Section        0  ae_tasks77_g27.c.o(i.task0)
    i.task_cdisp                             0x1000285c   Section        0  cdisp_task.o(i.task_cdisp)
    i.task_kcd                               0x100028c0   Section        0  kcd_task.o(i.task_kcd)
    i.task_null                              0x10002ba8   Section        0  null_task.o(i.task_null)
    i.test0_start                            0x10002bb0   Section        0  ae_tasks77_g27.c.o(i.test0_start)
    i.test_abort                             0x10002dc8   Section        0  ae_util.o(i.test_abort)
    i.test_exit                              0x10002e34   Section        0  ae_util.o(i.test_exit)
    i.tfp_format                             0x10002e58   Section        0  printf.o(i.tfp_format)
    i.tfp_printf                             0x10002f80   Section        0  printf.o(i.tfp_printf)
    i.tfp_sprintf                            0x10002fac   Section        0  printf.o(i.tfp_sprintf)
    i.topDownTraverseFreeLists               0x10002fd8   Section        0  k_mem.o(i.topDownTraverseFreeLists)
    i.uart_init                              0x10003050   Section        0  uart_polling.o(i.uart_init)
    i.uart_irq_init                          0x100030bc   Section        0  uart_irq.o(i.uart_irq_init)
    i.uart_put_char                          0x10003158   Section        0  uart_polling.o(i.uart_put_char)
    i.uart_put_string                        0x1000318c   Section        0  uart_polling.o(i.uart_put_string)
    i.ui2a                                   0x100031b2   Section        0  printf.o(i.ui2a)
    ui2a                                     0x100031b3   Thumb Code    86  printf.o(i.ui2a)
    i.update_ae_xtest                        0x10003208   Section        0  ae_tasks77_g27.c.o(i.update_ae_xtest)
    i.waiting_pq_empty                       0x10003220   Section        0  queue.o(i.waiting_pq_empty)
    i.waiting_pq_init                        0x1000322e   Section        0  queue.o(i.waiting_pq_init)
    i.waiting_pq_move_to_end                 0x10003238   Section        0  queue.o(i.waiting_pq_move_to_end)
    i.waiting_pq_peek                        0x1000327c   Section        0  queue.o(i.waiting_pq_peek)
    i.waiting_pq_pop                         0x100032aa   Section        0  queue.o(i.waiting_pq_pop)
    i.waiting_pq_push                        0x1000332e   Section        0  queue.o(i.waiting_pq_push)
    .constdata                               0x10003358   Section       27  ae_tasks77_g27.c.o(.constdata)
    .data                                    0x10004000   Section       16  uart_irq.o(.data)
    .data                                    0x10004010   Section        4  timer.o(.data)
    .data                                    0x10004014   Section        4  k_mem.o(.data)
    .data                                    0x10004018   Section        4  k_rtx_init.o(.data)
    .data                                    0x1000401c   Section       28  k_task.o(.data)
    .data                                    0x10004038   Section        8  printf.o(.data)
    stdout_putf                              0x10004038   Data           4  printf.o(.data)
    stdout_putp                              0x1000403c   Data           4  printf.o(.data)
    .data                                    0x10004040   Section        4  cdisp_task.o(.data)
    .data                                    0x10004044   Section        4  kcd_task.o(.data)
    .data                                    0x10004048   Section       16  main.o(.data)
    sys                                      0x10004048   Data           8  main.o(.data)
    p_tasks                                  0x10004050   Data           4  main.o(.data)
    num                                      0x10004054   Data           4  main.o(.data)
    .data                                    0x10004058   Section        9  ae_tasks77_g27.c.o(.data)
    .bss                                     0x10004064   Section      160  uart_irq.o(.bss)
    .bss                                     0x10004108   Section      876  k_mem.o(.bss)
    .bss                                     0x10004474   Section      616  k_msg.o(.bss)
    .bss                                     0x100046dc   Section      440  k_task.o(.bss)
    .bss                                     0x10004894   Section      254  kcd_task.o(.bss)
    .bss                                     0x10004994   Section       96  libspace.o(.bss)
    .bss                                     0x100049f4   Section      216  ae_tasks77_g27.c.o(.bss)
    HEAP                                     0x10004ad0   Section        0  startup_lpc17xx.o(HEAP)
    STACK                                    0x10004ad0   Section      512  startup_lpc17xx.o(STACK)
    Heap_Mem                                 0x10004ad0   Data           0  startup_lpc17xx.o(HEAP)
    Stack_Mem                                0x10004ad0   Data         512  startup_lpc17xx.o(STACK)
    __initial_sp                             0x10004cd0   Data           0  startup_lpc17xx.o(STACK)

    Global Symbols

    Symbol Name                              Value     Ov Type        Size  Object(Section)

    BuildAttributes$$THM_ISAv4$P$D$K$B$S$PE$A:L22UL41UL21$X:L11$S22US41US21$IEEE1$IW$USESV6$~STKCKD$USESV7$~SHL$OSPACE$ROPI$EBA8$UX$STANDARDLIB$REQ8$PRES8$EABIv2 0x00000000   Number         0  anon$$obj.o ABSOLUTE
    __ARM_use_no_argv                        0x00000000   Number         0  main.o ABSOLUTE
    __ARM_exceptions_init                     - Undefined Weak Reference
    __alloca_initialize                       - Undefined Weak Reference
    __arm_fini_                               - Undefined Weak Reference
    __arm_preinit_                            - Undefined Weak Reference
    __cpp_initialize__aeabi_                  - Undefined Weak Reference
    __cxa_finalize                            - Undefined Weak Reference
    __rt_locale                               - Undefined Weak Reference
    __sigvec_lookup                           - Undefined Weak Reference
    _atexit_init                              - Undefined Weak Reference
    _call_atexit_fns                          - Undefined Weak Reference
    _clock_init                               - Undefined Weak Reference
    _fp_trap_init                             - Undefined Weak Reference
    _fp_trap_shutdown                         - Undefined Weak Reference
    _get_lc_collate                           - Undefined Weak Reference
    _get_lc_ctype                             - Undefined Weak Reference
    _get_lc_monetary                          - Undefined Weak Reference
    _get_lc_numeric                           - Undefined Weak Reference
    _get_lc_time                              - Undefined Weak Reference
    _getenv_init                              - Undefined Weak Reference
    _handle_redirection                       - Undefined Weak Reference
    _init_alloc                               - Undefined Weak Reference
    _init_user_alloc                          - Undefined Weak Reference
    _initio                                   - Undefined Weak Reference
    _rand_init                                - Undefined Weak Reference
    _signal_finish                            - Undefined Weak Reference
    _signal_init                              - Undefined Weak Reference
    _terminate_alloc                          - Undefined Weak Reference
    _terminate_user_alloc                     - Undefined Weak Reference
    _terminateio                              - Undefined Weak Reference
    __Vectors                                0x10000000   Data           4  startup_lpc17xx.o(RESET)
    __main                                   0x100000cd   Thumb Code     8  __main.o(!!!main)
    __scatterload                            0x100000d5   Thumb Code     0  __scatter.o(!!!scatter)
    __scatterload_rt2                        0x100000d5   Thumb Code    44  __scatter.o(!!!scatter)
    __scatterload_rt2_thumb_only             0x100000d5   Thumb Code     0  __scatter.o(!!!scatter)
    __scatterload_null                       0x100000e3   Thumb Code     0  __scatter.o(!!!scatter)
    __scatterload_copy                       0x10000109   Thumb Code    26  __scatter_copy.o(!!handler_copy)
    __scatterload_zeroinit                   0x10000125   Thumb Code    28  __scatter_zi.o(!!handler_zi)
    __rt_lib_init                            0x10000141   Thumb Code     0  libinit.o(.ARM.Collect$$libinit$$00000000)
    __rt_lib_init_alloca_1                   0x10000143   Thumb Code     0  libinit2.o(.ARM.Collect$$libinit$$0000002E)
    __rt_lib_init_argv_1                     0x10000143   Thumb Code     0  libinit2.o(.ARM.Collect$$libinit$$0000002C)
    __rt_lib_init_atexit_1                   0x10000143   Thumb Code     0  libinit2.o(.ARM.Collect$$libinit$$0000001B)
    __rt_lib_init_clock_1                    0x10000143   Thumb Code     0  libinit2.o(.ARM.Collect$$libinit$$00000021)
    __rt_lib_init_cpp_1                      0x10000143   Thumb Code     0  libinit2.o(.ARM.Collect$$libinit$$00000032)
    __rt_lib_init_exceptions_1               0x10000143   Thumb Code     0  libinit2.o(.ARM.Collect$$libinit$$00000030)
    __rt_lib_init_fp_1                       0x10000143   Thumb Code     0  libinit2.o(.ARM.Collect$$libinit$$00000002)
    __rt_lib_init_fp_trap_1                  0x10000143   Thumb Code     0  libinit2.o(.ARM.Collect$$libinit$$0000001F)
    __rt_lib_init_getenv_1                   0x10000143   Thumb Code     0  libinit2.o(.ARM.Collect$$libinit$$00000023)
    __rt_lib_init_heap_1                     0x10000143   Thumb Code     0  libinit2.o(.ARM.Collect$$libinit$$0000000A)
    __rt_lib_init_lc_collate_1               0x10000143   Thumb Code     0  libinit2.o(.ARM.Collect$$libinit$$00000011)
    __rt_lib_init_lc_ctype_1                 0x10000143   Thumb Code     0  libinit2.o(.ARM.Collect$$libinit$$00000013)
    __rt_lib_init_lc_monetary_1              0x10000143   Thumb Code     0  libinit2.o(.ARM.Collect$$libinit$$00000015)
    __rt_lib_init_lc_numeric_1               0x10000143   Thumb Code     0  libinit2.o(.ARM.Collect$$libinit$$00000017)
    __rt_lib_init_lc_time_1                  0x10000143   Thumb Code     0  libinit2.o(.ARM.Collect$$libinit$$00000019)
    __rt_lib_init_preinit_1                  0x10000143   Thumb Code     0  libinit2.o(.ARM.Collect$$libinit$$00000004)
    __rt_lib_init_rand_1                     0x10000143   Thumb Code     0  libinit2.o(.ARM.Collect$$libinit$$0000000E)
    __rt_lib_init_return                     0x10000143   Thumb Code     0  libinit2.o(.ARM.Collect$$libinit$$00000033)
    __rt_lib_init_signal_1                   0x10000143   Thumb Code     0  libinit2.o(.ARM.Collect$$libinit$$0000001D)
    __rt_lib_init_stdio_1                    0x10000143   Thumb Code     0  libinit2.o(.ARM.Collect$$libinit$$00000025)
    __rt_lib_init_user_alloc_1               0x10000143   Thumb Code     0  libinit2.o(.ARM.Collect$$libinit$$0000000C)
    __rt_lib_shutdown                        0x10000145   Thumb Code     0  libshutdown.o(.ARM.Collect$$libshutdown$$00000000)
    __rt_lib_shutdown_cpp_1                  0x10000147   Thumb Code     0  libshutdown2.o(.ARM.Collect$$libshutdown$$00000004)
    __rt_lib_shutdown_fini_1                 0x10000147   Thumb Code     0  libshutdown2.o(.ARM.Collect$$libshutdown$$00000002)
    __rt_lib_shutdown_fp_trap_1              0x10000147   Thumb Code     0  libshutdown2.o(.ARM.Collect$$libshutdown$$00000009)
    __rt_lib_shutdown_heap_1                 0x10000147   Thumb Code     0  libshutdown2.o(.ARM.Collect$$libshutdown$$00000011)
    __rt_lib_shutdown_return                 0x10000147   Thumb Code     0  libshutdown2.o(.ARM.Collect$$libshutdown$$00000012)
    __rt_lib_shutdown_signal_1               0x10000147   Thumb Code     0  libshutdown2.o(.ARM.Collect$$libshutdown$$0000000C)
    __rt_lib_shutdown_stdio_1                0x10000147   Thumb Code     0  libshutdown2.o(.ARM.Collect$$libshutdown$$00000006)
    __rt_lib_shutdown_user_alloc_1           0x10000147   Thumb Code     0  libshutdown2.o(.ARM.Collect$$libshutdown$$0000000E)
    __rt_entry                               0x10000149   Thumb Code     0  __rtentry.o(.ARM.Collect$$rtentry$$00000000)
    __rt_entry_presh_1                       0x10000149   Thumb Code     0  __rtentry2.o(.ARM.Collect$$rtentry$$00000002)
    __rt_entry_sh                            0x10000149   Thumb Code     0  __rtentry4.o(.ARM.Collect$$rtentry$$00000004)
    __rt_entry_li                            0x1000014f   Thumb Code     0  __rtentry2.o(.ARM.Collect$$rtentry$$0000000A)
    __rt_entry_postsh_1                      0x1000014f   Thumb Code     0  __rtentry2.o(.ARM.Collect$$rtentry$$00000009)
    __rt_entry_main                          0x10000153   Thumb Code     0  __rtentry2.o(.ARM.Collect$$rtentry$$0000000D)
    __rt_entry_postli_1                      0x10000153   Thumb Code     0  __rtentry2.o(.ARM.Collect$$rtentry$$0000000C)
    __rt_exit                                0x1000015b   Thumb Code     0  rtexit.o(.ARM.Collect$$rtexit$$00000000)
    __rt_exit_ls                             0x1000015d   Thumb Code     0  rtexit2.o(.ARM.Collect$$rtexit$$00000003)
    __rt_exit_prels_1                        0x1000015d   Thumb Code     0  rtexit2.o(.ARM.Collect$$rtexit$$00000002)
    __rt_exit_exit                           0x10000161   Thumb Code     0  rtexit2.o(.ARM.Collect$$rtexit$$00000004)
    SVC_RTE                                  0x10000169   Thumb Code     0  hal.o(.emb_text)
    __rte                                    0x10000169   Thumb Code     8  hal.o(.emb_text)
    k_tsk_switch                             0x10000171   Thumb Code    44  k_task.o(.emb_text)
    K_RESTORE                                0x10000183   Thumb Code     0  k_task.o(.emb_text)
    k_tsk_start                              0x100001a1   Thumb Code     2  k_task.o(.emb_text)
    Reset_Handler                            0x100001a5   Thumb Code     8  startup_lpc17xx.o(.text)
    NMI_Handler                              0x100001ad   Thumb Code     2  startup_lpc17xx.o(.text)
    MemManage_Handler                        0x100001b1   Thumb Code     2  startup_lpc17xx.o(.text)
    BusFault_Handler                         0x100001b3   Thumb Code     2  startup_lpc17xx.o(.text)
    UsageFault_Handler                       0x100001b5   Thumb Code     2  startup_lpc17xx.o(.text)
    DebugMon_Handler                         0x100001b9   Thumb Code     2  startup_lpc17xx.o(.text)
    PendSV_Handler                           0x100001bb   Thumb Code     2  startup_lpc17xx.o(.text)
    SysTick_Handler                          0x100001bd   Thumb Code     2  startup_lpc17xx.o(.text)
    ADC_IRQHandler                           0x100001bf   Thumb Code     0  startup_lpc17xx.o(.text)
    BOD_IRQHandler                           0x100001bf   Thumb Code     0  startup_lpc17xx.o(.text)
    CANActivity_IRQHandler                   0x100001bf   Thumb Code     0  startup_lpc17xx.o(.text)
    CAN_IRQHandler                           0x100001bf   Thumb Code     0  startup_lpc17xx.o(.text)
    DMA_IRQHandler                           0x100001bf   Thumb Code     0  startup_lpc17xx.o(.text)
    EINT0_IRQHandler                         0x100001bf   Thumb Code     0  startup_lpc17xx.o(.text)
    EINT1_IRQHandler                         0x100001bf   Thumb Code     0  startup_lpc17xx.o(.text)
    EINT2_IRQHandler                         0x100001bf   Thumb Code     0  startup_lpc17xx.o(.text)
    EINT3_IRQHandler                         0x100001bf   Thumb Code     0  startup_lpc17xx.o(.text)
    ENET_IRQHandler                          0x100001bf   Thumb Code     0  startup_lpc17xx.o(.text)
    I2C0_IRQHandler                          0x100001bf   Thumb Code     0  startup_lpc17xx.o(.text)
    I2C1_IRQHandler                          0x100001bf   Thumb Code     0  startup_lpc17xx.o(.text)
    I2C2_IRQHandler                          0x100001bf   Thumb Code     0  startup_lpc17xx.o(.text)
    I2S_IRQHandler                           0x100001bf   Thumb Code     0  startup_lpc17xx.o(.text)
    MCPWM_IRQHandler                         0x100001bf   Thumb Code     0  startup_lpc17xx.o(.text)
    PLL0_IRQHandler                          0x100001bf   Thumb Code     0  startup_lpc17xx.o(.text)
    PLL1_IRQHandler                          0x100001bf   Thumb Code     0  startup_lpc17xx.o(.text)
    PWM1_IRQHandler                          0x100001bf   Thumb Code     0  startup_lpc17xx.o(.text)
    QEI_IRQHandler                           0x100001bf   Thumb Code     0  startup_lpc17xx.o(.text)
    RIT_IRQHandler                           0x100001bf   Thumb Code     0  startup_lpc17xx.o(.text)
    RTC_IRQHandler                           0x100001bf   Thumb Code     0  startup_lpc17xx.o(.text)
    SPI_IRQHandler                           0x100001bf   Thumb Code     0  startup_lpc17xx.o(.text)
    SSP0_IRQHandler                          0x100001bf   Thumb Code     0  startup_lpc17xx.o(.text)
    SSP1_IRQHandler                          0x100001bf   Thumb Code     0  startup_lpc17xx.o(.text)
    TIMER1_IRQHandler                        0x100001bf   Thumb Code     0  startup_lpc17xx.o(.text)
    TIMER2_IRQHandler                        0x100001bf   Thumb Code     0  startup_lpc17xx.o(.text)
    TIMER3_IRQHandler                        0x100001bf   Thumb Code     0  startup_lpc17xx.o(.text)
    UART1_IRQHandler                         0x100001bf   Thumb Code     0  startup_lpc17xx.o(.text)
    UART2_IRQHandler                         0x100001bf   Thumb Code     0  startup_lpc17xx.o(.text)
    UART3_IRQHandler                         0x100001bf   Thumb Code     0  startup_lpc17xx.o(.text)
    USBActivity_IRQHandler                   0x100001bf   Thumb Code     0  startup_lpc17xx.o(.text)
    USB_IRQHandler                           0x100001bf   Thumb Code     0  startup_lpc17xx.o(.text)
    WDT_IRQHandler                           0x100001bf   Thumb Code     0  startup_lpc17xx.o(.text)
    __user_initial_stackheap                 0x100001c1   Thumb Code     0  startup_lpc17xx.o(.text)
    __use_two_region_memory                  0x100001e1   Thumb Code     2  heapauxi.o(.text)
    __rt_heap_escrow$2region                 0x100001e3   Thumb Code     2  heapauxi.o(.text)
    __rt_heap_expand$2region                 0x100001e5   Thumb Code     2  heapauxi.o(.text)
    __user_setup_stackheap                   0x100001e7   Thumb Code    74  sys_stackheap_outer.o(.text)
    exit                                     0x10000231   Thumb Code    18  exit.o(.text)
    __user_libspace                          0x10000245   Thumb Code     8  libspace.o(.text)
    __user_perproc_libspace                  0x10000245   Thumb Code     0  libspace.o(.text)
    __user_perthread_libspace                0x10000245   Thumb Code     0  libspace.o(.text)
    _sys_exit                                0x1000024d   Thumb Code     8  sys_exit.o(.text)
    __I$use$semihosting                      0x10000259   Thumb Code     0  use_no_semi.o(.text)
    __use_no_semihosting_swi                 0x10000259   Thumb Code     2  use_no_semi.o(.text)
    __semihosting_library_function           0x1000025b   Thumb Code     0  indicate_semi.o(.text)
    HardFault_Handler                        0x1000025d   Thumb Code    22  ae_util.o(i.HardFault_Handler)
    SVC_Handler                              0x1000028d   Thumb Code   296  hal.o(i.SVC_Handler)
    SystemInit                               0x100003b5   Thumb Code   302  system_lpc17xx.o(i.SystemInit)
    TIMER0_IRQHandler                        0x100004f5   Thumb Code    20  timer.o(i.TIMER0_IRQHandler)
    UART0_IRQHandler                         0x1000050d   Thumb Code   266  uart_irq.o(i.UART0_IRQHandler)
    ae_exit                                  0x100006f9   Thumb Code     4  ae.o(i.ae_exit)
    ae_init                                  0x100006fd   Thumb Code    48  ae.o(i.ae_init)
    ae_set_init_tasks_info                   0x1000072d   Thumb Code    22  ae.o(i.ae_set_init_tasks_info)
    ae_set_sys_info                          0x10000743   Thumb Code    22  ae.o(i.ae_set_sys_info)
    checkMemAllocated                        0x10000759   Thumb Code   150  k_mem.o(i.checkMemAllocated)
    computeBitArrayIndex                     0x100007f5   Thumb Code    18  k_mem.o(i.computeBitArrayIndex)
    computeBuddyLevelIndex                   0x10000807   Thumb Code    24  k_mem.o(i.computeBuddyLevelIndex)
    count_set_bits                           0x1000081f   Thumb Code    18  ae_util.o(i.count_set_bits)
    expoToLevel                              0x10000831   Thumb Code    58  k_mem.o(i.expoToLevel)
    findNextK                                0x1000086b   Thumb Code    28  k_mem.o(i.findNextK)
    gen_req0                                 0x10000889   Thumb Code    72  ae_tasks77_g27.c.o(i.gen_req0)
    ind                                      0x100008f5   Thumb Code    52  queue.o(i.ind)
    init_ae_tsk_test                         0x10000929   Thumb Code    96  ae_tasks77_g27.c.o(i.init_ae_tsk_test)
    init_printf                              0x100009a5   Thumb Code    10  printf.o(i.init_printf)
    k_alloc_k_stack                          0x100009b9   Thumb Code    38  k_mem.o(i.k_alloc_k_stack)
    k_alloc_p_stack                          0x100009e9   Thumb Code    36  k_mem.o(i.k_alloc_p_stack)
    k_mbx_create                             0x10000a15   Thumb Code   106  k_msg.o(i.k_mbx_create)
    k_mbx_get                                0x10000a8d   Thumb Code    88  k_msg.o(i.k_mbx_get)
    k_mbx_ls                                 0x10000aed   Thumb Code    70  k_msg.o(i.k_mbx_ls)
    k_mem_init                               0x10000b3d   Thumb Code    48  k_mem.o(i.k_mem_init)
    k_mpool_alloc                            0x10000b7d   Thumb Code   340  k_mem.o(i.k_mpool_alloc)
    k_mpool_create                           0x10000cdd   Thumb Code   134  k_mem.o(i.k_mpool_create)
    k_mpool_dealloc                          0x10000d81   Thumb Code   930  k_mem.o(i.k_mpool_dealloc)
    k_mpool_dump                             0x10001141   Thumb Code   108  k_mem.o(i.k_mpool_dump)
    k_pre_rtx_init                           0x100011d5   Thumb Code    48  k_rtx_init.o(i.k_pre_rtx_init)
    k_recv_msg                               0x10001205   Thumb Code    18  k_msg.o(i.k_recv_msg)
    k_recv_msg_nb                            0x10001217   Thumb Code    18  k_msg.o(i.k_recv_msg_nb)
    k_recv_msg_shared                        0x10001229   Thumb Code   420  k_msg.o(i.k_recv_msg_shared)
    k_rt_tsk_get                             0x100013e9   Thumb Code    26  k_task.o(i.k_rt_tsk_get)
    k_rt_tsk_set                             0x10001403   Thumb Code     6  k_task.o(i.k_rt_tsk_set)
    k_rt_tsk_susp                            0x10001409   Thumb Code     4  k_task.o(i.k_rt_tsk_susp)
    k_rtx_init                               0x1000140d   Thumb Code    50  k_rtx_init.o(i.k_rtx_init)
    k_send_msg                               0x10001445   Thumb Code    72  k_msg.o(i.k_send_msg)
    k_send_msg_nb                            0x10001491   Thumb Code    18  k_msg.o(i.k_send_msg_nb)
    k_send_msg_shared                        0x100014a5   Thumb Code   432  k_msg.o(i.k_send_msg_shared)
    k_tsk_create                             0x1000166d   Thumb Code   222  k_task.o(i.k_tsk_create)
    k_tsk_create_new                         0x10001765   Thumb Code   238  k_task.o(i.k_tsk_create_new)
    k_tsk_exit                               0x10001861   Thumb Code   216  k_task.o(i.k_tsk_exit)
    k_tsk_get                                0x10001951   Thumb Code   184  k_task.o(i.k_tsk_get)
    k_tsk_gettid                             0x10001a11   Thumb Code     8  k_task.o(i.k_tsk_gettid)
    k_tsk_init                               0x10001a1d   Thumb Code   244  k_task.o(i.k_tsk_init)
    k_tsk_init_cdisp                         0x10001b29   Thumb Code    24  k_task.o(i.k_tsk_init_cdisp)
    k_tsk_init_first                         0x10001b45   Thumb Code    22  k_task.o(i.k_tsk_init_first)
    k_tsk_init_kcd                           0x10001b61   Thumb Code    24  k_task.o(i.k_tsk_init_kcd)
    k_tsk_ls                                 0x10001b7d   Thumb Code    86  k_task.o(i.k_tsk_ls)
    k_tsk_run_new                            0x10001be1   Thumb Code    78  k_task.o(i.k_tsk_run_new)
    k_tsk_set_prio                           0x10001c35   Thumb Code   424  k_task.o(i.k_tsk_set_prio)
    k_tsk_yield                              0x10001df5   Thumb Code    84  k_task.o(i.k_tsk_yield)
    mailbox_free                             0x10001e55   Thumb Code   102  k_msg.o(i.mailbox_free)
    mailbox_init                             0x10001ec1   Thumb Code    58  k_msg.o(i.mailbox_init)
    mailbox_init_all                         0x10001efd   Thumb Code    38  k_msg.o(i.mailbox_init_all)
    main                                     0x10001f2d   Thumb Code    90  main.o(i.main)
    markMemAllocated                         0x10001f9d   Thumb Code   160  k_mem.o(i.markMemAllocated)
    markMemFree                              0x10002049   Thumb Code   140  k_mem.o(i.markMemFree)
    memcpy                                   0x100020d9   Thumb Code    24  k_msg.o(i.memcpy)
    peek                                     0x100020f1   Thumb Code    34  queue.o(i.peek)
    pop                                      0x10002113   Thumb Code    72  queue.o(i.pop)
    pow2                                     0x1000215b   Thumb Code     8  k_mem.o(i.pow2)
    pq_init                                  0x10002163   Thumb Code    30  queue.o(i.pq_init)
    pq_modify_priority                       0x10002181   Thumb Code   134  queue.o(i.pq_modify_priority)
    pq_push_back                             0x10002207   Thumb Code    84  queue.o(i.pq_push_back)
    pq_push_front                            0x1000225b   Thumb Code    76  queue.o(i.pq_push_front)
    printFreeList                            0x100022a9   Thumb Code    32  k_mem.o(i.printFreeList)
    print_log                                0x100022d9   Thumb Code    42  ae_util.o(i.print_log)
    print_results                            0x10002349   Thumb Code   118  ae_util.o(i.print_results)
    print_summary                            0x10002469   Thumb Code    22  ae_util.o(i.print_summary)
    priv_task1                               0x10002495   Thumb Code    14  ae_tasks77_g27.c.o(i.priv_task1)
    process_sub_result                       0x100024a5   Thumb Code    46  ae_util.o(i.process_sub_result)
    putc                                     0x100024dd   Thumb Code    28  uart_polling.o(i.putc)
    ring_buf_add                             0x1000257d   Thumb Code   126  k_msg.o(i.ring_buf_add)
    ring_buf_empty                           0x100025fb   Thumb Code    14  k_msg.o(i.ring_buf_empty)
    ring_buf_free                            0x10002609   Thumb Code    14  k_msg.o(i.ring_buf_free)
    ring_buf_init                            0x10002617   Thumb Code    42  k_msg.o(i.ring_buf_init)
    ring_buf_remaining                       0x10002641   Thumb Code    10  k_msg.o(i.ring_buf_remaining)
    ring_buf_remove                          0x1000264b   Thumb Code   142  k_msg.o(i.ring_buf_remove)
    scheduler                                0x100026d9   Thumb Code   124  k_task.o(i.scheduler)
    set_ae_init_tasks                        0x10002771   Thumb Code    24  ae_tasks77_g27.c.o(i.set_ae_init_tasks)
    set_ae_tasks                             0x1000278d   Thumb Code    68  ae_tasks77_g27.c.o(i.set_ae_tasks)
    str_cmp                                  0x100027d5   Thumb Code    32  kcd_task.o(i.str_cmp)
    str_len                                  0x100027f5   Thumb Code    16  kcd_task.o(i.str_len)
    strcpy                                   0x10002805   Thumb Code    32  ae_util.o(i.strcpy)
    task0                                    0x10002825   Thumb Code    46  ae_tasks77_g27.c.o(i.task0)
    task_cdisp                               0x1000285d   Thumb Code    86  cdisp_task.o(i.task_cdisp)
    task_kcd                                 0x100028c1   Thumb Code   580  kcd_task.o(i.task_kcd)
    task_null                                0x10002ba9   Thumb Code     6  null_task.o(i.task_null)
    test0_start                              0x10002bb1   Thumb Code   322  ae_tasks77_g27.c.o(i.test0_start)
    test_abort                               0x10002dc9   Thumb Code    36  ae_util.o(i.test_abort)
    test_exit                                0x10002e35   Thumb Code    16  ae_util.o(i.test_exit)
    tfp_format                               0x10002e59   Thumb Code   296  printf.o(i.tfp_format)
    tfp_printf                               0x10002f81   Thumb Code    34  printf.o(i.tfp_printf)
    tfp_sprintf                              0x10002fad   Thumb Code    38  printf.o(i.tfp_sprintf)
    topDownTraverseFreeLists                 0x10002fd9   Thumb Code   110  k_mem.o(i.topDownTraverseFreeLists)
    uart_init                                0x10003051   Thumb Code    96  uart_polling.o(i.uart_init)
    uart_irq_init                            0x100030bd   Thumb Code   144  uart_irq.o(i.uart_irq_init)
    uart_put_char                            0x10003159   Thumb Code    42  uart_polling.o(i.uart_put_char)
    uart_put_string                          0x1000318d   Thumb Code    38  uart_polling.o(i.uart_put_string)
    update_ae_xtest                          0x10003209   Thumb Code    18  ae_tasks77_g27.c.o(i.update_ae_xtest)
    waiting_pq_empty                         0x10003221   Thumb Code    14  queue.o(i.waiting_pq_empty)
    waiting_pq_init                          0x1000322f   Thumb Code    10  queue.o(i.waiting_pq_init)
    waiting_pq_move_to_end                   0x10003239   Thumb Code    68  queue.o(i.waiting_pq_move_to_end)
    waiting_pq_peek                          0x1000327d   Thumb Code    46  queue.o(i.waiting_pq_peek)
    waiting_pq_pop                           0x100032ab   Thumb Code   132  queue.o(i.waiting_pq_pop)
    waiting_pq_push                          0x1000332f   Thumb Code    42  queue.o(i.waiting_pq_push)
    PREFIX                                   0x10003358   Data           9  ae_tasks77_g27.c.o(.constdata)
    PREFIX_LOG                               0x10003361   Data           9  ae_tasks77_g27.c.o(.constdata)
    PREFIX_LOG2                              0x1000336a   Data           9  ae_tasks77_g27.c.o(.constdata)
    Region$$Table$$Base                      0x10003374   Number         0  anon$$obj.o(Region$$Table)
    Region$$Table$$Limit                     0x10003394   Number         0  anon$$obj.o(Region$$Table)
    g_send_char                              0x10004000   Data           1  uart_irq.o(.data)
    g_char_in                                0x10004001   Data           1  uart_irq.o(.data)
    g_tx_irq                                 0x10004002   Data           1  uart_irq.o(.data)
    g_switch_flag                            0x10004003   Data           1  uart_irq.o(.data)
    gp_recv_buf                              0x10004004   Data           4  uart_irq.o(.data)
    recv_start                               0x10004008   Data           4  uart_irq.o(.data)
    UART_RECV                                0x1000400c   Data           4  uart_irq.o(.data)
    g_timer_count                            0x10004010   Data           4  timer.o(.data)
    g_k_stacks                               0x10004014   Data           4  k_mem.o(.data)
    errno                                    0x10004018   Data           4  k_rtx_init.o(.data)
    ready_pq                                 0x1000401c   Data           4  k_task.o(.data)
    yielding                                 0x10004020   Data           4  k_task.o(.data)
    setting                                  0x10004024   Data           4  k_task.o(.data)
    exiting                                  0x10004028   Data           4  k_task.o(.data)
    creating                                 0x1000402c   Data           4  k_task.o(.data)
    gp_current_task                          0x10004030   Data           4  k_task.o(.data)
    g_num_active_tasks                       0x10004034   Data           4  k_task.o(.data)
    count                                    0x10004040   Data           4  cdisp_task.o(.data)
    string_index                             0x10004044   Data           4  kcd_task.o(.data)
    g_ae_cases                               0x10004058   Data           8  ae_tasks77_g27.c.o(.data)
    priv_task                                0x10004060   Data           1  ae_tasks77_g27.c.o(.data)
    g_send_buf                               0x10004064   Data          32  uart_irq.o(.bss)
    g_recv_buf                               0x10004084   Data         128  uart_irq.o(.bss)
    g_p_stacks                               0x10004108   Data         512  k_mem.o(.bss)
    memory_bit_array                         0x10004308   Data         288  k_mem.o(.bss)
    mem_pool_1_heads                         0x10004428   Data          32  k_mem.o(.bss)
    mem_pool_2_heads                         0x10004448   Data          44  k_mem.o(.bss)
    mailboxes                                0x10004474   Data         572  k_msg.o(.bss)
    blocked_messages                         0x100046b0   Data          44  k_msg.o(.bss)
    g_ready_PQ                               0x100046dc   Data          40  k_task.o(.bss)
    g_tcbs                                   0x10004704   Data         400  k_task.o(.bss)
    complete_cmd                             0x10004894   Data          64  kcd_task.o(.bss)
    cmd_body                                 0x100048d4   Data          62  kcd_task.o(.bss)
    registered_cmds                          0x10004912   Data         128  kcd_task.o(.bss)
    __libspace_start                         0x10004994   Data          96  libspace.o(.bss)
    __temporary_stack_top$libspace           0x100049f4   Data           0  libspace.o(.bss)
    g_init_tasks                             0x100049f4   Data          12  ae_tasks77_g27.c.o(.bss)
    g_ae_xtest                               0x10004a00   Data         132  ae_tasks77_g27.c.o(.bss)
    g_tsk_cases                              0x10004a84   Data          72  ae_tasks77_g27.c.o(.bss)



==============================================================================

Memory Map of the image

  Image Entry point : 0x100000cd

  Load Region LR_IROM1 (Base: 0x10000000, Size: 0x000033f8, Max: 0x00004000, ABSOLUTE)

    Execution Region ER_IROM1 (Exec base: 0x10000000, Load base: 0x10000000, Size: 0x00003394, Max: 0x00004000, ABSOLUTE)

    Exec Addr    Load Addr    Size         Type   Attr      Idx    E Section Name        Object

    0x10000000   0x10000000   0x000000cc   Data   RO         1047    RESET               startup_lpc17xx.o
    0x100000cc   0x100000cc   0x00000008   Code   RO         1096  * !!!main             c_w.l(__main.o)
    0x100000d4   0x100000d4   0x00000034   Code   RO         1496    !!!scatter          c_w.l(__scatter.o)
    0x10000108   0x10000108   0x0000001a   Code   RO         1498    !!handler_copy      c_w.l(__scatter_copy.o)
    0x10000122   0x10000122   0x00000002   PAD
    0x10000124   0x10000124   0x0000001c   Code   RO         1500    !!handler_zi        c_w.l(__scatter_zi.o)
    0x10000140   0x10000140   0x00000002   Code   RO         1193    .ARM.Collect$$libinit$$00000000  c_w.l(libinit.o)
    0x10000142   0x10000142   0x00000000   Code   RO         1242    .ARM.Collect$$libinit$$00000002  c_w.l(libinit2.o)
    0x10000142   0x10000142   0x00000000   Code   RO         1244    .ARM.Collect$$libinit$$00000004  c_w.l(libinit2.o)
    0x10000142   0x10000142   0x00000000   Code   RO         1247    .ARM.Collect$$libinit$$0000000A  c_w.l(libinit2.o)
    0x10000142   0x10000142   0x00000000   Code   RO         1249    .ARM.Collect$$libinit$$0000000C  c_w.l(libinit2.o)
    0x10000142   0x10000142   0x00000000   Code   RO         1251    .ARM.Collect$$libinit$$0000000E  c_w.l(libinit2.o)
    0x10000142   0x10000142   0x00000000   Code   RO         1254    .ARM.Collect$$libinit$$00000011  c_w.l(libinit2.o)
    0x10000142   0x10000142   0x00000000   Code   RO         1256    .ARM.Collect$$libinit$$00000013  c_w.l(libinit2.o)
    0x10000142   0x10000142   0x00000000   Code   RO         1258    .ARM.Collect$$libinit$$00000015  c_w.l(libinit2.o)
    0x10000142   0x10000142   0x00000000   Code   RO         1260    .ARM.Collect$$libinit$$00000017  c_w.l(libinit2.o)
    0x10000142   0x10000142   0x00000000   Code   RO         1262    .ARM.Collect$$libinit$$00000019  c_w.l(libinit2.o)
    0x10000142   0x10000142   0x00000000   Code   RO         1264    .ARM.Collect$$libinit$$0000001B  c_w.l(libinit2.o)
    0x10000142   0x10000142   0x00000000   Code   RO         1266    .ARM.Collect$$libinit$$0000001D  c_w.l(libinit2.o)
    0x10000142   0x10000142   0x00000000   Code   RO         1268    .ARM.Collect$$libinit$$0000001F  c_w.l(libinit2.o)
    0x10000142   0x10000142   0x00000000   Code   RO         1270    .ARM.Collect$$libinit$$00000021  c_w.l(libinit2.o)
    0x10000142   0x10000142   0x00000000   Code   RO         1272    .ARM.Collect$$libinit$$00000023  c_w.l(libinit2.o)
    0x10000142   0x10000142   0x00000000   Code   RO         1274    .ARM.Collect$$libinit$$00000025  c_w.l(libinit2.o)
    0x10000142   0x10000142   0x00000000   Code   RO         1278    .ARM.Collect$$libinit$$0000002C  c_w.l(libinit2.o)
    0x10000142   0x10000142   0x00000000   Code   RO         1280    .ARM.Collect$$libinit$$0000002E  c_w.l(libinit2.o)
    0x10000142   0x10000142   0x00000000   Code   RO         1282    .ARM.Collect$$libinit$$00000030  c_w.l(libinit2.o)
    0x10000142   0x10000142   0x00000000   Code   RO         1284    .ARM.Collect$$libinit$$00000032  c_w.l(libinit2.o)
    0x10000142   0x10000142   0x00000002   Code   RO         1285    .ARM.Collect$$libinit$$00000033  c_w.l(libinit2.o)
    0x10000144   0x10000144   0x00000002   Code   RO         1451    .ARM.Collect$$libshutdown$$00000000  c_w.l(libshutdown.o)
    0x10000146   0x10000146   0x00000000   Code   RO         1477    .ARM.Collect$$libshutdown$$00000002  c_w.l(libshutdown2.o)
    0x10000146   0x10000146   0x00000000   Code   RO         1479    .ARM.Collect$$libshutdown$$00000004  c_w.l(libshutdown2.o)
    0x10000146   0x10000146   0x00000000   Code   RO         1481    .ARM.Collect$$libshutdown$$00000006  c_w.l(libshutdown2.o)
    0x10000146   0x10000146   0x00000000   Code   RO         1484    .ARM.Collect$$libshutdown$$00000009  c_w.l(libshutdown2.o)
    0x10000146   0x10000146   0x00000000   Code   RO         1487    .ARM.Collect$$libshutdown$$0000000C  c_w.l(libshutdown2.o)
    0x10000146   0x10000146   0x00000000   Code   RO         1489    .ARM.Collect$$libshutdown$$0000000E  c_w.l(libshutdown2.o)
    0x10000146   0x10000146   0x00000000   Code   RO         1492    .ARM.Collect$$libshutdown$$00000011  c_w.l(libshutdown2.o)
    0x10000146   0x10000146   0x00000002   Code   RO         1493    .ARM.Collect$$libshutdown$$00000012  c_w.l(libshutdown2.o)
    0x10000148   0x10000148   0x00000000   Code   RO         1098    .ARM.Collect$$rtentry$$00000000  c_w.l(__rtentry.o)
    0x10000148   0x10000148   0x00000000   Code   RO         1104    .ARM.Collect$$rtentry$$00000002  c_w.l(__rtentry2.o)
    0x10000148   0x10000148   0x00000006   Code   RO         1116    .ARM.Collect$$rtentry$$00000004  c_w.l(__rtentry4.o)
    0x1000014e   0x1000014e   0x00000000   Code   RO         1106    .ARM.Collect$$rtentry$$00000009  c_w.l(__rtentry2.o)
    0x1000014e   0x1000014e   0x00000004   Code   RO         1107    .ARM.Collect$$rtentry$$0000000A  c_w.l(__rtentry2.o)
    0x10000152   0x10000152   0x00000000   Code   RO         1109    .ARM.Collect$$rtentry$$0000000C  c_w.l(__rtentry2.o)
    0x10000152   0x10000152   0x00000008   Code   RO         1110    .ARM.Collect$$rtentry$$0000000D  c_w.l(__rtentry2.o)
    0x1000015a   0x1000015a   0x00000002   Code   RO         1233    .ARM.Collect$$rtexit$$00000000  c_w.l(rtexit.o)
    0x1000015c   0x1000015c   0x00000000   Code   RO         1360    .ARM.Collect$$rtexit$$00000002  c_w.l(rtexit2.o)
    0x1000015c   0x1000015c   0x00000004   Code   RO         1361    .ARM.Collect$$rtexit$$00000003  c_w.l(rtexit2.o)
    0x10000160   0x10000160   0x00000006   Code   RO         1362    .ARM.Collect$$rtexit$$00000004  c_w.l(rtexit2.o)
    0x10000166   0x10000166   0x00000002   PAD
    0x10000168   0x10000168   0x00000008   Code   RO          239    .emb_text           hal.o
    0x10000170   0x10000170   0x00000032   Code   RO          616    .emb_text           k_task.o
    0x100001a2   0x100001a2   0x00000002   PAD
    0x100001a4   0x100001a4   0x0000003c   Code   RO         1048    .text               startup_lpc17xx.o
    0x100001e0   0x100001e0   0x00000006   Code   RO         1094    .text               c_w.l(heapauxi.o)
    0x100001e6   0x100001e6   0x0000004a   Code   RO         1180    .text               c_w.l(sys_stackheap_outer.o)
    0x10000230   0x10000230   0x00000012   Code   RO         1182    .text               c_w.l(exit.o)
    0x10000242   0x10000242   0x00000002   PAD
    0x10000244   0x10000244   0x00000008   Code   RO         1230    .text               c_w.l(libspace.o)
    0x1000024c   0x1000024c   0x0000000c   Code   RO         1357    .text               c_w.l(sys_exit.o)
    0x10000258   0x10000258   0x00000002   Code   RO         1440    .text               c_w.l(use_no_semi.o)
    0x1000025a   0x1000025a   0x00000000   Code   RO         1442    .text               c_w.l(indicate_semi.o)
    0x1000025a   0x1000025a   0x00000002   PAD
    0x1000025c   0x1000025c   0x00000030   Code   RO         1374    i.HardFault_Handler  ae-lib-sim.lib(ae_util.o)
    0x1000028c   0x1000028c   0x00000128   Code   RO          240    i.SVC_Handler       hal.o
    0x100003b4   0x100003b4   0x00000140   Code   RO         1056    i.SystemInit        system_lpc17xx.o
    0x100004f4   0x100004f4   0x00000018   Code   RO          187    i.TIMER0_IRQHandler  timer.o
    0x1000050c   0x1000050c   0x00000134   Code   RO           87    i.UART0_IRQHandler  uart_irq.o
    0x10000640   0x10000640   0x00000022   Code   RO           88    i.__NVIC_EnableIRQ  uart_irq.o
    0x10000662   0x10000662   0x00000002   PAD
    0x10000664   0x10000664   0x00000028   Code   RO           89    i.__NVIC_SetPriority  uart_irq.o
    0x1000068c   0x1000068c   0x00000032   Code   RO          869    i.a2d               printf.o
    0x100006be   0x100006be   0x0000003a   Code   RO          870    i.a2i               printf.o
    0x100006f8   0x100006f8   0x00000004   Code   RO         1194    i.ae_exit           ae-lib-sim.lib(ae.o)
    0x100006fc   0x100006fc   0x00000030   Code   RO         1195    i.ae_init           ae-lib-sim.lib(ae.o)
    0x1000072c   0x1000072c   0x00000016   Code   RO         1196    i.ae_set_init_tasks_info  ae-lib-sim.lib(ae.o)
    0x10000742   0x10000742   0x00000016   Code   RO         1197    i.ae_set_sys_info   ae-lib-sim.lib(ae.o)
    0x10000758   0x10000758   0x0000009c   Code   RO          297    i.checkMemAllocated  k_mem.o
    0x100007f4   0x100007f4   0x00000012   Code   RO          298    i.computeBitArrayIndex  k_mem.o
    0x10000806   0x10000806   0x00000018   Code   RO          299    i.computeBuddyLevelIndex  k_mem.o
    0x1000081e   0x1000081e   0x00000012   Code   RO         1375    i.count_set_bits    ae-lib-sim.lib(ae_util.o)
    0x10000830   0x10000830   0x0000003a   Code   RO          301    i.expoToLevel       k_mem.o
    0x1000086a   0x1000086a   0x0000001c   Code   RO          302    i.findNextK         k_mem.o
    0x10000886   0x10000886   0x00000002   PAD
    0x10000888   0x10000888   0x0000004c   Code   RO         1286    i.gen_req0          ae-lib-sim.lib(ae_tasks77_g27.c.o)
    0x100008d4   0x100008d4   0x00000020   Code   RO          871    i.i2a               printf.o
    0x100008f4   0x100008f4   0x00000034   Code   RO          749    i.ind               queue.o
    0x10000928   0x10000928   0x0000007c   Code   RO         1287    i.init_ae_tsk_test  ae-lib-sim.lib(ae_tasks77_g27.c.o)
    0x100009a4   0x100009a4   0x00000014   Code   RO          872    i.init_printf       printf.o
    0x100009b8   0x100009b8   0x00000030   Code   RO          303    i.k_alloc_k_stack   k_mem.o
    0x100009e8   0x100009e8   0x0000002c   Code   RO          304    i.k_alloc_p_stack   k_mem.o
    0x10000a14   0x10000a14   0x00000078   Code   RO          432    i.k_mbx_create      k_msg.o
    0x10000a8c   0x10000a8c   0x00000060   Code   RO          433    i.k_mbx_get         k_msg.o
    0x10000aec   0x10000aec   0x00000050   Code   RO          434    i.k_mbx_ls          k_msg.o
    0x10000b3c   0x10000b3c   0x00000040   Code   RO          305    i.k_mem_init        k_mem.o
    0x10000b7c   0x10000b7c   0x00000160   Code   RO          306    i.k_mpool_alloc     k_mem.o
    0x10000cdc   0x10000cdc   0x000000a4   Code   RO          307    i.k_mpool_create    k_mem.o
    0x10000d80   0x10000d80   0x000003c0   Code   RO          308    i.k_mpool_dealloc   k_mem.o
    0x10001140   0x10001140   0x00000094   Code   RO          309    i.k_mpool_dump      k_mem.o
    0x100011d4   0x100011d4   0x00000030   Code   RO          572    i.k_pre_rtx_init    k_rtx_init.o
    0x10001204   0x10001204   0x00000012   Code   RO          435    i.k_recv_msg        k_msg.o
    0x10001216   0x10001216   0x00000012   Code   RO          436    i.k_recv_msg_nb     k_msg.o
    0x10001228   0x10001228   0x000001c0   Code   RO          437    i.k_recv_msg_shared  k_msg.o
    0x100013e8   0x100013e8   0x0000001a   Code   RO          617    i.k_rt_tsk_get      k_task.o
    0x10001402   0x10001402   0x00000006   Code   RO          618    i.k_rt_tsk_set      k_task.o
    0x10001408   0x10001408   0x00000004   Code   RO          619    i.k_rt_tsk_susp     k_task.o
    0x1000140c   0x1000140c   0x00000038   Code   RO          573    i.k_rtx_init        k_rtx_init.o
    0x10001444   0x10001444   0x0000004c   Code   RO          438    i.k_send_msg        k_msg.o
    0x10001490   0x10001490   0x00000012   Code   RO          439    i.k_send_msg_nb     k_msg.o
    0x100014a2   0x100014a2   0x00000002   PAD
    0x100014a4   0x100014a4   0x000001c8   Code   RO          440    i.k_send_msg_shared  k_msg.o
    0x1000166c   0x1000166c   0x000000f8   Code   RO          620    i.k_tsk_create      k_task.o
    0x10001764   0x10001764   0x000000fc   Code   RO          621    i.k_tsk_create_new  k_task.o
    0x10001860   0x10001860   0x000000f0   Code   RO          622    i.k_tsk_exit        k_task.o
    0x10001950   0x10001950   0x000000c0   Code   RO          623    i.k_tsk_get         k_task.o
    0x10001a10   0x10001a10   0x0000000c   Code   RO          624    i.k_tsk_gettid      k_task.o
    0x10001a1c   0x10001a1c   0x0000010c   Code   RO          625    i.k_tsk_init        k_task.o
    0x10001b28   0x10001b28   0x0000001c   Code   RO          626    i.k_tsk_init_cdisp  k_task.o
    0x10001b44   0x10001b44   0x0000001c   Code   RO          627    i.k_tsk_init_first  k_task.o
    0x10001b60   0x10001b60   0x0000001c   Code   RO          628    i.k_tsk_init_kcd    k_task.o
    0x10001b7c   0x10001b7c   0x00000064   Code   RO          629    i.k_tsk_ls          k_task.o
    0x10001be0   0x10001be0   0x00000054   Code   RO          630    i.k_tsk_run_new     k_task.o
    0x10001c34   0x10001c34   0x000001c0   Code   RO          631    i.k_tsk_set_prio    k_task.o
    0x10001df4   0x10001df4   0x00000060   Code   RO          632    i.k_tsk_yield       k_task.o
    0x10001e54   0x10001e54   0x0000006c   Code   RO          441    i.mailbox_free      k_msg.o
    0x10001ec0   0x10001ec0   0x0000003a   Code   RO          442    i.mailbox_init      k_msg.o
    0x10001efa   0x10001efa   0x00000002   PAD
    0x10001efc   0x10001efc   0x00000030   Code   RO          443    i.mailbox_init_all  k_msg.o
    0x10001f2c   0x10001f2c   0x00000070   Code   RO         1122    i.main              ae-lib-sim.lib(main.o)
    0x10001f9c   0x10001f9c   0x000000ac   Code   RO          310    i.markMemAllocated  k_mem.o
    0x10002048   0x10002048   0x00000090   Code   RO          311    i.markMemFree       k_mem.o
    0x100020d8   0x100020d8   0x00000018   Code   RO          444    i.memcpy            k_msg.o
    0x100020f0   0x100020f0   0x00000022   Code   RO          750    i.peek              queue.o
    0x10002112   0x10002112   0x00000048   Code   RO          751    i.pop               queue.o
    0x1000215a   0x1000215a   0x00000008   Code   RO          312    i.pow2              k_mem.o
    0x10002162   0x10002162   0x0000001e   Code   RO          752    i.pq_init           queue.o
    0x10002180   0x10002180   0x00000086   Code   RO          753    i.pq_modify_priority  queue.o
    0x10002206   0x10002206   0x00000054   Code   RO          754    i.pq_push_back      queue.o
    0x1000225a   0x1000225a   0x0000004c   Code   RO          755    i.pq_push_front     queue.o
    0x100022a6   0x100022a6   0x00000002   PAD
    0x100022a8   0x100022a8   0x00000030   Code   RO          313    i.printFreeList     k_mem.o
    0x100022d8   0x100022d8   0x00000070   Code   RO         1376    i.print_log         ae-lib-sim.lib(ae_util.o)
    0x10002348   0x10002348   0x00000120   Code   RO         1377    i.print_results     ae-lib-sim.lib(ae_util.o)
    0x10002468   0x10002468   0x0000002c   Code   RO         1378    i.print_summary     ae-lib-sim.lib(ae_util.o)
    0x10002494   0x10002494   0x0000000e   Code   RO         1288    i.priv_task1        ae-lib-sim.lib(ae_tasks77_g27.c.o)
    0x100024a2   0x100024a2   0x00000002   PAD
    0x100024a4   0x100024a4   0x00000038   Code   RO         1379    i.process_sub_result  ae-lib-sim.lib(ae_util.o)
    0x100024dc   0x100024dc   0x00000044   Code   RO            4    i.putc              uart_polling.o
    0x10002520   0x10002520   0x00000052   Code   RO          873    i.putchw            printf.o
    0x10002572   0x10002572   0x0000000a   Code   RO          874    i.putcp             printf.o
    0x1000257c   0x1000257c   0x0000007e   Code   RO          445    i.ring_buf_add      k_msg.o
    0x100025fa   0x100025fa   0x0000000e   Code   RO          446    i.ring_buf_empty    k_msg.o
    0x10002608   0x10002608   0x0000000e   Code   RO          447    i.ring_buf_free     k_msg.o
    0x10002616   0x10002616   0x0000002a   Code   RO          448    i.ring_buf_init     k_msg.o
    0x10002640   0x10002640   0x0000000a   Code   RO          449    i.ring_buf_remaining  k_msg.o
    0x1000264a   0x1000264a   0x0000008e   Code   RO          450    i.ring_buf_remove   k_msg.o
    0x100026d8   0x100026d8   0x00000098   Code   RO          633    i.scheduler         k_task.o
    0x10002770   0x10002770   0x0000001c   Code   RO         1289    i.set_ae_init_tasks  ae-lib-sim.lib(ae_tasks77_g27.c.o)
    0x1000278c   0x1000278c   0x00000048   Code   RO         1290    i.set_ae_tasks      ae-lib-sim.lib(ae_tasks77_g27.c.o)
    0x100027d4   0x100027d4   0x00000020   Code   RO          968    i.str_cmp           kcd_task.o
    0x100027f4   0x100027f4   0x00000010   Code   RO          969    i.str_len           kcd_task.o
    0x10002804   0x10002804   0x00000020   Code   RO         1380    i.strcpy            ae-lib-sim.lib(ae_util.o)
    0x10002824   0x10002824   0x00000038   Code   RO         1291    i.task0             ae-lib-sim.lib(ae_tasks77_g27.c.o)
    0x1000285c   0x1000285c   0x00000064   Code   RO          934    i.task_cdisp        cdisp_task.o
    0x100028c0   0x100028c0   0x000002e8   Code   RO          970    i.task_kcd          kcd_task.o
    0x10002ba8   0x10002ba8   0x00000006   Code   RO         1008    i.task_null         null_task.o
    0x10002bae   0x10002bae   0x00000002   PAD
    0x10002bb0   0x10002bb0   0x00000218   Code   RO         1292    i.test0_start       ae-lib-sim.lib(ae_tasks77_g27.c.o)
    0x10002dc8   0x10002dc8   0x0000006c   Code   RO         1381    i.test_abort        ae-lib-sim.lib(ae_util.o)
    0x10002e34   0x10002e34   0x00000024   Code   RO         1382    i.test_exit         ae-lib-sim.lib(ae_util.o)
    0x10002e58   0x10002e58   0x00000128   Code   RO          875    i.tfp_format        printf.o
    0x10002f80   0x10002f80   0x0000002c   Code   RO          876    i.tfp_printf        printf.o
    0x10002fac   0x10002fac   0x0000002c   Code   RO          877    i.tfp_sprintf       printf.o
    0x10002fd8   0x10002fd8   0x00000078   Code   RO          314    i.topDownTraverseFreeLists  k_mem.o
    0x10003050   0x10003050   0x0000006c   Code   RO            6    i.uart_init         uart_polling.o
    0x100030bc   0x100030bc   0x0000009c   Code   RO           90    i.uart_irq_init     uart_irq.o
    0x10003158   0x10003158   0x00000034   Code   RO            7    i.uart_put_char     uart_polling.o
    0x1000318c   0x1000318c   0x00000026   Code   RO            8    i.uart_put_string   uart_polling.o
    0x100031b2   0x100031b2   0x00000056   Code   RO          878    i.ui2a              printf.o
    0x10003208   0x10003208   0x00000018   Code   RO         1293    i.update_ae_xtest   ae-lib-sim.lib(ae_tasks77_g27.c.o)
    0x10003220   0x10003220   0x0000000e   Code   RO          762    i.waiting_pq_empty  queue.o
    0x1000322e   0x1000322e   0x0000000a   Code   RO          763    i.waiting_pq_init   queue.o
    0x10003238   0x10003238   0x00000044   Code   RO          764    i.waiting_pq_move_to_end  queue.o
    0x1000327c   0x1000327c   0x0000002e   Code   RO          765    i.waiting_pq_peek   queue.o
    0x100032aa   0x100032aa   0x00000084   Code   RO          766    i.waiting_pq_pop    queue.o
    0x1000332e   0x1000332e   0x0000002a   Code   RO          767    i.waiting_pq_push   queue.o
    0x10003358   0x10003358   0x0000001b   Data   RO         1295    .constdata          ae-lib-sim.lib(ae_tasks77_g27.c.o)
    0x10003373   0x10003373   0x00000001   PAD
    0x10003374   0x10003374   0x00000020   Data   RO         1494    Region$$Table       anon$$obj.o


    Execution Region RW_IRAM1 (Exec base: 0x10004000, Load base: 0x10003394, Size: 0x00000cd0, Max: 0x00003000, ABSOLUTE)

    Exec Addr    Load Addr    Size         Type   Attr      Idx    E Section Name        Object

    0x10004000   0x10003394   0x00000010   Data   RW           92    .data               uart_irq.o
    0x10004010   0x100033a4   0x00000004   Data   RW          191    .data               timer.o
    0x10004014   0x100033a8   0x00000004   Data   RW          317    .data               k_mem.o
    0x10004018   0x100033ac   0x00000004   Data   RW          574    .data               k_rtx_init.o
    0x1000401c   0x100033b0   0x0000001c   Data   RW          635    .data               k_task.o
    0x10004038   0x100033cc   0x00000008   Data   RW          879    .data               printf.o
    0x10004040   0x100033d4   0x00000004   Data   RW          935    .data               cdisp_task.o
    0x10004044   0x100033d8   0x00000004   Data   RW          972    .data               kcd_task.o
    0x10004048   0x100033dc   0x00000010   Data   RW         1123    .data               ae-lib-sim.lib(main.o)
    0x10004058   0x100033ec   0x00000009   Data   RW         1296    .data               ae-lib-sim.lib(ae_tasks77_g27.c.o)
    0x10004061   0x100033f5   0x00000003   PAD
    0x10004064        -       0x000000a0   Zero   RW           91    .bss                uart_irq.o
    0x10004104   0x100033f5   0x00000004   PAD
    0x10004108        -       0x0000036c   Zero   RW          315    .bss                k_mem.o
    0x10004474        -       0x00000268   Zero   RW          451    .bss                k_msg.o
    0x100046dc        -       0x000001b8   Zero   RW          634    .bss                k_task.o
    0x10004894        -       0x000000fe   Zero   RW          971    .bss                kcd_task.o
    0x10004992   0x100033f5   0x00000002   PAD
    0x10004994        -       0x00000060   Zero   RW         1231    .bss                c_w.l(libspace.o)
    0x100049f4        -       0x000000d8   Zero   RW         1294    .bss                ae-lib-sim.lib(ae_tasks77_g27.c.o)
    0x10004acc   0x100033f5   0x00000004   PAD
    0x10004ad0        -       0x00000000   Zero   RW         1046    HEAP                startup_lpc17xx.o
    0x10004ad0        -       0x00000200   Zero   RW         1045    STACK               startup_lpc17xx.o


==============================================================================

Image component sizes


      Code (inc. data)   RO Data    RW Data    ZI Data      Debug   Object Name

       100         14          0          4          0       1525   cdisp_task.o
       304         24          0          0          0       5798   hal.o
      2556        194          0          4        876      15192   k_mem.o
      1916        104          0          0        616      14034   k_msg.o
       104          6          0          4          0       5694   k_rtx_init.o
      2262        210          0         28        440      16722   k_task.o
       792        164          0          4        254       3308   kcd_task.o
         6          0          0          0          0        432   null_task.o
       722         26          0          8          0       6838   printf.o
       794          0          0          0          0       8636   queue.o
        60         22        204          0        512        824   startup_lpc17xx.o
       320         18          0          0          0        609   system_lpc17xx.o
        24          4          0          4          0       1520   timer.o
       538         62          0         16        160       6893   uart_irq.o
       266         62          0          0          0      24341   uart_polling.o

    ----------------------------------------------------------------------
     10778        910        236         72       2864     112366   Object Totals
         0          0         32          0          0          0   (incl. Generated)
        14          0          0          0          6          0   (incl. Padding)

    ----------------------------------------------------------------------

      Code (inc. data)   RO Data    RW Data    ZI Data      Debug   Library Member Name

        96          0          0          0          0       5063   ae.o
       930        270         27          9        216       6559   ae_tasks77_g27.c.o
       742        390          0          0          0       6038   ae_util.o
       112         22          0         16          0       4963   main.o
         8          0          0          0          0         68   __main.o
         0          0          0          0          0          0   __rtentry.o
        12          0          0          0          0          0   __rtentry2.o
         6          0          0          0          0          0   __rtentry4.o
        52          8          0          0          0          0   __scatter.o
        26          0          0          0          0          0   __scatter_copy.o
        28          0          0          0          0          0   __scatter_zi.o
        18          0          0          0          0         80   exit.o
         6          0          0          0          0        152   heapauxi.o
         0          0          0          0          0          0   indicate_semi.o
         2          0          0          0          0          0   libinit.o
         2          0          0          0          0          0   libinit2.o
         2          0          0          0          0          0   libshutdown.o
         2          0          0          0          0          0   libshutdown2.o
         8          4          0          0         96         68   libspace.o
         2          0          0          0          0          0   rtexit.o
        10          0          0          0          0          0   rtexit2.o
        12          4          0          0          0         68   sys_exit.o
        74          0          0          0          0         80   sys_stackheap_outer.o
         2          0          0          0          0         68   use_no_semi.o

    ----------------------------------------------------------------------
      2162        698         28         28        316      23207   Library Totals
        10          0          1          3          4          0   (incl. Padding)

    ----------------------------------------------------------------------

      Code (inc. data)   RO Data    RW Data    ZI Data      Debug   Library Name

      1880        682         27         25        216      22623   ae-lib-sim.lib
       272         16          0          0         96        584   c_w.l

    ----------------------------------------------------------------------
      2162        698         28         28        316      23207   Library Totals

    ----------------------------------------------------------------------

==============================================================================


      Code (inc. data)   RO Data    RW Data    ZI Data      Debug   

     12940       1608        264        100       3180     129537   Grand Totals
     12940       1608        264        100       3180     129537   ELF Image Totals
     12940       1608        264        100          0          0   ROM Totals

==============================================================================

    Total RO  Size (Code + RO Data)                13204 (  12.89kB)
    Total RW  Size (RW Data + ZI Data)              3280 (   3.20kB)
    Total ROM Size (Code + RO Data + RW Data)      13304 (  12.99kB)

==============================================================================

